{
    "-profile test": {
        "content": [
            {
                "ABACAS": {
                    "abacas": "1.3.1"
                },
                "BANDAGE_IMAGE": {
                    "bandage": "0.9.0"
                },
                "BCFTOOLS_CONSENSUS": {
                    "bcftools": "1.23.1"
                },
                "BCFTOOLS_FILTER": {
                    "bcftools": "1.23.1"
                },
                "BCFTOOLS_QUERY": {
                    "bcftools": "1.23.1"
                },
                "BCFTOOLS_SORT": {
                    "bcftools": "1.23.1"
                },
                "BCFTOOLS_STATS": {
                    "bcftools": "1.23.1"
                },
                "BEDTOOLS_GETFASTA": {
                    "bedtools": "2.31.1"
                },
                "BEDTOOLS_MASKFASTA": {
                    "bedtools": "2.31.1"
                },
                "BEDTOOLS_MERGE": {
                    "bedtools": "2.31.1"
                },
                "BLAST_BLASTN": {
                    "blastn": "2.17.0+"
                },
                "BLAST_MAKEBLASTDB": {
                    "makeblastdb": "2.17.0+"
                },
                "BOWTIE2_ALIGN": {
                    "bowtie2": "2.5.4",
                    "pigz": 2.8,
                    "samtools": 1.21
                },
                "BOWTIE2_BUILD": {
                    "bowtie2": "2.5.4"
                },
                "CAT_FASTQ": {
                    "cat": 9.5
                },
                "COLLAPSE_PRIMERS": {
                    "python": "3.13.2"
                },
                "CUTADAPT": {
                    "cutadapt": 5.2
                },
                "FASTP": {
                    "fastp": "1.1.0"
                },
                "FASTQC": {
                    "fastqc": "0.12.1"
                },
                "FASTQC_RAW": {
                    "fastqc": "0.12.1"
                },
                "FASTQC_TRIM": {
                    "fastqc": "0.12.1"
                },
                "FILTER_BLASTN": {
                    "sed": 4.9
                },
                "FREYJA_BOOT": {
                    "freyja": "2.0.3"
                },
                "FREYJA_DEMIX": {
                    "freyja": "2.0.3"
                },
                "FREYJA_VARIANTS": {
                    "freyja": "2.0.3"
                },
                "GUNZIP_FASTA": {
                    "gunzip": 1.13
                },
                "GUNZIP_GFA": {
                    "gunzip": 1.13
                },
                "GUNZIP_GFF": {
                    "gunzip": 1.13
                },
                "GUNZIP_SCAFFOLDS": {
                    "gunzip": 1.13
                },
                "IVAR_TRIM": {
                    "ivar": "1.4.4"
                },
                "IVAR_VARIANTS": {
                    "ivar": "1.4.4"
                },
                "IVAR_VARIANTS_TO_VCF": {
                    "python": "3.13.2"
                },
                "KRAKEN2_KRAKEN2": {
                    "kraken2": "2.1.6",
                    "pigz": 2.8
                },
                "MAKE_BED_MASK": {
                    "python": "3.9.5",
                    "samtools": 1.14
                },
                "MAKE_VARIANTS_LONG_TABLE": {
                    "python": "3.13.2"
                },
                "MOSDEPTH_AMPLICON": {
                    "gzip": 1.14,
                    "mosdepth": "0.3.14"
                },
                "MOSDEPTH_GENOME": {
                    "gzip": 1.14,
                    "mosdepth": "0.3.14"
                },
                "PANGOLIN_RUN": {
                    "pangolin": "4.3.1"
                },
                "PICARD_COLLECTMULTIPLEMETRICS": {
                    "picard": "3.4.0"
                },
                "PLOT_MOSDEPTH_REGIONS_AMPLICON": {
                    "r-base": "4.2.0"
                },
                "PLOT_MOSDEPTH_REGIONS_GENOME": {
                    "r-base": "4.2.0"
                },
                "PREPARE_PRIMER_FASTA": {
                    "sed": 4.9
                },
                "QUAST": {
                    "quast": "5.3.0"
                },
                "RENAME_FASTA_HEADER": {
                    "sed": 4.9
                },
                "SAMTOOLS_FAIDX": {
                    "samtools": "1.23.1"
                },
                "SAMTOOLS_FLAGSTAT": {
                    "samtools": "1.23.1"
                },
                "SAMTOOLS_IDXSTATS": {
                    "samtools": "1.23.1"
                },
                "SAMTOOLS_INDEX": {
                    "samtools": "1.23.1"
                },
                "SAMTOOLS_SORT": {
                    "samtools": "1.23.1"
                },
                "SAMTOOLS_STATS": {
                    "samtools": "1.23.1"
                },
                "SNPEFF_ANN": {
                    "snpeff": "5.0e"
                },
                "SNPEFF_BUILD": {
                    "snpeff": "5.0e"
                },
                "SNPSIFT_EXTRACTFIELDS": {
                    "snpsift": 4.3
                },
                "SPADES": {
                    "spades": "4.1.0"
                },
                "TABIX_BGZIP": {
                    "tabix": 1.21
                },
                "TABIX_TABIX": {
                    "tabix": 1.21
                },
                "UNICYCLER": {
                    "unicycler": "0.5.1"
                },
                "UNTAR_KRAKEN2_DB": {
                    "untar": 1.34
                },
                "UNTAR_NEXTCLADE_DB": {
                    "untar": 1.34
                },
                "UNTAR_PANGODB": {
                    "untar": 1.34
                },
                "Workflow": {
                    "nf-core/viralrecon": "v3.1.0dev"
                }
            },
            [
                "assembly",
                "assembly/cutadapt",
                "assembly/cutadapt/fastqc",
                "assembly/cutadapt/fastqc/SAMPLE1_PE.primer_trim_1_fastqc.html",
                "assembly/cutadapt/fastqc/SAMPLE1_PE.primer_trim_1_fastqc.zip",
                "assembly/cutadapt/fastqc/SAMPLE1_PE.primer_trim_2_fastqc.html",
                "assembly/cutadapt/fastqc/SAMPLE1_PE.primer_trim_2_fastqc.zip",
                "assembly/cutadapt/fastqc/SAMPLE2_PE.primer_trim_1_fastqc.html",
                "assembly/cutadapt/fastqc/SAMPLE2_PE.primer_trim_1_fastqc.zip",
                "assembly/cutadapt/fastqc/SAMPLE2_PE.primer_trim_2_fastqc.html",
                "assembly/cutadapt/fastqc/SAMPLE2_PE.primer_trim_2_fastqc.zip",
                "assembly/cutadapt/fastqc/SAMPLE3_SE.primer_trim_fastqc.html",
                "assembly/cutadapt/fastqc/SAMPLE3_SE.primer_trim_fastqc.zip",
                "assembly/cutadapt/log",
                "assembly/cutadapt/log/SAMPLE1_PE.primer_trim.cutadapt.log",
                "assembly/cutadapt/log/SAMPLE2_PE.primer_trim.cutadapt.log",
                "assembly/cutadapt/log/SAMPLE3_SE.primer_trim.cutadapt.log",
                "assembly/spades",
                "assembly/spades/rnaviral",
                "assembly/spades/rnaviral/SAMPLE1_PE.assembly.gfa.gz",
                "assembly/spades/rnaviral/SAMPLE1_PE.contigs.fa.gz",
                "assembly/spades/rnaviral/SAMPLE1_PE.scaffolds.fa.gz",
                "assembly/spades/rnaviral/SAMPLE2_PE.assembly.gfa.gz",
                "assembly/spades/rnaviral/SAMPLE2_PE.contigs.fa.gz",
                "assembly/spades/rnaviral/SAMPLE2_PE.scaffolds.fa.gz",
                "assembly/spades/rnaviral/SAMPLE3_SE.assembly.gfa.gz",
                "assembly/spades/rnaviral/SAMPLE3_SE.contigs.fa.gz",
                "assembly/spades/rnaviral/SAMPLE3_SE.scaffolds.fa.gz",
                "assembly/spades/rnaviral/abacas",
                "assembly/spades/rnaviral/abacas/SAMPLE1_PE.abacas.MULTIFASTA.fa",
                "assembly/spades/rnaviral/abacas/SAMPLE1_PE.abacas.bin",
                "assembly/spades/rnaviral/abacas/SAMPLE1_PE.abacas.crunch",
                "assembly/spades/rnaviral/abacas/SAMPLE1_PE.abacas.fasta",
                "assembly/spades/rnaviral/abacas/SAMPLE1_PE.abacas.gaps",
                "assembly/spades/rnaviral/abacas/SAMPLE1_PE.abacas.gaps.tab",
                "assembly/spades/rnaviral/abacas/SAMPLE1_PE.abacas.nucmer.delta",
                "assembly/spades/rnaviral/abacas/SAMPLE1_PE.abacas.nucmer.filtered.delta",
                "assembly/spades/rnaviral/abacas/SAMPLE1_PE.abacas.nucmer.tiling",
                "assembly/spades/rnaviral/abacas/SAMPLE1_PE.abacas.tab",
                "assembly/spades/rnaviral/abacas/SAMPLE1_PE.abacas.unused.contigs.out",
                "assembly/spades/rnaviral/abacas/SAMPLE2_PE.abacas.MULTIFASTA.fa",
                "assembly/spades/rnaviral/abacas/SAMPLE2_PE.abacas.bin",
                "assembly/spades/rnaviral/abacas/SAMPLE2_PE.abacas.crunch",
                "assembly/spades/rnaviral/abacas/SAMPLE2_PE.abacas.fasta",
                "assembly/spades/rnaviral/abacas/SAMPLE2_PE.abacas.gaps",
                "assembly/spades/rnaviral/abacas/SAMPLE2_PE.abacas.gaps.tab",
                "assembly/spades/rnaviral/abacas/SAMPLE2_PE.abacas.nucmer.delta",
                "assembly/spades/rnaviral/abacas/SAMPLE2_PE.abacas.nucmer.filtered.delta",
                "assembly/spades/rnaviral/abacas/SAMPLE2_PE.abacas.nucmer.tiling",
                "assembly/spades/rnaviral/abacas/SAMPLE2_PE.abacas.tab",
                "assembly/spades/rnaviral/abacas/SAMPLE2_PE.abacas.unused.contigs.out",
                "assembly/spades/rnaviral/abacas/SAMPLE3_SE.abacas.MULTIFASTA.fa",
                "assembly/spades/rnaviral/abacas/SAMPLE3_SE.abacas.bin",
                "assembly/spades/rnaviral/abacas/SAMPLE3_SE.abacas.crunch",
                "assembly/spades/rnaviral/abacas/SAMPLE3_SE.abacas.fasta",
                "assembly/spades/rnaviral/abacas/SAMPLE3_SE.abacas.gaps",
                "assembly/spades/rnaviral/abacas/SAMPLE3_SE.abacas.gaps.tab",
                "assembly/spades/rnaviral/abacas/SAMPLE3_SE.abacas.nucmer.delta",
                "assembly/spades/rnaviral/abacas/SAMPLE3_SE.abacas.nucmer.filtered.delta",
                "assembly/spades/rnaviral/abacas/SAMPLE3_SE.abacas.nucmer.tiling",
                "assembly/spades/rnaviral/abacas/SAMPLE3_SE.abacas.tab",
                "assembly/spades/rnaviral/abacas/SAMPLE3_SE.abacas.unused.contigs.out",
                "assembly/spades/rnaviral/bandage",
                "assembly/spades/rnaviral/bandage/SAMPLE1_PE.png",
                "assembly/spades/rnaviral/bandage/SAMPLE1_PE.svg",
                "assembly/spades/rnaviral/bandage/SAMPLE2_PE.png",
                "assembly/spades/rnaviral/bandage/SAMPLE2_PE.svg",
                "assembly/spades/rnaviral/bandage/SAMPLE3_SE.png",
                "assembly/spades/rnaviral/bandage/SAMPLE3_SE.svg",
                "assembly/spades/rnaviral/blastn",
                "assembly/spades/rnaviral/blastn/SAMPLE1_PE.filter.blastn.txt",
                "assembly/spades/rnaviral/blastn/SAMPLE1_PE.results.blastn.txt",
                "assembly/spades/rnaviral/blastn/SAMPLE2_PE.filter.blastn.txt",
                "assembly/spades/rnaviral/blastn/SAMPLE2_PE.results.blastn.txt",
                "assembly/spades/rnaviral/blastn/SAMPLE3_SE.filter.blastn.txt",
                "assembly/spades/rnaviral/blastn/SAMPLE3_SE.results.blastn.txt",
                "assembly/spades/rnaviral/log",
                "assembly/spades/rnaviral/log/SAMPLE1_PE.spades.log",
                "assembly/spades/rnaviral/log/SAMPLE2_PE.spades.log",
                "assembly/spades/rnaviral/log/SAMPLE3_SE.spades.log",
                "assembly/spades/rnaviral/quast.spades",
                "assembly/spades/rnaviral/quast.spades/aligned_stats",
                "assembly/spades/rnaviral/quast.spades/aligned_stats/NAx_plot.pdf",
                "assembly/spades/rnaviral/quast.spades/aligned_stats/NGAx_plot.pdf",
                "assembly/spades/rnaviral/quast.spades/aligned_stats/cumulative_plot.pdf",
                "assembly/spades/rnaviral/quast.spades/basic_stats",
                "assembly/spades/rnaviral/quast.spades/basic_stats/GC_content_plot.pdf",
                "assembly/spades/rnaviral/quast.spades/basic_stats/NGx_plot.pdf",
                "assembly/spades/rnaviral/quast.spades/basic_stats/Nx_plot.pdf",
                "assembly/spades/rnaviral/quast.spades/basic_stats/SAMPLE1_PE-scaffolds_coverage_histogram.pdf",
                "assembly/spades/rnaviral/quast.spades/basic_stats/SAMPLE1_PE.scaffolds_GC_content_plot.pdf",
                "assembly/spades/rnaviral/quast.spades/basic_stats/SAMPLE2_PE-scaffolds_coverage_histogram.pdf",
                "assembly/spades/rnaviral/quast.spades/basic_stats/SAMPLE2_PE.scaffolds_GC_content_plot.pdf",
                "assembly/spades/rnaviral/quast.spades/basic_stats/SAMPLE3_SE-scaffolds_coverage_histogram.pdf",
                "assembly/spades/rnaviral/quast.spades/basic_stats/SAMPLE3_SE.scaffolds_GC_content_plot.pdf",
                "assembly/spades/rnaviral/quast.spades/basic_stats/coverage_histogram.pdf",
                "assembly/spades/rnaviral/quast.spades/basic_stats/cumulative_plot.pdf",
                "assembly/spades/rnaviral/quast.spades/basic_stats/gc.icarus.txt",
                "assembly/spades/rnaviral/quast.spades/contigs_reports",
                "assembly/spades/rnaviral/quast.spades/contigs_reports/SAMPLE1_PE-scaffolds.mis_contigs.fa",
                "assembly/spades/rnaviral/quast.spades/contigs_reports/SAMPLE1_PE-scaffolds.misassemblies.gff",
                "assembly/spades/rnaviral/quast.spades/contigs_reports/SAMPLE2_PE-scaffolds.mis_contigs.fa",
                "assembly/spades/rnaviral/quast.spades/contigs_reports/SAMPLE2_PE-scaffolds.misassemblies.gff",
                "assembly/spades/rnaviral/quast.spades/contigs_reports/SAMPLE3_SE-scaffolds.mis_contigs.fa",
                "assembly/spades/rnaviral/quast.spades/contigs_reports/SAMPLE3_SE-scaffolds.misassemblies.gff",
                "assembly/spades/rnaviral/quast.spades/contigs_reports/all_alignments_SAMPLE1_PE-scaffolds.tsv",
                "assembly/spades/rnaviral/quast.spades/contigs_reports/all_alignments_SAMPLE2_PE-scaffolds.tsv",
                "assembly/spades/rnaviral/quast.spades/contigs_reports/all_alignments_SAMPLE3_SE-scaffolds.tsv",
                "assembly/spades/rnaviral/quast.spades/contigs_reports/contigs_report_SAMPLE1_PE-scaffolds.mis_contigs.info",
                "assembly/spades/rnaviral/quast.spades/contigs_reports/contigs_report_SAMPLE1_PE-scaffolds.stderr",
                "assembly/spades/rnaviral/quast.spades/contigs_reports/contigs_report_SAMPLE1_PE-scaffolds.stdout",
                "assembly/spades/rnaviral/quast.spades/contigs_reports/contigs_report_SAMPLE1_PE-scaffolds.unaligned.info",
                "assembly/spades/rnaviral/quast.spades/contigs_reports/contigs_report_SAMPLE2_PE-scaffolds.mis_contigs.info",
                "assembly/spades/rnaviral/quast.spades/contigs_reports/contigs_report_SAMPLE2_PE-scaffolds.stderr",
                "assembly/spades/rnaviral/quast.spades/contigs_reports/contigs_report_SAMPLE2_PE-scaffolds.stdout",
                "assembly/spades/rnaviral/quast.spades/contigs_reports/contigs_report_SAMPLE2_PE-scaffolds.unaligned.info",
                "assembly/spades/rnaviral/quast.spades/contigs_reports/contigs_report_SAMPLE3_SE-scaffolds.mis_contigs.info",
                "assembly/spades/rnaviral/quast.spades/contigs_reports/contigs_report_SAMPLE3_SE-scaffolds.stderr",
                "assembly/spades/rnaviral/quast.spades/contigs_reports/contigs_report_SAMPLE3_SE-scaffolds.stdout",
                "assembly/spades/rnaviral/quast.spades/contigs_reports/contigs_report_SAMPLE3_SE-scaffolds.unaligned.info",
                "assembly/spades/rnaviral/quast.spades/contigs_reports/minimap_output",
                "assembly/spades/rnaviral/quast.spades/contigs_reports/minimap_output/SAMPLE1_PE-scaffolds.coords",
                "assembly/spades/rnaviral/quast.spades/contigs_reports/minimap_output/SAMPLE1_PE-scaffolds.coords.filtered",
                "assembly/spades/rnaviral/quast.spades/contigs_reports/minimap_output/SAMPLE1_PE-scaffolds.coords_tmp",
                "assembly/spades/rnaviral/quast.spades/contigs_reports/minimap_output/SAMPLE1_PE-scaffolds.sf",
                "assembly/spades/rnaviral/quast.spades/contigs_reports/minimap_output/SAMPLE1_PE-scaffolds.unaligned",
                "assembly/spades/rnaviral/quast.spades/contigs_reports/minimap_output/SAMPLE1_PE-scaffolds.used_snps",
                "assembly/spades/rnaviral/quast.spades/contigs_reports/minimap_output/SAMPLE2_PE-scaffolds.coords",
                "assembly/spades/rnaviral/quast.spades/contigs_reports/minimap_output/SAMPLE2_PE-scaffolds.coords.filtered",
                "assembly/spades/rnaviral/quast.spades/contigs_reports/minimap_output/SAMPLE2_PE-scaffolds.coords_tmp",
                "assembly/spades/rnaviral/quast.spades/contigs_reports/minimap_output/SAMPLE2_PE-scaffolds.sf",
                "assembly/spades/rnaviral/quast.spades/contigs_reports/minimap_output/SAMPLE2_PE-scaffolds.unaligned",
                "assembly/spades/rnaviral/quast.spades/contigs_reports/minimap_output/SAMPLE2_PE-scaffolds.used_snps",
                "assembly/spades/rnaviral/quast.spades/contigs_reports/minimap_output/SAMPLE3_SE-scaffolds.coords",
                "assembly/spades/rnaviral/quast.spades/contigs_reports/minimap_output/SAMPLE3_SE-scaffolds.coords.filtered",
                "assembly/spades/rnaviral/quast.spades/contigs_reports/minimap_output/SAMPLE3_SE-scaffolds.coords_tmp",
                "assembly/spades/rnaviral/quast.spades/contigs_reports/minimap_output/SAMPLE3_SE-scaffolds.sf",
                "assembly/spades/rnaviral/quast.spades/contigs_reports/minimap_output/SAMPLE3_SE-scaffolds.unaligned",
                "assembly/spades/rnaviral/quast.spades/contigs_reports/minimap_output/SAMPLE3_SE-scaffolds.used_snps",
                "assembly/spades/rnaviral/quast.spades/contigs_reports/misassemblies_frcurve_plot.pdf",
                "assembly/spades/rnaviral/quast.spades/contigs_reports/misassemblies_plot.pdf",
                "assembly/spades/rnaviral/quast.spades/contigs_reports/misassemblies_report.tex",
                "assembly/spades/rnaviral/quast.spades/contigs_reports/misassemblies_report.tsv",
                "assembly/spades/rnaviral/quast.spades/contigs_reports/misassemblies_report.txt",
                "assembly/spades/rnaviral/quast.spades/contigs_reports/transposed_report_misassemblies.tex",
                "assembly/spades/rnaviral/quast.spades/contigs_reports/transposed_report_misassemblies.tsv",
                "assembly/spades/rnaviral/quast.spades/contigs_reports/transposed_report_misassemblies.txt",
                "assembly/spades/rnaviral/quast.spades/contigs_reports/unaligned_report.tex",
                "assembly/spades/rnaviral/quast.spades/contigs_reports/unaligned_report.tsv",
                "assembly/spades/rnaviral/quast.spades/contigs_reports/unaligned_report.txt",
                "assembly/spades/rnaviral/quast.spades/genome_stats",
                "assembly/spades/rnaviral/quast.spades/genome_stats/SAMPLE1_PE-scaffolds_gaps.txt",
                "assembly/spades/rnaviral/quast.spades/genome_stats/SAMPLE1_PE-scaffolds_genomic_features_any.txt",
                "assembly/spades/rnaviral/quast.spades/genome_stats/SAMPLE2_PE-scaffolds_gaps.txt",
                "assembly/spades/rnaviral/quast.spades/genome_stats/SAMPLE2_PE-scaffolds_genomic_features_any.txt",
                "assembly/spades/rnaviral/quast.spades/genome_stats/SAMPLE3_SE-scaffolds_gaps.txt",
                "assembly/spades/rnaviral/quast.spades/genome_stats/SAMPLE3_SE-scaffolds_genomic_features_any.txt",
                "assembly/spades/rnaviral/quast.spades/genome_stats/complete_features_histogram.pdf",
                "assembly/spades/rnaviral/quast.spades/genome_stats/features_cumulative_plot.pdf",
                "assembly/spades/rnaviral/quast.spades/genome_stats/features_frcurve_plot.pdf",
                "assembly/spades/rnaviral/quast.spades/genome_stats/genome_fraction_histogram.pdf",
                "assembly/spades/rnaviral/quast.spades/genome_stats/genome_info.txt",
                "assembly/spades/rnaviral/quast.spades/icarus.html",
                "assembly/spades/rnaviral/quast.spades/icarus_viewers",
                "assembly/spades/rnaviral/quast.spades/icarus_viewers/alignment_viewer.html",
                "assembly/spades/rnaviral/quast.spades/icarus_viewers/contig_size_viewer.html",
                "assembly/spades/rnaviral/quast.spades/quast.log",
                "assembly/spades/rnaviral/quast.spades/report.html",
                "assembly/spades/rnaviral/quast.spades/report.pdf",
                "assembly/spades/rnaviral/quast.spades/report.tex",
                "assembly/spades/rnaviral/quast.spades/report.tsv",
                "assembly/spades/rnaviral/quast.spades/report.txt",
                "assembly/spades/rnaviral/quast.spades/transposed_report.tex",
                "assembly/spades/rnaviral/quast.spades/transposed_report.tsv",
                "assembly/spades/rnaviral/quast.spades/transposed_report.txt",
                "assembly/unicycler",
                "assembly/unicycler/SAMPLE1_PE.assembly.gfa.gz",
                "assembly/unicycler/SAMPLE1_PE.scaffolds.fa.gz",
                "assembly/unicycler/SAMPLE2_PE.assembly.gfa.gz",
                "assembly/unicycler/SAMPLE2_PE.scaffolds.fa.gz",
                "assembly/unicycler/SAMPLE3_SE.assembly.gfa.gz",
                "assembly/unicycler/SAMPLE3_SE.scaffolds.fa.gz",
                "assembly/unicycler/abacas",
                "assembly/unicycler/abacas/SAMPLE1_PE.abacas.MULTIFASTA.fa",
                "assembly/unicycler/abacas/SAMPLE1_PE.abacas.bin",
                "assembly/unicycler/abacas/SAMPLE1_PE.abacas.crunch",
                "assembly/unicycler/abacas/SAMPLE1_PE.abacas.fasta",
                "assembly/unicycler/abacas/SAMPLE1_PE.abacas.gaps",
                "assembly/unicycler/abacas/SAMPLE1_PE.abacas.gaps.tab",
                "assembly/unicycler/abacas/SAMPLE1_PE.abacas.nucmer.delta",
                "assembly/unicycler/abacas/SAMPLE1_PE.abacas.nucmer.filtered.delta",
                "assembly/unicycler/abacas/SAMPLE1_PE.abacas.nucmer.tiling",
                "assembly/unicycler/abacas/SAMPLE1_PE.abacas.tab",
                "assembly/unicycler/abacas/SAMPLE1_PE.abacas.unused.contigs.out",
                "assembly/unicycler/abacas/SAMPLE2_PE.abacas.MULTIFASTA.fa",
                "assembly/unicycler/abacas/SAMPLE2_PE.abacas.bin",
                "assembly/unicycler/abacas/SAMPLE2_PE.abacas.crunch",
                "assembly/unicycler/abacas/SAMPLE2_PE.abacas.fasta",
                "assembly/unicycler/abacas/SAMPLE2_PE.abacas.gaps",
                "assembly/unicycler/abacas/SAMPLE2_PE.abacas.gaps.tab",
                "assembly/unicycler/abacas/SAMPLE2_PE.abacas.nucmer.delta",
                "assembly/unicycler/abacas/SAMPLE2_PE.abacas.nucmer.filtered.delta",
                "assembly/unicycler/abacas/SAMPLE2_PE.abacas.nucmer.tiling",
                "assembly/unicycler/abacas/SAMPLE2_PE.abacas.tab",
                "assembly/unicycler/abacas/SAMPLE2_PE.abacas.unused.contigs.out",
                "assembly/unicycler/abacas/SAMPLE3_SE.abacas.MULTIFASTA.fa",
                "assembly/unicycler/abacas/SAMPLE3_SE.abacas.bin",
                "assembly/unicycler/abacas/SAMPLE3_SE.abacas.crunch",
                "assembly/unicycler/abacas/SAMPLE3_SE.abacas.fasta",
                "assembly/unicycler/abacas/SAMPLE3_SE.abacas.gaps",
                "assembly/unicycler/abacas/SAMPLE3_SE.abacas.gaps.tab",
                "assembly/unicycler/abacas/SAMPLE3_SE.abacas.nucmer.delta",
                "assembly/unicycler/abacas/SAMPLE3_SE.abacas.nucmer.filtered.delta",
                "assembly/unicycler/abacas/SAMPLE3_SE.abacas.nucmer.tiling",
                "assembly/unicycler/abacas/SAMPLE3_SE.abacas.tab",
                "assembly/unicycler/abacas/SAMPLE3_SE.abacas.unused.contigs.out",
                "assembly/unicycler/bandage",
                "assembly/unicycler/bandage/SAMPLE1_PE.png",
                "assembly/unicycler/bandage/SAMPLE1_PE.svg",
                "assembly/unicycler/bandage/SAMPLE2_PE.png",
                "assembly/unicycler/bandage/SAMPLE2_PE.svg",
                "assembly/unicycler/bandage/SAMPLE3_SE.png",
                "assembly/unicycler/bandage/SAMPLE3_SE.svg",
                "assembly/unicycler/blastn",
                "assembly/unicycler/blastn/SAMPLE1_PE.filter.blastn.txt",
                "assembly/unicycler/blastn/SAMPLE1_PE.results.blastn.txt",
                "assembly/unicycler/blastn/SAMPLE2_PE.filter.blastn.txt",
                "assembly/unicycler/blastn/SAMPLE2_PE.results.blastn.txt",
                "assembly/unicycler/blastn/SAMPLE3_SE.filter.blastn.txt",
                "assembly/unicycler/blastn/SAMPLE3_SE.results.blastn.txt",
                "assembly/unicycler/log",
                "assembly/unicycler/log/SAMPLE1_PE.unicycler.log",
                "assembly/unicycler/log/SAMPLE2_PE.unicycler.log",
                "assembly/unicycler/log/SAMPLE3_SE.unicycler.log",
                "assembly/unicycler/quast.unicycler",
                "assembly/unicycler/quast.unicycler/aligned_stats",
                "assembly/unicycler/quast.unicycler/aligned_stats/NAx_plot.pdf",
                "assembly/unicycler/quast.unicycler/aligned_stats/NGAx_plot.pdf",
                "assembly/unicycler/quast.unicycler/aligned_stats/cumulative_plot.pdf",
                "assembly/unicycler/quast.unicycler/basic_stats",
                "assembly/unicycler/quast.unicycler/basic_stats/GC_content_plot.pdf",
                "assembly/unicycler/quast.unicycler/basic_stats/NGx_plot.pdf",
                "assembly/unicycler/quast.unicycler/basic_stats/Nx_plot.pdf",
                "assembly/unicycler/quast.unicycler/basic_stats/SAMPLE1_PE.scaffolds_GC_content_plot.pdf",
                "assembly/unicycler/quast.unicycler/basic_stats/SAMPLE2_PE.scaffolds_GC_content_plot.pdf",
                "assembly/unicycler/quast.unicycler/basic_stats/SAMPLE3_SE.scaffolds_GC_content_plot.pdf",
                "assembly/unicycler/quast.unicycler/basic_stats/cumulative_plot.pdf",
                "assembly/unicycler/quast.unicycler/basic_stats/gc.icarus.txt",
                "assembly/unicycler/quast.unicycler/contigs_reports",
                "assembly/unicycler/quast.unicycler/contigs_reports/SAMPLE1_PE-scaffolds.mis_contigs.fa",
                "assembly/unicycler/quast.unicycler/contigs_reports/SAMPLE1_PE-scaffolds.misassemblies.gff",
                "assembly/unicycler/quast.unicycler/contigs_reports/SAMPLE2_PE-scaffolds.mis_contigs.fa",
                "assembly/unicycler/quast.unicycler/contigs_reports/SAMPLE2_PE-scaffolds.misassemblies.gff",
                "assembly/unicycler/quast.unicycler/contigs_reports/SAMPLE3_SE-scaffolds.mis_contigs.fa",
                "assembly/unicycler/quast.unicycler/contigs_reports/SAMPLE3_SE-scaffolds.misassemblies.gff",
                "assembly/unicycler/quast.unicycler/contigs_reports/all_alignments_SAMPLE1_PE-scaffolds.tsv",
                "assembly/unicycler/quast.unicycler/contigs_reports/all_alignments_SAMPLE2_PE-scaffolds.tsv",
                "assembly/unicycler/quast.unicycler/contigs_reports/all_alignments_SAMPLE3_SE-scaffolds.tsv",
                "assembly/unicycler/quast.unicycler/contigs_reports/contigs_report_SAMPLE1_PE-scaffolds.mis_contigs.info",
                "assembly/unicycler/quast.unicycler/contigs_reports/contigs_report_SAMPLE1_PE-scaffolds.stderr",
                "assembly/unicycler/quast.unicycler/contigs_reports/contigs_report_SAMPLE1_PE-scaffolds.stdout",
                "assembly/unicycler/quast.unicycler/contigs_reports/contigs_report_SAMPLE1_PE-scaffolds.unaligned.info",
                "assembly/unicycler/quast.unicycler/contigs_reports/contigs_report_SAMPLE2_PE-scaffolds.mis_contigs.info",
                "assembly/unicycler/quast.unicycler/contigs_reports/contigs_report_SAMPLE2_PE-scaffolds.stderr",
                "assembly/unicycler/quast.unicycler/contigs_reports/contigs_report_SAMPLE2_PE-scaffolds.stdout",
                "assembly/unicycler/quast.unicycler/contigs_reports/contigs_report_SAMPLE2_PE-scaffolds.unaligned.info",
                "assembly/unicycler/quast.unicycler/contigs_reports/contigs_report_SAMPLE3_SE-scaffolds.mis_contigs.info",
                "assembly/unicycler/quast.unicycler/contigs_reports/contigs_report_SAMPLE3_SE-scaffolds.stderr",
                "assembly/unicycler/quast.unicycler/contigs_reports/contigs_report_SAMPLE3_SE-scaffolds.stdout",
                "assembly/unicycler/quast.unicycler/contigs_reports/contigs_report_SAMPLE3_SE-scaffolds.unaligned.info",
                "assembly/unicycler/quast.unicycler/contigs_reports/minimap_output",
                "assembly/unicycler/quast.unicycler/contigs_reports/minimap_output/SAMPLE1_PE-scaffolds.coords",
                "assembly/unicycler/quast.unicycler/contigs_reports/minimap_output/SAMPLE1_PE-scaffolds.coords.filtered",
                "assembly/unicycler/quast.unicycler/contigs_reports/minimap_output/SAMPLE1_PE-scaffolds.coords_tmp",
                "assembly/unicycler/quast.unicycler/contigs_reports/minimap_output/SAMPLE1_PE-scaffolds.sf",
                "assembly/unicycler/quast.unicycler/contigs_reports/minimap_output/SAMPLE1_PE-scaffolds.unaligned",
                "assembly/unicycler/quast.unicycler/contigs_reports/minimap_output/SAMPLE1_PE-scaffolds.used_snps",
                "assembly/unicycler/quast.unicycler/contigs_reports/minimap_output/SAMPLE2_PE-scaffolds.coords",
                "assembly/unicycler/quast.unicycler/contigs_reports/minimap_output/SAMPLE2_PE-scaffolds.coords.filtered",
                "assembly/unicycler/quast.unicycler/contigs_reports/minimap_output/SAMPLE2_PE-scaffolds.coords_tmp",
                "assembly/unicycler/quast.unicycler/contigs_reports/minimap_output/SAMPLE2_PE-scaffolds.sf",
                "assembly/unicycler/quast.unicycler/contigs_reports/minimap_output/SAMPLE2_PE-scaffolds.unaligned",
                "assembly/unicycler/quast.unicycler/contigs_reports/minimap_output/SAMPLE2_PE-scaffolds.used_snps",
                "assembly/unicycler/quast.unicycler/contigs_reports/minimap_output/SAMPLE3_SE-scaffolds.coords",
                "assembly/unicycler/quast.unicycler/contigs_reports/minimap_output/SAMPLE3_SE-scaffolds.coords.filtered",
                "assembly/unicycler/quast.unicycler/contigs_reports/minimap_output/SAMPLE3_SE-scaffolds.coords_tmp",
                "assembly/unicycler/quast.unicycler/contigs_reports/minimap_output/SAMPLE3_SE-scaffolds.sf",
                "assembly/unicycler/quast.unicycler/contigs_reports/minimap_output/SAMPLE3_SE-scaffolds.unaligned",
                "assembly/unicycler/quast.unicycler/contigs_reports/minimap_output/SAMPLE3_SE-scaffolds.used_snps",
                "assembly/unicycler/quast.unicycler/contigs_reports/misassemblies_frcurve_plot.pdf",
                "assembly/unicycler/quast.unicycler/contigs_reports/misassemblies_plot.pdf",
                "assembly/unicycler/quast.unicycler/contigs_reports/misassemblies_report.tex",
                "assembly/unicycler/quast.unicycler/contigs_reports/misassemblies_report.tsv",
                "assembly/unicycler/quast.unicycler/contigs_reports/misassemblies_report.txt",
                "assembly/unicycler/quast.unicycler/contigs_reports/transposed_report_misassemblies.tex",
                "assembly/unicycler/quast.unicycler/contigs_reports/transposed_report_misassemblies.tsv",
                "assembly/unicycler/quast.unicycler/contigs_reports/transposed_report_misassemblies.txt",
                "assembly/unicycler/quast.unicycler/contigs_reports/unaligned_report.tex",
                "assembly/unicycler/quast.unicycler/contigs_reports/unaligned_report.tsv",
                "assembly/unicycler/quast.unicycler/contigs_reports/unaligned_report.txt",
                "assembly/unicycler/quast.unicycler/genome_stats",
                "assembly/unicycler/quast.unicycler/genome_stats/SAMPLE1_PE-scaffolds_gaps.txt",
                "assembly/unicycler/quast.unicycler/genome_stats/SAMPLE1_PE-scaffolds_genomic_features_any.txt",
                "assembly/unicycler/quast.unicycler/genome_stats/SAMPLE2_PE-scaffolds_gaps.txt",
                "assembly/unicycler/quast.unicycler/genome_stats/SAMPLE2_PE-scaffolds_genomic_features_any.txt",
                "assembly/unicycler/quast.unicycler/genome_stats/SAMPLE3_SE-scaffolds_gaps.txt",
                "assembly/unicycler/quast.unicycler/genome_stats/SAMPLE3_SE-scaffolds_genomic_features_any.txt",
                "assembly/unicycler/quast.unicycler/genome_stats/complete_features_histogram.pdf",
                "assembly/unicycler/quast.unicycler/genome_stats/features_cumulative_plot.pdf",
                "assembly/unicycler/quast.unicycler/genome_stats/features_frcurve_plot.pdf",
                "assembly/unicycler/quast.unicycler/genome_stats/genome_fraction_histogram.pdf",
                "assembly/unicycler/quast.unicycler/genome_stats/genome_info.txt",
                "assembly/unicycler/quast.unicycler/icarus.html",
                "assembly/unicycler/quast.unicycler/icarus_viewers",
                "assembly/unicycler/quast.unicycler/icarus_viewers/alignment_viewer.html",
                "assembly/unicycler/quast.unicycler/icarus_viewers/contig_size_viewer.html",
                "assembly/unicycler/quast.unicycler/quast.log",
                "assembly/unicycler/quast.unicycler/report.html",
                "assembly/unicycler/quast.unicycler/report.pdf",
                "assembly/unicycler/quast.unicycler/report.tex",
                "assembly/unicycler/quast.unicycler/report.tsv",
                "assembly/unicycler/quast.unicycler/report.txt",
                "assembly/unicycler/quast.unicycler/transposed_report.tex",
                "assembly/unicycler/quast.unicycler/transposed_report.tsv",
                "assembly/unicycler/quast.unicycler/transposed_report.txt",
                "fastp",
                "fastp/SAMPLE1_PE.fastp.html",
                "fastp/SAMPLE1_PE.fastp.json",
                "fastp/SAMPLE2_PE.fastp.html",
                "fastp/SAMPLE2_PE.fastp.json",
                "fastp/SAMPLE3_SE.fastp.html",
                "fastp/SAMPLE3_SE.fastp.json",
                "fastp/log",
                "fastp/log/SAMPLE1_PE.fastp.log",
                "fastp/log/SAMPLE2_PE.fastp.log",
                "fastp/log/SAMPLE3_SE.fastp.log",
                "fastqc",
                "fastqc/raw",
                "fastqc/raw/SAMPLE1_PE_1_fastqc.html",
                "fastqc/raw/SAMPLE1_PE_1_fastqc.zip",
                "fastqc/raw/SAMPLE1_PE_2_fastqc.html",
                "fastqc/raw/SAMPLE1_PE_2_fastqc.zip",
                "fastqc/raw/SAMPLE2_PE_1_fastqc.html",
                "fastqc/raw/SAMPLE2_PE_1_fastqc.zip",
                "fastqc/raw/SAMPLE2_PE_2_fastqc.html",
                "fastqc/raw/SAMPLE2_PE_2_fastqc.zip",
                "fastqc/raw/SAMPLE3_SE_fastqc.html",
                "fastqc/raw/SAMPLE3_SE_fastqc.zip",
                "fastqc/trim",
                "fastqc/trim/SAMPLE1_PE_1_fastqc.html",
                "fastqc/trim/SAMPLE1_PE_1_fastqc.zip",
                "fastqc/trim/SAMPLE1_PE_2_fastqc.html",
                "fastqc/trim/SAMPLE1_PE_2_fastqc.zip",
                "fastqc/trim/SAMPLE2_PE_1_fastqc.html",
                "fastqc/trim/SAMPLE2_PE_1_fastqc.zip",
                "fastqc/trim/SAMPLE2_PE_2_fastqc.html",
                "fastqc/trim/SAMPLE2_PE_2_fastqc.zip",
                "fastqc/trim/SAMPLE3_SE_fastqc.html",
                "fastqc/trim/SAMPLE3_SE_fastqc.zip",
                "kraken2",
                "kraken2/SAMPLE1_PE.kraken2.report.txt",
                "kraken2/SAMPLE2_PE.kraken2.report.txt",
                "kraken2/SAMPLE3_SE.kraken2.report.txt",
                "multiqc",
                "multiqc/multiqc_data",
                "multiqc/multiqc_data/Freyja_plot.yaml",
                "multiqc/multiqc_data/bcftools-stats-subtypes.yaml",
                "multiqc/multiqc_data/bcftools_stats_indel-lengths.yaml",
                "multiqc/multiqc_data/bcftools_stats_vqc_Count_Indels.yaml",
                "multiqc/multiqc_data/bcftools_stats_vqc_Count_SNP.yaml",
                "multiqc/multiqc_data/bcftools_stats_vqc_Count_Transitions.yaml",
                "multiqc/multiqc_data/bcftools_stats_vqc_Count_Transversions.yaml",
                "multiqc/multiqc_data/bowtie2_pe_plot.yaml",
                "multiqc/multiqc_data/bowtie2_se_plot.yaml",
                "multiqc/multiqc_data/cutadapt_filtered_reads_plot.yaml",
                "multiqc/multiqc_data/cutadapt_trimmed_sequences_plot_default_Counts.yaml",
                "multiqc/multiqc_data/cutadapt_trimmed_sequences_plot_default_Obs_Exp.yaml",
                "multiqc/multiqc_data/fastp-insert-size-plot.yaml",
                "multiqc/multiqc_data/fastp-seq-content-gc-plot_Read_1_After_filtering.yaml",
                "multiqc/multiqc_data/fastp-seq-content-gc-plot_Read_1_Before_filtering.yaml",
                "multiqc/multiqc_data/fastp-seq-content-gc-plot_Read_2_After_filtering.yaml",
                "multiqc/multiqc_data/fastp-seq-content-gc-plot_Read_2_Before_filtering.yaml",
                "multiqc/multiqc_data/fastp-seq-content-n-plot_Read_1_After_filtering.yaml",
                "multiqc/multiqc_data/fastp-seq-content-n-plot_Read_1_Before_filtering.yaml",
                "multiqc/multiqc_data/fastp-seq-content-n-plot_Read_2_After_filtering.yaml",
                "multiqc/multiqc_data/fastp-seq-content-n-plot_Read_2_Before_filtering.yaml",
                "multiqc/multiqc_data/fastp-seq-quality-plot_Read_1_After_filtering.yaml",
                "multiqc/multiqc_data/fastp-seq-quality-plot_Read_1_Before_filtering.yaml",
                "multiqc/multiqc_data/fastp-seq-quality-plot_Read_2_After_filtering.yaml",
                "multiqc/multiqc_data/fastp-seq-quality-plot_Read_2_Before_filtering.yaml",
                "multiqc/multiqc_data/fastp_filtered_reads_plot.yaml",
                "multiqc/multiqc_data/fastqc-status-check-heatmap.yaml",
                "multiqc/multiqc_data/fastqc_overrepresented_sequences_plot.yaml",
                "multiqc/multiqc_data/fastqc_per_base_n_content_plot.yaml",
                "multiqc/multiqc_data/fastqc_per_base_sequence_quality_plot.yaml",
                "multiqc/multiqc_data/fastqc_per_sequence_gc_content_plot_Counts.yaml",
                "multiqc/multiqc_data/fastqc_per_sequence_gc_content_plot_Percentages.yaml",
                "multiqc/multiqc_data/fastqc_per_sequence_quality_scores_plot.yaml",
                "multiqc/multiqc_data/fastqc_sequence_counts_plot.yaml",
                "multiqc/multiqc_data/fastqc_sequence_duplication_levels_plot.yaml",
                "multiqc/multiqc_data/fastqc_sequence_length_distribution_plot.yaml",
                "multiqc/multiqc_data/fastqc_top_overrepresented_sequences_table.yaml",
                "multiqc/multiqc_data/kraken-top-n-plot_Class.yaml",
                "multiqc/multiqc_data/kraken-top-n-plot_Domain.yaml",
                "multiqc/multiqc_data/kraken-top-n-plot_Family.yaml",
                "multiqc/multiqc_data/kraken-top-n-plot_Genus.yaml",
                "multiqc/multiqc_data/kraken-top-n-plot_Order.yaml",
                "multiqc/multiqc_data/kraken-top-n-plot_Phylum.yaml",
                "multiqc/multiqc_data/kraken-top-n-plot_Unclassified.yaml",
                "multiqc/multiqc_data/llms-full.txt",
                "multiqc/multiqc_data/mosdepth-coverage-per-contig-single.yaml",
                "multiqc/multiqc_data/mosdepth-cumcoverage-dist-id.yaml",
                "multiqc/multiqc_data/mosdepth_cov_dist.yaml",
                "multiqc/multiqc_data/mosdepth_cumcov_dist.yaml",
                "multiqc/multiqc_data/mosdepth_perchrom.yaml",
                "multiqc/multiqc_data/multiqc.log",
                "multiqc/multiqc_data/multiqc.parquet",
                "multiqc/multiqc_data/multiqc_amplicon_heatmap.yaml",
                "multiqc/multiqc_data/multiqc_bcftools_stats.yaml",
                "multiqc/multiqc_data/multiqc_bowtie2.yaml",
                "multiqc/multiqc_data/multiqc_citations.yaml",
                "multiqc/multiqc_data/multiqc_cutadapt.yaml",
                "multiqc/multiqc_data/multiqc_data.json",
                "multiqc/multiqc_data/multiqc_fastp.yaml",
                "multiqc/multiqc_data/multiqc_fastqc.yaml",
                "multiqc/multiqc_data/multiqc_freyja.yaml",
                "multiqc/multiqc_data/multiqc_ivar_variants.yaml",
                "multiqc/multiqc_data/multiqc_kraken.yaml",
                "multiqc/multiqc_data/multiqc_nextclade_clade.yaml",
                "multiqc/multiqc_data/multiqc_pangolin.yaml",
                "multiqc/multiqc_data/multiqc_quast_quast_spades.yaml",
                "multiqc/multiqc_data/multiqc_quast_quast_unicycler.yaml",
                "multiqc/multiqc_data/multiqc_quast_quast_variants.yaml",
                "multiqc/multiqc_data/multiqc_samtools_flagstat_samtools_bowtie2.yaml",
                "multiqc/multiqc_data/multiqc_samtools_flagstat_samtools_ivar.yaml",
                "multiqc/multiqc_data/multiqc_samtools_flagstat_samtools_markduplicates.yaml",
                "multiqc/multiqc_data/multiqc_snpeff.yaml",
                "multiqc/multiqc_data/multiqc_software_versions.yaml",
                "multiqc/multiqc_data/multiqc_sources.yaml",
                "multiqc/multiqc_data/multiqc_summary_assembly_metrics_plot.yaml",
                "multiqc/multiqc_data/multiqc_summary_variants_metrics_plot.yaml",
                "multiqc/multiqc_data/pangolin_run_table.yaml",
                "multiqc/multiqc_data/quast_num_contigs.yaml",
                "multiqc/multiqc_data/quast_table.yaml",
                "multiqc/multiqc_data/samtools-flagstat-pct-table.yaml",
                "multiqc/multiqc_data/samtools-flagstat-table.yaml",
                "multiqc/multiqc_data/snpeff_effects.yaml",
                "multiqc/multiqc_data/snpeff_variant_effects_class.yaml",
                "multiqc/multiqc_data/snpeff_variant_effects_impact.yaml",
                "multiqc/multiqc_data/snpeff_variant_effects_region.yaml",
                "multiqc/multiqc_report.html",
                "multiqc/summary_assembly_metrics_mqc.csv",
                "multiqc/summary_variants_metrics_mqc.csv",
                "pipeline_info",
                "pipeline_info/nf_core_viralrecon_software_mqc_versions.yml",
                "variants",
                "variants/bowtie2",
                "variants/bowtie2/SAMPLE1_PE.ivar_trim.sorted.bam",
                "variants/bowtie2/SAMPLE1_PE.ivar_trim.sorted.bam.bai",
                "variants/bowtie2/SAMPLE1_PE.sorted.bam",
                "variants/bowtie2/SAMPLE1_PE.sorted.bam.bai",
                "variants/bowtie2/SAMPLE2_PE.ivar_trim.sorted.bam",
                "variants/bowtie2/SAMPLE2_PE.ivar_trim.sorted.bam.bai",
                "variants/bowtie2/SAMPLE2_PE.sorted.bam",
                "variants/bowtie2/SAMPLE2_PE.sorted.bam.bai",
                "variants/bowtie2/SAMPLE3_SE.ivar_trim.sorted.bam",
                "variants/bowtie2/SAMPLE3_SE.ivar_trim.sorted.bam.bai",
                "variants/bowtie2/SAMPLE3_SE.sorted.bam",
                "variants/bowtie2/SAMPLE3_SE.sorted.bam.bai",
                "variants/bowtie2/log",
                "variants/bowtie2/log/SAMPLE1_PE.bowtie2.log",
                "variants/bowtie2/log/SAMPLE1_PE.ivar_trim.ivar.log",
                "variants/bowtie2/log/SAMPLE2_PE.bowtie2.log",
                "variants/bowtie2/log/SAMPLE2_PE.ivar_trim.ivar.log",
                "variants/bowtie2/log/SAMPLE3_SE.bowtie2.log",
                "variants/bowtie2/log/SAMPLE3_SE.ivar_trim.ivar.log",
                "variants/bowtie2/mosdepth",
                "variants/bowtie2/mosdepth/amplicon",
                "variants/bowtie2/mosdepth/amplicon/SAMPLE1_PE.mosdepth.coverage.pdf",
                "variants/bowtie2/mosdepth/amplicon/SAMPLE1_PE.mosdepth.coverage.tsv",
                "variants/bowtie2/mosdepth/amplicon/SAMPLE1_PE.mosdepth.summary.txt",
                "variants/bowtie2/mosdepth/amplicon/SAMPLE2_PE.mosdepth.coverage.pdf",
                "variants/bowtie2/mosdepth/amplicon/SAMPLE2_PE.mosdepth.coverage.tsv",
                "variants/bowtie2/mosdepth/amplicon/SAMPLE2_PE.mosdepth.summary.txt",
                "variants/bowtie2/mosdepth/amplicon/SAMPLE3_SE.mosdepth.coverage.pdf",
                "variants/bowtie2/mosdepth/amplicon/SAMPLE3_SE.mosdepth.coverage.tsv",
                "variants/bowtie2/mosdepth/amplicon/SAMPLE3_SE.mosdepth.summary.txt",
                "variants/bowtie2/mosdepth/amplicon/all_samples.mosdepth.coverage.tsv",
                "variants/bowtie2/mosdepth/amplicon/all_samples.mosdepth.heatmap.pdf",
                "variants/bowtie2/mosdepth/amplicon/all_samples.mosdepth.heatmap.tsv",
                "variants/bowtie2/mosdepth/genome",
                "variants/bowtie2/mosdepth/genome/SAMPLE1_PE.mosdepth.coverage.pdf",
                "variants/bowtie2/mosdepth/genome/SAMPLE1_PE.mosdepth.coverage.tsv",
                "variants/bowtie2/mosdepth/genome/SAMPLE1_PE.mosdepth.summary.txt",
                "variants/bowtie2/mosdepth/genome/SAMPLE2_PE.mosdepth.coverage.pdf",
                "variants/bowtie2/mosdepth/genome/SAMPLE2_PE.mosdepth.coverage.tsv",
                "variants/bowtie2/mosdepth/genome/SAMPLE2_PE.mosdepth.summary.txt",
                "variants/bowtie2/mosdepth/genome/SAMPLE3_SE.mosdepth.coverage.pdf",
                "variants/bowtie2/mosdepth/genome/SAMPLE3_SE.mosdepth.coverage.tsv",
                "variants/bowtie2/mosdepth/genome/SAMPLE3_SE.mosdepth.summary.txt",
                "variants/bowtie2/mosdepth/genome/all_samples.mosdepth.coverage.tsv",
                "variants/bowtie2/picard_metrics",
                "variants/bowtie2/picard_metrics/SAMPLE1_PE.CollectMultipleMetrics.alignment_summary_metrics",
                "variants/bowtie2/picard_metrics/SAMPLE1_PE.CollectMultipleMetrics.base_distribution_by_cycle_metrics",
                "variants/bowtie2/picard_metrics/SAMPLE1_PE.CollectMultipleMetrics.insert_size_metrics",
                "variants/bowtie2/picard_metrics/SAMPLE1_PE.CollectMultipleMetrics.quality_by_cycle_metrics",
                "variants/bowtie2/picard_metrics/SAMPLE1_PE.CollectMultipleMetrics.quality_distribution_metrics",
                "variants/bowtie2/picard_metrics/SAMPLE2_PE.CollectMultipleMetrics.alignment_summary_metrics",
                "variants/bowtie2/picard_metrics/SAMPLE2_PE.CollectMultipleMetrics.base_distribution_by_cycle_metrics",
                "variants/bowtie2/picard_metrics/SAMPLE2_PE.CollectMultipleMetrics.insert_size_metrics",
                "variants/bowtie2/picard_metrics/SAMPLE2_PE.CollectMultipleMetrics.quality_by_cycle_metrics",
                "variants/bowtie2/picard_metrics/SAMPLE2_PE.CollectMultipleMetrics.quality_distribution_metrics",
                "variants/bowtie2/picard_metrics/SAMPLE3_SE.CollectMultipleMetrics.alignment_summary_metrics",
                "variants/bowtie2/picard_metrics/SAMPLE3_SE.CollectMultipleMetrics.base_distribution_by_cycle_metrics",
                "variants/bowtie2/picard_metrics/SAMPLE3_SE.CollectMultipleMetrics.quality_by_cycle_metrics",
                "variants/bowtie2/picard_metrics/SAMPLE3_SE.CollectMultipleMetrics.quality_distribution_metrics",
                "variants/bowtie2/picard_metrics/pdf",
                "variants/bowtie2/picard_metrics/pdf/SAMPLE1_PE.CollectMultipleMetrics.base_distribution_by_cycle.pdf",
                "variants/bowtie2/picard_metrics/pdf/SAMPLE1_PE.CollectMultipleMetrics.insert_size_histogram.pdf",
                "variants/bowtie2/picard_metrics/pdf/SAMPLE1_PE.CollectMultipleMetrics.quality_by_cycle.pdf",
                "variants/bowtie2/picard_metrics/pdf/SAMPLE1_PE.CollectMultipleMetrics.quality_distribution.pdf",
                "variants/bowtie2/picard_metrics/pdf/SAMPLE1_PE.CollectMultipleMetrics.read_length_histogram.pdf",
                "variants/bowtie2/picard_metrics/pdf/SAMPLE2_PE.CollectMultipleMetrics.base_distribution_by_cycle.pdf",
                "variants/bowtie2/picard_metrics/pdf/SAMPLE2_PE.CollectMultipleMetrics.insert_size_histogram.pdf",
                "variants/bowtie2/picard_metrics/pdf/SAMPLE2_PE.CollectMultipleMetrics.quality_by_cycle.pdf",
                "variants/bowtie2/picard_metrics/pdf/SAMPLE2_PE.CollectMultipleMetrics.quality_distribution.pdf",
                "variants/bowtie2/picard_metrics/pdf/SAMPLE2_PE.CollectMultipleMetrics.read_length_histogram.pdf",
                "variants/bowtie2/picard_metrics/pdf/SAMPLE3_SE.CollectMultipleMetrics.base_distribution_by_cycle.pdf",
                "variants/bowtie2/picard_metrics/pdf/SAMPLE3_SE.CollectMultipleMetrics.quality_by_cycle.pdf",
                "variants/bowtie2/picard_metrics/pdf/SAMPLE3_SE.CollectMultipleMetrics.quality_distribution.pdf",
                "variants/bowtie2/picard_metrics/pdf/SAMPLE3_SE.CollectMultipleMetrics.read_length_histogram.pdf",
                "variants/bowtie2/samtools_stats",
                "variants/bowtie2/samtools_stats/SAMPLE1_PE.ivar_trim.sorted.bam.flagstat",
                "variants/bowtie2/samtools_stats/SAMPLE1_PE.ivar_trim.sorted.bam.idxstats",
                "variants/bowtie2/samtools_stats/SAMPLE1_PE.ivar_trim.sorted.bam.stats",
                "variants/bowtie2/samtools_stats/SAMPLE1_PE.sorted.bam.flagstat",
                "variants/bowtie2/samtools_stats/SAMPLE1_PE.sorted.bam.idxstats",
                "variants/bowtie2/samtools_stats/SAMPLE1_PE.sorted.bam.stats",
                "variants/bowtie2/samtools_stats/SAMPLE2_PE.ivar_trim.sorted.bam.flagstat",
                "variants/bowtie2/samtools_stats/SAMPLE2_PE.ivar_trim.sorted.bam.idxstats",
                "variants/bowtie2/samtools_stats/SAMPLE2_PE.ivar_trim.sorted.bam.stats",
                "variants/bowtie2/samtools_stats/SAMPLE2_PE.sorted.bam.flagstat",
                "variants/bowtie2/samtools_stats/SAMPLE2_PE.sorted.bam.idxstats",
                "variants/bowtie2/samtools_stats/SAMPLE2_PE.sorted.bam.stats",
                "variants/bowtie2/samtools_stats/SAMPLE3_SE.ivar_trim.sorted.bam.flagstat",
                "variants/bowtie2/samtools_stats/SAMPLE3_SE.ivar_trim.sorted.bam.idxstats",
                "variants/bowtie2/samtools_stats/SAMPLE3_SE.ivar_trim.sorted.bam.stats",
                "variants/bowtie2/samtools_stats/SAMPLE3_SE.sorted.bam.flagstat",
                "variants/bowtie2/samtools_stats/SAMPLE3_SE.sorted.bam.idxstats",
                "variants/bowtie2/samtools_stats/SAMPLE3_SE.sorted.bam.stats",
                "variants/freyja",
                "variants/freyja/bootstrap",
                "variants/freyja/bootstrap/SAMPLE1_PE_lineages.csv",
                "variants/freyja/bootstrap/SAMPLE1_PE_summarized.csv",
                "variants/freyja/bootstrap/SAMPLE2_PE_lineages.csv",
                "variants/freyja/bootstrap/SAMPLE2_PE_summarized.csv",
                "variants/freyja/bootstrap/SAMPLE3_SE_lineages.csv",
                "variants/freyja/bootstrap/SAMPLE3_SE_summarized.csv",
                "variants/freyja/demix",
                "variants/freyja/demix/SAMPLE1_PE.tsv",
                "variants/freyja/demix/SAMPLE2_PE.tsv",
                "variants/freyja/demix/SAMPLE3_SE.tsv",
                "variants/freyja/variants",
                "variants/freyja/variants/SAMPLE1_PE.depth.tsv",
                "variants/freyja/variants/SAMPLE1_PE.variants.tsv",
                "variants/freyja/variants/SAMPLE2_PE.depth.tsv",
                "variants/freyja/variants/SAMPLE2_PE.variants.tsv",
                "variants/freyja/variants/SAMPLE3_SE.depth.tsv",
                "variants/freyja/variants/SAMPLE3_SE.variants.tsv",
                "variants/ivar",
                "variants/ivar/SAMPLE1_PE.tsv",
                "variants/ivar/SAMPLE1_PE.vcf.gz",
                "variants/ivar/SAMPLE1_PE.vcf.gz.tbi",
                "variants/ivar/SAMPLE2_PE.tsv",
                "variants/ivar/SAMPLE2_PE.vcf.gz",
                "variants/ivar/SAMPLE2_PE.vcf.gz.tbi",
                "variants/ivar/SAMPLE3_SE.tsv",
                "variants/ivar/SAMPLE3_SE.vcf.gz",
                "variants/ivar/SAMPLE3_SE.vcf.gz.tbi",
                "variants/ivar/bcftools_stats",
                "variants/ivar/bcftools_stats/SAMPLE1_PE.bcftools_stats.txt",
                "variants/ivar/bcftools_stats/SAMPLE2_PE.bcftools_stats.txt",
                "variants/ivar/bcftools_stats/SAMPLE3_SE.bcftools_stats.txt",
                "variants/ivar/consensus",
                "variants/ivar/consensus/bcftools",
                "variants/ivar/consensus/bcftools/SAMPLE1_PE.consensus.fa",
                "variants/ivar/consensus/bcftools/SAMPLE1_PE.filtered.vcf.gz",
                "variants/ivar/consensus/bcftools/SAMPLE1_PE.filtered.vcf.gz.tbi",
                "variants/ivar/consensus/bcftools/SAMPLE2_PE.consensus.fa",
                "variants/ivar/consensus/bcftools/SAMPLE2_PE.filtered.vcf.gz",
                "variants/ivar/consensus/bcftools/SAMPLE2_PE.filtered.vcf.gz.tbi",
                "variants/ivar/consensus/bcftools/SAMPLE3_SE.consensus.fa",
                "variants/ivar/consensus/bcftools/SAMPLE3_SE.filtered.vcf.gz",
                "variants/ivar/consensus/bcftools/SAMPLE3_SE.filtered.vcf.gz.tbi",
                "variants/ivar/consensus/bcftools/base_qc",
                "variants/ivar/consensus/bcftools/base_qc/SAMPLE1_PE.consensus.ACTG_density.pdf",
                "variants/ivar/consensus/bcftools/base_qc/SAMPLE1_PE.consensus.N_density.pdf",
                "variants/ivar/consensus/bcftools/base_qc/SAMPLE1_PE.consensus.N_run.tsv",
                "variants/ivar/consensus/bcftools/base_qc/SAMPLE1_PE.consensus.base_counts.pdf",
                "variants/ivar/consensus/bcftools/base_qc/SAMPLE1_PE.consensus.base_counts.tsv",
                "variants/ivar/consensus/bcftools/base_qc/SAMPLE2_PE.consensus.ACTG_density.pdf",
                "variants/ivar/consensus/bcftools/base_qc/SAMPLE2_PE.consensus.N_density.pdf",
                "variants/ivar/consensus/bcftools/base_qc/SAMPLE2_PE.consensus.N_run.tsv",
                "variants/ivar/consensus/bcftools/base_qc/SAMPLE2_PE.consensus.base_counts.pdf",
                "variants/ivar/consensus/bcftools/base_qc/SAMPLE2_PE.consensus.base_counts.tsv",
                "variants/ivar/consensus/bcftools/base_qc/SAMPLE3_SE.consensus.ACTG_density.pdf",
                "variants/ivar/consensus/bcftools/base_qc/SAMPLE3_SE.consensus.N_density.pdf",
                "variants/ivar/consensus/bcftools/base_qc/SAMPLE3_SE.consensus.N_run.tsv",
                "variants/ivar/consensus/bcftools/base_qc/SAMPLE3_SE.consensus.base_counts.pdf",
                "variants/ivar/consensus/bcftools/base_qc/SAMPLE3_SE.consensus.base_counts.tsv",
                "variants/ivar/consensus/bcftools/nextclade",
                "variants/ivar/consensus/bcftools/nextclade/SAMPLE1_PE.csv",
                "variants/ivar/consensus/bcftools/nextclade/SAMPLE2_PE.csv",
                "variants/ivar/consensus/bcftools/nextclade/SAMPLE3_SE.csv",
                "variants/ivar/consensus/bcftools/pangolin",
                "variants/ivar/consensus/bcftools/pangolin/SAMPLE1_PE.pangolin.csv",
                "variants/ivar/consensus/bcftools/pangolin/SAMPLE2_PE.pangolin.csv",
                "variants/ivar/consensus/bcftools/pangolin/SAMPLE3_SE.pangolin.csv",
                "variants/ivar/consensus/bcftools/quast.consensus",
                "variants/ivar/consensus/bcftools/quast.consensus/aligned_stats",
                "variants/ivar/consensus/bcftools/quast.consensus/aligned_stats/NAx_plot.pdf",
                "variants/ivar/consensus/bcftools/quast.consensus/aligned_stats/NGAx_plot.pdf",
                "variants/ivar/consensus/bcftools/quast.consensus/aligned_stats/cumulative_plot.pdf",
                "variants/ivar/consensus/bcftools/quast.consensus/basic_stats",
                "variants/ivar/consensus/bcftools/quast.consensus/basic_stats/GC_content_plot.pdf",
                "variants/ivar/consensus/bcftools/quast.consensus/basic_stats/NGx_plot.pdf",
                "variants/ivar/consensus/bcftools/quast.consensus/basic_stats/Nx_plot.pdf",
                "variants/ivar/consensus/bcftools/quast.consensus/basic_stats/SAMPLE1_PE.consensus_GC_content_plot.pdf",
                "variants/ivar/consensus/bcftools/quast.consensus/basic_stats/SAMPLE2_PE.consensus_GC_content_plot.pdf",
                "variants/ivar/consensus/bcftools/quast.consensus/basic_stats/SAMPLE3_SE.consensus_GC_content_plot.pdf",
                "variants/ivar/consensus/bcftools/quast.consensus/basic_stats/cumulative_plot.pdf",
                "variants/ivar/consensus/bcftools/quast.consensus/basic_stats/gc.icarus.txt",
                "variants/ivar/consensus/bcftools/quast.consensus/contigs_reports",
                "variants/ivar/consensus/bcftools/quast.consensus/contigs_reports/SAMPLE1_PE-consensus.mis_contigs.fa",
                "variants/ivar/consensus/bcftools/quast.consensus/contigs_reports/SAMPLE1_PE-consensus.misassemblies.gff",
                "variants/ivar/consensus/bcftools/quast.consensus/contigs_reports/SAMPLE2_PE-consensus.mis_contigs.fa",
                "variants/ivar/consensus/bcftools/quast.consensus/contigs_reports/SAMPLE2_PE-consensus.misassemblies.gff",
                "variants/ivar/consensus/bcftools/quast.consensus/contigs_reports/SAMPLE3_SE-consensus.mis_contigs.fa",
                "variants/ivar/consensus/bcftools/quast.consensus/contigs_reports/SAMPLE3_SE-consensus.misassemblies.gff",
                "variants/ivar/consensus/bcftools/quast.consensus/contigs_reports/all_alignments_SAMPLE1_PE-consensus.tsv",
                "variants/ivar/consensus/bcftools/quast.consensus/contigs_reports/all_alignments_SAMPLE2_PE-consensus.tsv",
                "variants/ivar/consensus/bcftools/quast.consensus/contigs_reports/all_alignments_SAMPLE3_SE-consensus.tsv",
                "variants/ivar/consensus/bcftools/quast.consensus/contigs_reports/contigs_report_SAMPLE1_PE-consensus.mis_contigs.info",
                "variants/ivar/consensus/bcftools/quast.consensus/contigs_reports/contigs_report_SAMPLE1_PE-consensus.stderr",
                "variants/ivar/consensus/bcftools/quast.consensus/contigs_reports/contigs_report_SAMPLE1_PE-consensus.stdout",
                "variants/ivar/consensus/bcftools/quast.consensus/contigs_reports/contigs_report_SAMPLE1_PE-consensus.unaligned.info",
                "variants/ivar/consensus/bcftools/quast.consensus/contigs_reports/contigs_report_SAMPLE2_PE-consensus.mis_contigs.info",
                "variants/ivar/consensus/bcftools/quast.consensus/contigs_reports/contigs_report_SAMPLE2_PE-consensus.stderr",
                "variants/ivar/consensus/bcftools/quast.consensus/contigs_reports/contigs_report_SAMPLE2_PE-consensus.stdout",
                "variants/ivar/consensus/bcftools/quast.consensus/contigs_reports/contigs_report_SAMPLE2_PE-consensus.unaligned.info",
                "variants/ivar/consensus/bcftools/quast.consensus/contigs_reports/contigs_report_SAMPLE3_SE-consensus.mis_contigs.info",
                "variants/ivar/consensus/bcftools/quast.consensus/contigs_reports/contigs_report_SAMPLE3_SE-consensus.stderr",
                "variants/ivar/consensus/bcftools/quast.consensus/contigs_reports/contigs_report_SAMPLE3_SE-consensus.stdout",
                "variants/ivar/consensus/bcftools/quast.consensus/contigs_reports/contigs_report_SAMPLE3_SE-consensus.unaligned.info",
                "variants/ivar/consensus/bcftools/quast.consensus/contigs_reports/minimap_output",
                "variants/ivar/consensus/bcftools/quast.consensus/contigs_reports/minimap_output/SAMPLE1_PE-consensus.coords",
                "variants/ivar/consensus/bcftools/quast.consensus/contigs_reports/minimap_output/SAMPLE1_PE-consensus.coords.filtered",
                "variants/ivar/consensus/bcftools/quast.consensus/contigs_reports/minimap_output/SAMPLE1_PE-consensus.coords_tmp",
                "variants/ivar/consensus/bcftools/quast.consensus/contigs_reports/minimap_output/SAMPLE1_PE-consensus.sf",
                "variants/ivar/consensus/bcftools/quast.consensus/contigs_reports/minimap_output/SAMPLE1_PE-consensus.unaligned",
                "variants/ivar/consensus/bcftools/quast.consensus/contigs_reports/minimap_output/SAMPLE1_PE-consensus.used_snps",
                "variants/ivar/consensus/bcftools/quast.consensus/contigs_reports/minimap_output/SAMPLE2_PE-consensus.coords",
                "variants/ivar/consensus/bcftools/quast.consensus/contigs_reports/minimap_output/SAMPLE2_PE-consensus.coords.filtered",
                "variants/ivar/consensus/bcftools/quast.consensus/contigs_reports/minimap_output/SAMPLE2_PE-consensus.coords_tmp",
                "variants/ivar/consensus/bcftools/quast.consensus/contigs_reports/minimap_output/SAMPLE2_PE-consensus.sf",
                "variants/ivar/consensus/bcftools/quast.consensus/contigs_reports/minimap_output/SAMPLE2_PE-consensus.unaligned",
                "variants/ivar/consensus/bcftools/quast.consensus/contigs_reports/minimap_output/SAMPLE2_PE-consensus.used_snps",
                "variants/ivar/consensus/bcftools/quast.consensus/contigs_reports/minimap_output/SAMPLE3_SE-consensus.coords",
                "variants/ivar/consensus/bcftools/quast.consensus/contigs_reports/minimap_output/SAMPLE3_SE-consensus.coords.filtered",
                "variants/ivar/consensus/bcftools/quast.consensus/contigs_reports/minimap_output/SAMPLE3_SE-consensus.coords_tmp",
                "variants/ivar/consensus/bcftools/quast.consensus/contigs_reports/minimap_output/SAMPLE3_SE-consensus.sf",
                "variants/ivar/consensus/bcftools/quast.consensus/contigs_reports/minimap_output/SAMPLE3_SE-consensus.unaligned",
                "variants/ivar/consensus/bcftools/quast.consensus/contigs_reports/minimap_output/SAMPLE3_SE-consensus.used_snps",
                "variants/ivar/consensus/bcftools/quast.consensus/contigs_reports/misassemblies_frcurve_plot.pdf",
                "variants/ivar/consensus/bcftools/quast.consensus/contigs_reports/misassemblies_plot.pdf",
                "variants/ivar/consensus/bcftools/quast.consensus/contigs_reports/misassemblies_report.tex",
                "variants/ivar/consensus/bcftools/quast.consensus/contigs_reports/misassemblies_report.tsv",
                "variants/ivar/consensus/bcftools/quast.consensus/contigs_reports/misassemblies_report.txt",
                "variants/ivar/consensus/bcftools/quast.consensus/contigs_reports/transposed_report_misassemblies.tex",
                "variants/ivar/consensus/bcftools/quast.consensus/contigs_reports/transposed_report_misassemblies.tsv",
                "variants/ivar/consensus/bcftools/quast.consensus/contigs_reports/transposed_report_misassemblies.txt",
                "variants/ivar/consensus/bcftools/quast.consensus/contigs_reports/unaligned_report.tex",
                "variants/ivar/consensus/bcftools/quast.consensus/contigs_reports/unaligned_report.tsv",
                "variants/ivar/consensus/bcftools/quast.consensus/contigs_reports/unaligned_report.txt",
                "variants/ivar/consensus/bcftools/quast.consensus/genome_stats",
                "variants/ivar/consensus/bcftools/quast.consensus/genome_stats/SAMPLE1_PE-consensus_gaps.txt",
                "variants/ivar/consensus/bcftools/quast.consensus/genome_stats/SAMPLE1_PE-consensus_genomic_features_any.txt",
                "variants/ivar/consensus/bcftools/quast.consensus/genome_stats/SAMPLE2_PE-consensus_gaps.txt",
                "variants/ivar/consensus/bcftools/quast.consensus/genome_stats/SAMPLE2_PE-consensus_genomic_features_any.txt",
                "variants/ivar/consensus/bcftools/quast.consensus/genome_stats/SAMPLE3_SE-consensus_gaps.txt",
                "variants/ivar/consensus/bcftools/quast.consensus/genome_stats/SAMPLE3_SE-consensus_genomic_features_any.txt",
                "variants/ivar/consensus/bcftools/quast.consensus/genome_stats/complete_features_histogram.pdf",
                "variants/ivar/consensus/bcftools/quast.consensus/genome_stats/features_cumulative_plot.pdf",
                "variants/ivar/consensus/bcftools/quast.consensus/genome_stats/features_frcurve_plot.pdf",
                "variants/ivar/consensus/bcftools/quast.consensus/genome_stats/genome_fraction_histogram.pdf",
                "variants/ivar/consensus/bcftools/quast.consensus/genome_stats/genome_info.txt",
                "variants/ivar/consensus/bcftools/quast.consensus/icarus.html",
                "variants/ivar/consensus/bcftools/quast.consensus/icarus_viewers",
                "variants/ivar/consensus/bcftools/quast.consensus/icarus_viewers/alignment_viewer.html",
                "variants/ivar/consensus/bcftools/quast.consensus/icarus_viewers/contig_size_viewer.html",
                "variants/ivar/consensus/bcftools/quast.consensus/quast.log",
                "variants/ivar/consensus/bcftools/quast.consensus/report.html",
                "variants/ivar/consensus/bcftools/quast.consensus/report.pdf",
                "variants/ivar/consensus/bcftools/quast.consensus/report.tex",
                "variants/ivar/consensus/bcftools/quast.consensus/report.tsv",
                "variants/ivar/consensus/bcftools/quast.consensus/report.txt",
                "variants/ivar/consensus/bcftools/quast.consensus/transposed_report.tex",
                "variants/ivar/consensus/bcftools/quast.consensus/transposed_report.tsv",
                "variants/ivar/consensus/bcftools/quast.consensus/transposed_report.txt",
                "variants/ivar/log",
                "variants/ivar/log/SAMPLE1_PE.variant_counts.log",
                "variants/ivar/log/SAMPLE2_PE.variant_counts.log",
                "variants/ivar/log/SAMPLE3_SE.variant_counts.log",
                "variants/ivar/snpeff",
                "variants/ivar/snpeff/SAMPLE1_PE.snpeff.csv",
                "variants/ivar/snpeff/SAMPLE1_PE.snpeff.genes.txt",
                "variants/ivar/snpeff/SAMPLE1_PE.snpeff.summary.html",
                "variants/ivar/snpeff/SAMPLE1_PE.snpeff.vcf.gz",
                "variants/ivar/snpeff/SAMPLE1_PE.snpeff.vcf.gz.tbi",
                "variants/ivar/snpeff/SAMPLE1_PE.snpsift.txt",
                "variants/ivar/snpeff/SAMPLE2_PE.snpeff.csv",
                "variants/ivar/snpeff/SAMPLE2_PE.snpeff.genes.txt",
                "variants/ivar/snpeff/SAMPLE2_PE.snpeff.summary.html",
                "variants/ivar/snpeff/SAMPLE2_PE.snpeff.vcf.gz",
                "variants/ivar/snpeff/SAMPLE2_PE.snpeff.vcf.gz.tbi",
                "variants/ivar/snpeff/SAMPLE2_PE.snpsift.txt",
                "variants/ivar/snpeff/SAMPLE3_SE.snpeff.csv",
                "variants/ivar/snpeff/SAMPLE3_SE.snpeff.genes.txt",
                "variants/ivar/snpeff/SAMPLE3_SE.snpeff.summary.html",
                "variants/ivar/snpeff/SAMPLE3_SE.snpeff.vcf.gz",
                "variants/ivar/snpeff/SAMPLE3_SE.snpeff.vcf.gz.tbi",
                "variants/ivar/snpeff/SAMPLE3_SE.snpsift.txt",
                "variants/ivar/snpeff/bcftools_stats",
                "variants/ivar/snpeff/bcftools_stats/SAMPLE1_PE.snpeff.bcftools_stats.txt",
                "variants/ivar/snpeff/bcftools_stats/SAMPLE2_PE.snpeff.bcftools_stats.txt",
                "variants/ivar/snpeff/bcftools_stats/SAMPLE3_SE.snpeff.bcftools_stats.txt",
                "variants/ivar/variants_long_table.csv"
            ],
            [
                "SAMPLE1_PE.contigs.fa.gz:md5,7c027b73ff7512e0a244416b72167d86",
                "SAMPLE2_PE.contigs.fa.gz:md5,315a0eda3a2d1be0fbbad44ebab9b05b",
                "SAMPLE3_SE.contigs.fa.gz:md5,deea55f084df8fc24e3e70662b59af12",
                "gc.icarus.txt:md5,f18a506ebd4e3630c7bb4cef61d30f21",
                "gc.icarus.txt:md5,f18a506ebd4e3630c7bb4cef61d30f21",
                "SAMPLE1_PE.fastp.json:md5,b10cb1ed47642e828e9ec0d9decfcc0f",
                "SAMPLE2_PE.fastp.json:md5,b341616a9d1d07fd0be631cec3c80770",
                "SAMPLE3_SE.fastp.json:md5,3632ee68ad09ff7a0101cddc4de9bf16",
                "SAMPLE1_PE.kraken2.report.txt:md5,fcf2d80b7af884ba09932056fc47601a",
                "SAMPLE2_PE.kraken2.report.txt:md5,7d3f755a8ebf2e9280226fde73306e79",
                "SAMPLE3_SE.kraken2.report.txt:md5,a880da38f8777aa24c9b557dc24ebfbc",
                "bcftools-stats-subtypes.yaml:md5,f51422dce347adbd827524c9e5d6e81d",
                "bcftools_stats_indel-lengths.yaml:md5,3010a9b1a6e1bf90357788d0987e80e9",
                "bcftools_stats_vqc_Count_Indels.yaml:md5,02024268302dedeab70f7f75e36b5ede",
                "bcftools_stats_vqc_Count_SNP.yaml:md5,6aff820986270c33cb78d7c7751578da",
                "bcftools_stats_vqc_Count_Transitions.yaml:md5,e413eec4ac8a5cf0b2d387ba528eb749",
                "bcftools_stats_vqc_Count_Transversions.yaml:md5,c2b352ef9c37d443e29f2d9c1ababcb4",
                "bowtie2_pe_plot.yaml:md5,10cecac4c6aa438ab9438b64e2817afd",
                "bowtie2_se_plot.yaml:md5,6a04c9b4fceae4a74aeb95bf9f7d1e01",
                "cutadapt_filtered_reads_plot.yaml:md5,d6d8c27798e7ed6434cb96c19847a148",
                "cutadapt_trimmed_sequences_plot_default_Counts.yaml:md5,68220582d40423ff8e60ad0d6705d795",
                "cutadapt_trimmed_sequences_plot_default_Obs_Exp.yaml:md5,403f19ed34112994146dfb1f97c5a8a1",
                "fastp-insert-size-plot.yaml:md5,3018ee9a079b9d0c1e04408995d06c42",
                "fastp-seq-content-gc-plot_Read_1_After_filtering.yaml:md5,250f14349a47b34433075ec694abc922",
                "fastp-seq-content-gc-plot_Read_1_Before_filtering.yaml:md5,43147980d3994ca83b27b5abf05b93f0",
                "fastp-seq-content-gc-plot_Read_2_After_filtering.yaml:md5,901bdb0690cff43ab82b6a5caa545eff",
                "fastp-seq-content-gc-plot_Read_2_Before_filtering.yaml:md5,d5ccfffe0cc2ad113374bf2eeaa5ec5a",
                "fastp-seq-content-n-plot_Read_1_After_filtering.yaml:md5,a336581906dfe37e09d4c68a6bf4107c",
                "fastp-seq-content-n-plot_Read_1_Before_filtering.yaml:md5,462c2360db738174ae1fdc392f740cde",
                "fastp-seq-content-n-plot_Read_2_After_filtering.yaml:md5,93a948fdd53671028ef3be334a2bb403",
                "fastp-seq-content-n-plot_Read_2_Before_filtering.yaml:md5,f4fb652e4709886f4dc14a08f7247cee",
                "fastp-seq-quality-plot_Read_1_After_filtering.yaml:md5,bf3b061b79ff7b767c9acb135f77d526",
                "fastp-seq-quality-plot_Read_1_Before_filtering.yaml:md5,29d9e19b1568f94276d78f4a0c1bbd55",
                "fastp-seq-quality-plot_Read_2_After_filtering.yaml:md5,fad435da45c6f6ca4f4bf7699778c839",
                "fastp-seq-quality-plot_Read_2_Before_filtering.yaml:md5,f6309a86fb095428d312be189dfef9c1",
                "fastp_filtered_reads_plot.yaml:md5,46797b5b65c7c8347884f55159b643f4",
                "fastqc-status-check-heatmap.yaml:md5,453f841b08ede9504ddc741a0bed6ef1",
                "fastqc_overrepresented_sequences_plot.yaml:md5,142a9393c382667c95ac6122da5204a3",
                "fastqc_per_base_n_content_plot.yaml:md5,8e2a5f91e57d367e1102d30612abb3ab",
                "fastqc_per_base_sequence_quality_plot.yaml:md5,1b19277e94b3fcb9c2c0ba88bab140ea",
                "fastqc_per_sequence_gc_content_plot_Counts.yaml:md5,c14fe3b3a91f8173d3458d029664c92c",
                "fastqc_per_sequence_gc_content_plot_Percentages.yaml:md5,007b2b715dabccce44bab3d162eb0342",
                "fastqc_per_sequence_quality_scores_plot.yaml:md5,5191d32183fab7a3eb9c7dd8644df0ab",
                "fastqc_sequence_counts_plot.yaml:md5,af043dfc10f5e8196c5090b4c4d7802e",
                "fastqc_sequence_duplication_levels_plot.yaml:md5,e3881a506abe0659592acc0022f7e1d4",
                "fastqc_sequence_length_distribution_plot.yaml:md5,a09cf36d802f1d987e6ee3684bc98295",
                "fastqc_top_overrepresented_sequences_table.yaml:md5,c5525e87c77581c983be47d17d6f002f",
                "kraken-top-n-plot_Class.yaml:md5,5f3c0e1f7cf2fca93f90ec08ea5f6053",
                "kraken-top-n-plot_Domain.yaml:md5,a4a13ff504fa2fa7b1235580c98de19e",
                "kraken-top-n-plot_Family.yaml:md5,22a3a3124e6ac974698c302261cb119f",
                "kraken-top-n-plot_Genus.yaml:md5,90270c9b43f2eff9c5d86406951921c4",
                "kraken-top-n-plot_Order.yaml:md5,9951c26415a0852d994863d13c508ff1",
                "kraken-top-n-plot_Phylum.yaml:md5,79739f9464a4ab07a07573bc0f12e07f",
                "kraken-top-n-plot_Unclassified.yaml:md5,ba45c76e7733a0c21151bcea30cf2598",
                "mosdepth-coverage-per-contig-single.yaml:md5,df246bf2f408a7b2e8051a5fd9f24a1b",
                "mosdepth-cumcoverage-dist-id.yaml:md5,0c8d6fb55b7244190edef3786ef3b5e1",
                "mosdepth_cov_dist.yaml:md5,370c43207d9213c62804ed9bdc1c5610",
                "mosdepth_cumcov_dist.yaml:md5,370c43207d9213c62804ed9bdc1c5610",
                "mosdepth_perchrom.yaml:md5,849d27e64ef13ddecc5f2b2dbf93a1ba",
                "multiqc_amplicon_heatmap.yaml:md5,435b4f5bcd2a53dad7124a02f5a2f50c",
                "multiqc_bcftools_stats.yaml:md5,c7402841eba05c426d0375ee1b0c6740",
                "multiqc_bowtie2.yaml:md5,5060f240b4210f8cf0cc7718748a6f9b",
                "multiqc_citations.yaml:md5,6604be3c186cd954ce9a4bdd68c0aa8c",
                "multiqc_cutadapt.yaml:md5,2471bb372409a815d6e869a03daea482",
                "multiqc_fastp.yaml:md5,0258b4d2a11a2aa61ca60bf9e303f859",
                "multiqc_fastqc.yaml:md5,7b74e5229b298fac53ec73b7194bb2f0",
                "multiqc_ivar_variants.yaml:md5,22a1b3904671b16aace3b5f73a907614",
                "multiqc_kraken.yaml:md5,7b5c5eae926f38e7326941d1e38db40b",
                "multiqc_nextclade_clade.yaml:md5,15ccc4848ada72c96c9b39606517a9bb",
                "multiqc_pangolin.yaml:md5,fc7af8a7b55ba7b484757b0799208301",
                "multiqc_quast_quast_spades.yaml:md5,cb9b2122a8d6fd4aef51da97bdc5180d",
                "multiqc_quast_quast_variants.yaml:md5,1465f3600b1643497310946af66d0618",
                "multiqc_snpeff.yaml:md5,42d92c43058c25ce03620a2add521006",
                "pangolin_run_table.yaml:md5,16f4616675164243c67439101defe45e",
                "snpeff_effects.yaml:md5,43533ac29b261ab7132c69c7034648ad",
                "snpeff_variant_effects_class.yaml:md5,5f31369f0e087d4fe7eddc14d908f11f",
                "snpeff_variant_effects_impact.yaml:md5,ab3b8b418a47185b61d19a06f2a8e846",
                "snpeff_variant_effects_region.yaml:md5,212498fd3cc6647f127fa65d7afcf754",
                "SAMPLE1_PE.bowtie2.log:md5,20e68f8b6b41da0dffeccbb49e867be2",
                "SAMPLE1_PE.ivar_trim.ivar.log:md5,d41d8cd98f00b204e9800998ecf8427e",
                "SAMPLE2_PE.bowtie2.log:md5,2cc188d8003e49d74567b2f04c2f34b2",
                "SAMPLE2_PE.ivar_trim.ivar.log:md5,d41d8cd98f00b204e9800998ecf8427e",
                "SAMPLE3_SE.bowtie2.log:md5,b385622109b303f70f77eb820b53f993",
                "SAMPLE3_SE.ivar_trim.ivar.log:md5,d41d8cd98f00b204e9800998ecf8427e",
                "SAMPLE1_PE.mosdepth.coverage.tsv:md5,c84ccf9896e25886b047f20a18ae67e0",
                "SAMPLE1_PE.mosdepth.summary.txt:md5,e859adaf4e6a38b8a96f648ad33369ff",
                "SAMPLE2_PE.mosdepth.coverage.tsv:md5,acf217789d27cd8ab99ca33083d4cf8c",
                "SAMPLE2_PE.mosdepth.summary.txt:md5,590ba08ed87f2983fffc39fa614e1d68",
                "SAMPLE3_SE.mosdepth.coverage.tsv:md5,e47d5384b477f07f44699c8937fe974d",
                "SAMPLE3_SE.mosdepth.summary.txt:md5,4a14d618a2d67b8c82ee6b7fcff6758f",
                "all_samples.mosdepth.heatmap.tsv:md5,b936cd94acca43c03f32768dc278d450",
                "SAMPLE1_PE.mosdepth.coverage.tsv:md5,f4adb195e3f8033e16ddb3c904e80f31",
                "SAMPLE1_PE.mosdepth.summary.txt:md5,8340553e9fa56f6215f07fd17f836bd6",
                "SAMPLE2_PE.mosdepth.coverage.tsv:md5,dbc8f909895ca68fadcce18e5964f2be",
                "SAMPLE2_PE.mosdepth.summary.txt:md5,8826449e90d05b291e3f41c543971b6a",
                "SAMPLE3_SE.mosdepth.coverage.tsv:md5,dc3f6756235d584a8cdb4280128d13c8",
                "SAMPLE3_SE.mosdepth.summary.txt:md5,27f7f5f8a2caef36dcc1dd504dd4f581",
                "SAMPLE1_PE.ivar_trim.sorted.bam.flagstat:md5,175a8826b10890b304fd7a30335b98a0",
                "SAMPLE1_PE.ivar_trim.sorted.bam.idxstats:md5,461869ebfe660675af9e5b2b30bec52c",
                "SAMPLE1_PE.ivar_trim.sorted.bam.stats:md5,cd580a5ea6402dbc30cbf6f1d7ca8a49",
                "SAMPLE1_PE.sorted.bam.flagstat:md5,b71fa417d19a1c64e53a7a4bbb9a66a3",
                "SAMPLE1_PE.sorted.bam.idxstats:md5,d3f51babb7c8757456be63c9b75ee3d0",
                "SAMPLE1_PE.sorted.bam.stats:md5,af3b213b55439503167be5c552675999",
                "SAMPLE2_PE.ivar_trim.sorted.bam.flagstat:md5,47616687e389589e8fe1d596bbe4a332",
                "SAMPLE2_PE.ivar_trim.sorted.bam.idxstats:md5,5f9def3fdb732d1da43650235b5e00e2",
                "SAMPLE2_PE.ivar_trim.sorted.bam.stats:md5,1fb3b3364c0c1bd3349ce9f512b68dae",
                "SAMPLE2_PE.sorted.bam.flagstat:md5,041ab8f42dae5f155ee9d7d2a2f23442",
                "SAMPLE2_PE.sorted.bam.idxstats:md5,72e323cef6b90aea7741eb88cfa843ee",
                "SAMPLE2_PE.sorted.bam.stats:md5,aaf6ffaaa8272bc2bf92484d3be077d2",
                "SAMPLE3_SE.ivar_trim.sorted.bam.flagstat:md5,6a2d2647c43aa48506d8d1536e498dc5",
                "SAMPLE3_SE.ivar_trim.sorted.bam.idxstats:md5,6be1ee32c50c77d6a853f02cd42307ba",
                "SAMPLE3_SE.ivar_trim.sorted.bam.stats:md5,398a4f332098cabfdd7aeb71f067b038",
                "SAMPLE3_SE.sorted.bam.flagstat:md5,0ae9908cf4840b0ec4ae74afbd395244",
                "SAMPLE3_SE.sorted.bam.idxstats:md5,184d8ad417ee4242377f18880675165b",
                "SAMPLE3_SE.sorted.bam.stats:md5,f017c5a5b5921846bd999b332ba0aecf",
                "SAMPLE1_PE.tsv:md5,d11ff38b97ad069639067037f2f00e6a",
                "SAMPLE1_PE.vcf.gz:md5,9aafa01bb1f76e93134858b0925df5a6",
                "SAMPLE1_PE.vcf.gz.tbi:md5,b8a56afca77cc154e8573fc4ff5e90a1",
                "SAMPLE2_PE.tsv:md5,81285393974428d2fed60b398aa9a6d7",
                "SAMPLE2_PE.vcf.gz:md5,17a704aead48552e3ffacc28de270c88",
                "SAMPLE2_PE.vcf.gz.tbi:md5,088d424962646dd6bbe853287cffd93b",
                "SAMPLE3_SE.tsv:md5,4ae3bc88a5952e78344d98d46fecdd55",
                "SAMPLE3_SE.vcf.gz:md5,0e341aa5bfdd7eed1fbf2826d2519442",
                "SAMPLE3_SE.vcf.gz.tbi:md5,5f9630fde9a4d6b478ac1bfe54231266",
                "SAMPLE1_PE.bcftools_stats.txt:md5,dea48017f4cfd2d4b8560e2343cf6bd8",
                "SAMPLE2_PE.bcftools_stats.txt:md5,ad3a8f84c4dfb2af18fbf2d512340bc1",
                "SAMPLE3_SE.bcftools_stats.txt:md5,474e5dde3ce408bb36eb4b2452d46907",
                "SAMPLE1_PE.consensus.fa:md5,c5e132e6eb734d77f729ff04f8350873",
                "SAMPLE2_PE.consensus.fa:md5,8b9608797e3f74b335a721d2506906f7",
                "SAMPLE3_SE.consensus.fa:md5,9e9e92afafe787e7672a4e8e80245383",
                "SAMPLE1_PE.consensus.N_run.tsv:md5,2313262f62f3cdbbb874d1baa1364bbc",
                "SAMPLE1_PE.consensus.base_counts.tsv:md5,4ea4fd8c48169fa2eeebb4da8d85cdd3",
                "SAMPLE2_PE.consensus.N_run.tsv:md5,1c74676bba1e12d640748ac51e731ae7",
                "SAMPLE2_PE.consensus.base_counts.tsv:md5,849837547485915dd5cb4efa7c8cfe9d",
                "SAMPLE3_SE.consensus.N_run.tsv:md5,8fc26eab2393cfde6daf0212d18d58f9",
                "SAMPLE3_SE.consensus.base_counts.tsv:md5,ecdec402d1e7a094dd26c3d2b906e690",
                "SAMPLE1_PE.csv:md5,2d907beef116676a177200301bca4e7c",
                "SAMPLE2_PE.csv:md5,610fb1a8df7fe7e18598237ebe9db36a",
                "SAMPLE3_SE.csv:md5,1f129eab464674e6b2c404c809d0146b",
                "SAMPLE1_PE.pangolin.csv:md5,93ad34cfc22d3c7a1bb9fe60c51e166f",
                "SAMPLE2_PE.pangolin.csv:md5,151e8da109924024f0501e44c1798592",
                "SAMPLE3_SE.pangolin.csv:md5,677f4e275cfb91cf5948d57a3f717412",
                "gc.icarus.txt:md5,f18a506ebd4e3630c7bb4cef61d30f21",
                "SAMPLE1_PE.variant_counts.log:md5,dca67b678c8fb1ff819c6e2549bd526d",
                "SAMPLE2_PE.variant_counts.log:md5,3e36a199838f298a5db0e86f360d394e",
                "SAMPLE3_SE.variant_counts.log:md5,bff4c9669df21990ba1eb566a9e6682d",
                "SAMPLE1_PE.snpeff.vcf.gz:md5,edf140a918cebf02b7f3c22b49c01270",
                "SAMPLE1_PE.snpeff.vcf.gz.tbi:md5,292283265618ac1d4a62bb81674ea7b0",
                "SAMPLE1_PE.snpsift.txt:md5,bec691d2192871b8091c5dff4a51d396",
                "SAMPLE2_PE.snpeff.vcf.gz:md5,c0b2b026c153e6eedfd542ffcdfb2552",
                "SAMPLE2_PE.snpeff.vcf.gz.tbi:md5,9d48f5beab5cea31a7d4df8f8e844417",
                "SAMPLE2_PE.snpsift.txt:md5,b02c4532b35699c09f064f18279b4d8d",
                "SAMPLE3_SE.snpeff.vcf.gz:md5,7d1affc6fe1afacb5c3254013c9eead9",
                "SAMPLE3_SE.snpeff.vcf.gz.tbi:md5,21c8e523f82fe3012ee614a138b9de47",
                "SAMPLE3_SE.snpsift.txt:md5,3a49e80957d30c5819e3e72964d890f4",
                "SAMPLE1_PE.snpeff.bcftools_stats.txt:md5,f60e68e48fc0bca588a2fb1bb9576b85",
                "SAMPLE2_PE.snpeff.bcftools_stats.txt:md5,63e2ca3cd6372f95362e6bf3c5622601",
                "SAMPLE3_SE.snpeff.bcftools_stats.txt:md5,9e57202bccab4c194a98394545b313a2",
                "variants_long_table.csv:md5,4f18039f0146a8fb967769881e6e6635"
            ]
        ],
        "meta": {
            "nf-test": "0.9.3",
            "nextflow": "26.04.0"
        },
        "timestamp": "2026-05-06T13:14:31.98428725"
    }
}