{
    "-profile test_ev": {
        "content": [
            {
                "ABACAS": {
                    "abacas": "1.3.1"
                },
                "BANDAGE_IMAGE": {
                    "bandage": "0.9.0"
                },
                "BLAST_BLASTN": {
                    "blastn": "2.17.0+"
                },
                "CAT_FASTQ": {
                    "cat": 9.5
                },
                "FASTP": {
                    "fastp": "1.1.0"
                },
                "FASTQC_RAW": {
                    "fastqc": "0.12.1"
                },
                "FASTQC_TRIM": {
                    "fastqc": "0.12.1"
                },
                "FILTER_BLASTN": {
                    "sed": 4.9
                },
                "GUNZIP_FASTA": {
                    "gunzip": 1.13
                },
                "GUNZIP_GFA": {
                    "gunzip": 1.13
                },
                "GUNZIP_GFF": {
                    "gunzip": 1.13
                },
                "GUNZIP_SCAFFOLDS": {
                    "gunzip": 1.13
                },
                "KRAKEN2_KRAKEN2": {
                    "kraken2": "2.1.6",
                    "pigz": 2.8
                },
                "QUAST": {
                    "quast": "5.3.0"
                },
                "SAMTOOLS_FAIDX": {
                    "samtools": "1.23.1"
                },
                "SPADES": {
                    "spades": "4.1.0"
                },
                "UNICYCLER": {
                    "unicycler": "0.5.1"
                },
                "UNTAR_BLAST_DB": {
                    "untar": 1.34
                },
                "UNTAR_KRAKEN2_DB": {
                    "untar": 1.34
                },
                "Workflow": {
                    "nf-core/viralrecon": "v3.1.0dev"
                }
            },
            [
                "assembly",
                "assembly/spades",
                "assembly/spades/rnaviral",
                "assembly/spades/rnaviral/SRR13266665.assembly.gfa.gz",
                "assembly/spades/rnaviral/SRR13266665.contigs.fa.gz",
                "assembly/spades/rnaviral/SRR13266665.scaffolds.fa.gz",
                "assembly/spades/rnaviral/abacas",
                "assembly/spades/rnaviral/abacas/SRR13266665.abacas.MULTIFASTA.fa",
                "assembly/spades/rnaviral/abacas/SRR13266665.abacas.bin",
                "assembly/spades/rnaviral/abacas/SRR13266665.abacas.crunch",
                "assembly/spades/rnaviral/abacas/SRR13266665.abacas.fasta",
                "assembly/spades/rnaviral/abacas/SRR13266665.abacas.gaps",
                "assembly/spades/rnaviral/abacas/SRR13266665.abacas.gaps.tab",
                "assembly/spades/rnaviral/abacas/SRR13266665.abacas.nucmer.delta",
                "assembly/spades/rnaviral/abacas/SRR13266665.abacas.nucmer.filtered.delta",
                "assembly/spades/rnaviral/abacas/SRR13266665.abacas.nucmer.tiling",
                "assembly/spades/rnaviral/abacas/SRR13266665.abacas.tab",
                "assembly/spades/rnaviral/abacas/SRR13266665.abacas.unused.contigs.out",
                "assembly/spades/rnaviral/bandage",
                "assembly/spades/rnaviral/bandage/SRR13266665.png",
                "assembly/spades/rnaviral/bandage/SRR13266665.svg",
                "assembly/spades/rnaviral/blastn",
                "assembly/spades/rnaviral/blastn/SRR13266665.filter.blastn.txt",
                "assembly/spades/rnaviral/blastn/SRR13266665.results.blastn.txt",
                "assembly/spades/rnaviral/log",
                "assembly/spades/rnaviral/log/SRR13266665.spades.log",
                "assembly/spades/rnaviral/quast.spades",
                "assembly/spades/rnaviral/quast.spades/basic_stats",
                "assembly/spades/rnaviral/quast.spades/basic_stats/GC_content_plot.pdf",
                "assembly/spades/rnaviral/quast.spades/basic_stats/NGx_plot.pdf",
                "assembly/spades/rnaviral/quast.spades/basic_stats/Nx_plot.pdf",
                "assembly/spades/rnaviral/quast.spades/basic_stats/SRR13266665-scaffolds_coverage_histogram.pdf",
                "assembly/spades/rnaviral/quast.spades/basic_stats/SRR13266665.scaffolds_GC_content_plot.pdf",
                "assembly/spades/rnaviral/quast.spades/basic_stats/coverage_histogram.pdf",
                "assembly/spades/rnaviral/quast.spades/basic_stats/cumulative_plot.pdf",
                "assembly/spades/rnaviral/quast.spades/basic_stats/gc.icarus.txt",
                "assembly/spades/rnaviral/quast.spades/contigs_reports",
                "assembly/spades/rnaviral/quast.spades/contigs_reports/SRR13266665-scaffolds.misassemblies.gff",
                "assembly/spades/rnaviral/quast.spades/contigs_reports/all_alignments_SRR13266665-scaffolds.tsv",
                "assembly/spades/rnaviral/quast.spades/contigs_reports/contigs_report_SRR13266665-scaffolds.mis_contigs.info",
                "assembly/spades/rnaviral/quast.spades/contigs_reports/contigs_report_SRR13266665-scaffolds.stderr",
                "assembly/spades/rnaviral/quast.spades/contigs_reports/contigs_report_SRR13266665-scaffolds.stdout",
                "assembly/spades/rnaviral/quast.spades/contigs_reports/minimap_output",
                "assembly/spades/rnaviral/quast.spades/contigs_reports/minimap_output/SRR13266665-scaffolds.coords_tmp",
                "assembly/spades/rnaviral/quast.spades/icarus.html",
                "assembly/spades/rnaviral/quast.spades/icarus_viewers",
                "assembly/spades/rnaviral/quast.spades/icarus_viewers/contig_size_viewer.html",
                "assembly/spades/rnaviral/quast.spades/quast.log",
                "assembly/spades/rnaviral/quast.spades/report.html",
                "assembly/spades/rnaviral/quast.spades/report.pdf",
                "assembly/spades/rnaviral/quast.spades/report.tex",
                "assembly/spades/rnaviral/quast.spades/report.tsv",
                "assembly/spades/rnaviral/quast.spades/report.txt",
                "assembly/spades/rnaviral/quast.spades/transposed_report.tex",
                "assembly/spades/rnaviral/quast.spades/transposed_report.tsv",
                "assembly/spades/rnaviral/quast.spades/transposed_report.txt",
                "assembly/unicycler",
                "assembly/unicycler/SRR13266665.assembly.gfa.gz",
                "assembly/unicycler/SRR13266665.scaffolds.fa.gz",
                "assembly/unicycler/abacas",
                "assembly/unicycler/abacas/SRR13266665.abacas.MULTIFASTA.fa",
                "assembly/unicycler/abacas/SRR13266665.abacas.bin",
                "assembly/unicycler/abacas/SRR13266665.abacas.crunch",
                "assembly/unicycler/abacas/SRR13266665.abacas.fasta",
                "assembly/unicycler/abacas/SRR13266665.abacas.gaps",
                "assembly/unicycler/abacas/SRR13266665.abacas.gaps.tab",
                "assembly/unicycler/abacas/SRR13266665.abacas.nucmer.delta",
                "assembly/unicycler/abacas/SRR13266665.abacas.nucmer.filtered.delta",
                "assembly/unicycler/abacas/SRR13266665.abacas.nucmer.tiling",
                "assembly/unicycler/abacas/SRR13266665.abacas.tab",
                "assembly/unicycler/abacas/SRR13266665.abacas.unused.contigs.out",
                "assembly/unicycler/bandage",
                "assembly/unicycler/bandage/SRR13266665.png",
                "assembly/unicycler/bandage/SRR13266665.svg",
                "assembly/unicycler/blastn",
                "assembly/unicycler/blastn/SRR13266665.filter.blastn.txt",
                "assembly/unicycler/blastn/SRR13266665.results.blastn.txt",
                "assembly/unicycler/log",
                "assembly/unicycler/log/SRR13266665.unicycler.log",
                "assembly/unicycler/quast.unicycler",
                "assembly/unicycler/quast.unicycler/basic_stats",
                "assembly/unicycler/quast.unicycler/basic_stats/GC_content_plot.pdf",
                "assembly/unicycler/quast.unicycler/basic_stats/NGx_plot.pdf",
                "assembly/unicycler/quast.unicycler/basic_stats/Nx_plot.pdf",
                "assembly/unicycler/quast.unicycler/basic_stats/SRR13266665.scaffolds_GC_content_plot.pdf",
                "assembly/unicycler/quast.unicycler/basic_stats/cumulative_plot.pdf",
                "assembly/unicycler/quast.unicycler/basic_stats/gc.icarus.txt",
                "assembly/unicycler/quast.unicycler/contigs_reports",
                "assembly/unicycler/quast.unicycler/contigs_reports/SRR13266665-scaffolds.misassemblies.gff",
                "assembly/unicycler/quast.unicycler/contigs_reports/all_alignments_SRR13266665-scaffolds.tsv",
                "assembly/unicycler/quast.unicycler/contigs_reports/contigs_report_SRR13266665-scaffolds.mis_contigs.info",
                "assembly/unicycler/quast.unicycler/contigs_reports/contigs_report_SRR13266665-scaffolds.stderr",
                "assembly/unicycler/quast.unicycler/contigs_reports/contigs_report_SRR13266665-scaffolds.stdout",
                "assembly/unicycler/quast.unicycler/contigs_reports/minimap_output",
                "assembly/unicycler/quast.unicycler/contigs_reports/minimap_output/SRR13266665-scaffolds.coords_tmp",
                "assembly/unicycler/quast.unicycler/icarus.html",
                "assembly/unicycler/quast.unicycler/icarus_viewers",
                "assembly/unicycler/quast.unicycler/icarus_viewers/contig_size_viewer.html",
                "assembly/unicycler/quast.unicycler/quast.log",
                "assembly/unicycler/quast.unicycler/report.html",
                "assembly/unicycler/quast.unicycler/report.pdf",
                "assembly/unicycler/quast.unicycler/report.tex",
                "assembly/unicycler/quast.unicycler/report.tsv",
                "assembly/unicycler/quast.unicycler/report.txt",
                "assembly/unicycler/quast.unicycler/transposed_report.tex",
                "assembly/unicycler/quast.unicycler/transposed_report.tsv",
                "assembly/unicycler/quast.unicycler/transposed_report.txt",
                "fastp",
                "fastp/SRR13266665.fastp.html",
                "fastp/SRR13266665.fastp.json",
                "fastp/log",
                "fastp/log/SRR13266665.fastp.log",
                "fastqc",
                "fastqc/raw",
                "fastqc/raw/SRR13266665_1_fastqc.html",
                "fastqc/raw/SRR13266665_1_fastqc.zip",
                "fastqc/raw/SRR13266665_2_fastqc.html",
                "fastqc/raw/SRR13266665_2_fastqc.zip",
                "fastqc/trim",
                "fastqc/trim/SRR13266665_1_fastqc.html",
                "fastqc/trim/SRR13266665_1_fastqc.zip",
                "fastqc/trim/SRR13266665_2_fastqc.html",
                "fastqc/trim/SRR13266665_2_fastqc.zip",
                "kraken2",
                "kraken2/SRR13266665.kraken2.report.txt",
                "multiqc",
                "multiqc/multiqc_data",
                "multiqc/multiqc_data/fastp-insert-size-plot.yaml",
                "multiqc/multiqc_data/fastp-seq-content-gc-plot_Read_1_After_filtering.yaml",
                "multiqc/multiqc_data/fastp-seq-content-gc-plot_Read_1_Before_filtering.yaml",
                "multiqc/multiqc_data/fastp-seq-content-gc-plot_Read_2_After_filtering.yaml",
                "multiqc/multiqc_data/fastp-seq-content-gc-plot_Read_2_Before_filtering.yaml",
                "multiqc/multiqc_data/fastp-seq-content-n-plot_Read_1_After_filtering.yaml",
                "multiqc/multiqc_data/fastp-seq-content-n-plot_Read_1_Before_filtering.yaml",
                "multiqc/multiqc_data/fastp-seq-content-n-plot_Read_2_After_filtering.yaml",
                "multiqc/multiqc_data/fastp-seq-content-n-plot_Read_2_Before_filtering.yaml",
                "multiqc/multiqc_data/fastp-seq-quality-plot_Read_1_After_filtering.yaml",
                "multiqc/multiqc_data/fastp-seq-quality-plot_Read_1_Before_filtering.yaml",
                "multiqc/multiqc_data/fastp-seq-quality-plot_Read_2_After_filtering.yaml",
                "multiqc/multiqc_data/fastp-seq-quality-plot_Read_2_Before_filtering.yaml",
                "multiqc/multiqc_data/fastp_filtered_reads_plot.yaml",
                "multiqc/multiqc_data/fastqc-status-check-heatmap.yaml",
                "multiqc/multiqc_data/fastqc_overrepresented_sequences_plot.yaml",
                "multiqc/multiqc_data/fastqc_per_base_n_content_plot.yaml",
                "multiqc/multiqc_data/fastqc_per_base_sequence_quality_plot.yaml",
                "multiqc/multiqc_data/fastqc_per_sequence_gc_content_plot_Counts.yaml",
                "multiqc/multiqc_data/fastqc_per_sequence_gc_content_plot_Percentages.yaml",
                "multiqc/multiqc_data/fastqc_per_sequence_quality_scores_plot.yaml",
                "multiqc/multiqc_data/fastqc_sequence_counts_plot.yaml",
                "multiqc/multiqc_data/fastqc_sequence_duplication_levels_plot.yaml",
                "multiqc/multiqc_data/fastqc_sequence_length_distribution_plot.yaml",
                "multiqc/multiqc_data/fastqc_top_overrepresented_sequences_table.yaml",
                "multiqc/multiqc_data/kraken-top-n-plot_Class.yaml",
                "multiqc/multiqc_data/kraken-top-n-plot_Domain.yaml",
                "multiqc/multiqc_data/kraken-top-n-plot_Family.yaml",
                "multiqc/multiqc_data/kraken-top-n-plot_Genus.yaml",
                "multiqc/multiqc_data/kraken-top-n-plot_Order.yaml",
                "multiqc/multiqc_data/kraken-top-n-plot_Phylum.yaml",
                "multiqc/multiqc_data/kraken-top-n-plot_Unclassified.yaml",
                "multiqc/multiqc_data/llms-full.txt",
                "multiqc/multiqc_data/multiqc.log",
                "multiqc/multiqc_data/multiqc.parquet",
                "multiqc/multiqc_data/multiqc_citations.yaml",
                "multiqc/multiqc_data/multiqc_data.json",
                "multiqc/multiqc_data/multiqc_fastp.yaml",
                "multiqc/multiqc_data/multiqc_fastqc.yaml",
                "multiqc/multiqc_data/multiqc_kraken.yaml",
                "multiqc/multiqc_data/multiqc_quast_quast_spades.yaml",
                "multiqc/multiqc_data/multiqc_quast_quast_unicycler.yaml",
                "multiqc/multiqc_data/multiqc_software_versions.yaml",
                "multiqc/multiqc_data/multiqc_sources.yaml",
                "multiqc/multiqc_data/multiqc_summary_assembly_metrics_plot.yaml",
                "multiqc/multiqc_data/quast_num_contigs.yaml",
                "multiqc/multiqc_data/quast_table.yaml",
                "multiqc/multiqc_report.html",
                "multiqc/summary_assembly_metrics_mqc.csv",
                "pipeline_info",
                "pipeline_info/nf_core_viralrecon_software_mqc_versions.yml"
            ],
            [
                "SRR13266665.contigs.fa.gz:md5,d6fb919c8683a3025cf6c5fd512f5245",
                "gc.icarus.txt:md5,3f5e959947cbc0d2744053261dbf77c4",
                "gc.icarus.txt:md5,3f5e959947cbc0d2744053261dbf77c4",
                "SRR13266665.fastp.json:md5,365cd8099c91d57ce07c0615d4899128",
                "SRR13266665.kraken2.report.txt:md5,ba7c54a91f0a60efe950bed82f8d6e87",
                "fastp-insert-size-plot.yaml:md5,f24342085c60ebe502748e94858075d8",
                "fastp-seq-content-gc-plot_Read_1_After_filtering.yaml:md5,ae0da8f82bc6727c525f78e537d86b6b",
                "fastp-seq-content-gc-plot_Read_1_Before_filtering.yaml:md5,e4b5137096615cc53d70c8ecdcefe634",
                "fastp-seq-content-gc-plot_Read_2_After_filtering.yaml:md5,a002ca3ce3a55b5b86349ad43b8dfdc7",
                "fastp-seq-content-gc-plot_Read_2_Before_filtering.yaml:md5,533b9b085af5d084db0cbe5b3510bd4c",
                "fastp-seq-content-n-plot_Read_1_After_filtering.yaml:md5,115f65e85cf0294dc32bc1d17e0c0788",
                "fastp-seq-content-n-plot_Read_1_Before_filtering.yaml:md5,5ee9e0f139f2106e71c448e4c663e11d",
                "fastp-seq-content-n-plot_Read_2_After_filtering.yaml:md5,0d8bab884f02a9ffb197d0d366582475",
                "fastp-seq-content-n-plot_Read_2_Before_filtering.yaml:md5,de821231b18ab7748e3cf0135840bc3d",
                "fastp-seq-quality-plot_Read_1_After_filtering.yaml:md5,5d0f0dee8100ad7a9967bfe1b1c3e231",
                "fastp-seq-quality-plot_Read_1_Before_filtering.yaml:md5,c1728341524c345c79e37b32e128fc1f",
                "fastp-seq-quality-plot_Read_2_After_filtering.yaml:md5,52de3fbbf50d6ae25a7b73a996d8550a",
                "fastp-seq-quality-plot_Read_2_Before_filtering.yaml:md5,7ed87a48374a2914c280f67c2fc9dbbc",
                "fastp_filtered_reads_plot.yaml:md5,2f21a377a1dc2bc49554f3aa8375b3c5",
                "fastqc-status-check-heatmap.yaml:md5,80ea9c73a71a4ef160edabc17fce141c",
                "fastqc_overrepresented_sequences_plot.yaml:md5,b326cd827c061b482002a23ef0d65bde",
                "fastqc_per_base_n_content_plot.yaml:md5,c260c705eed07f86e5b114ce00bbcc98",
                "fastqc_per_base_sequence_quality_plot.yaml:md5,5a8a283fd2cbc284ec0da96bd1022b7a",
                "fastqc_per_sequence_gc_content_plot_Counts.yaml:md5,566db7975fb861f2e7fe7bf1d0644ad4",
                "fastqc_per_sequence_gc_content_plot_Percentages.yaml:md5,7d3dd7dc344f356dcbba0a5b2389a237",
                "fastqc_per_sequence_quality_scores_plot.yaml:md5,723bcbcbdbcf69d06093e799d7671521",
                "fastqc_sequence_counts_plot.yaml:md5,acf123221dfafe3e7c7fc4cdb8241166",
                "fastqc_sequence_duplication_levels_plot.yaml:md5,080db3db0edbf2bcb5f91086b1561ae6",
                "fastqc_sequence_length_distribution_plot.yaml:md5,9050667e77165e3eab301035ba4171c8",
                "fastqc_top_overrepresented_sequences_table.yaml:md5,3cbefd2b5c585cb29eb796ab18c33891",
                "kraken-top-n-plot_Class.yaml:md5,aa0974a3cf61cd5a9abe0e4b02994b38",
                "kraken-top-n-plot_Domain.yaml:md5,aa0974a3cf61cd5a9abe0e4b02994b38",
                "kraken-top-n-plot_Family.yaml:md5,aa0974a3cf61cd5a9abe0e4b02994b38",
                "kraken-top-n-plot_Genus.yaml:md5,aa0974a3cf61cd5a9abe0e4b02994b38",
                "kraken-top-n-plot_Order.yaml:md5,aa0974a3cf61cd5a9abe0e4b02994b38",
                "kraken-top-n-plot_Phylum.yaml:md5,aa0974a3cf61cd5a9abe0e4b02994b38",
                "kraken-top-n-plot_Unclassified.yaml:md5,aa0974a3cf61cd5a9abe0e4b02994b38",
                "multiqc_citations.yaml:md5,db2447b791e1f71a3b42cc5957febf64",
                "multiqc_fastp.yaml:md5,a4918c922739495f9e994b452043b802",
                "multiqc_fastqc.yaml:md5,739201476016f8db8752a42e43782b5f",
                "multiqc_kraken.yaml:md5,b5b6612a16dd78f1f0a096fc7fe424bb",
                "multiqc_quast_quast_spades.yaml:md5,d8d4dd92149a983cddaaa3bb10cd8b0c"
            ]
        ],
        "meta": {
            "nf-test": "0.9.3",
            "nextflow": "26.04.0"
        },
        "timestamp": "2026-05-06T13:15:36.357602835"
    }
}