{
    "-profile test_nanopore": {
        "content": [
            {
                "ARTIC_GUPPYPLEX": {
                    "artic": "1.6.2"
                },
                "ARTIC_MINION": {
                    "artic": "1.6.2"
                },
                "BCFTOOLS_QUERY": {
                    "bcftools": "1.23.1"
                },
                "BCFTOOLS_STATS": {
                    "bcftools": "1.23.1"
                },
                "COLLAPSE_PRIMERS": {
                    "python": "3.13.2"
                },
                "FREYJA_DEMIX": {
                    "freyja": "2.0.3"
                },
                "FREYJA_UPDATE": {
                    "freyja": "2.0.3"
                },
                "FREYJA_VARIANTS": {
                    "freyja": "2.0.3"
                },
                "GUNZIP_FASTA": {
                    "gunzip": 1.13
                },
                "GUNZIP_GFF": {
                    "gunzip": 1.13
                },
                "KRAKEN2_KRAKEN2": {
                    "kraken2": "2.1.6",
                    "pigz": 2.8
                },
                "MAKE_VARIANTS_LONG_TABLE": {
                    "python": "3.13.2"
                },
                "MOSDEPTH_AMPLICON": {
                    "gzip": 1.14,
                    "mosdepth": "0.3.14"
                },
                "MOSDEPTH_GENOME": {
                    "gzip": 1.14,
                    "mosdepth": "0.3.14"
                },
                "NANOPLOT": {
                    "nanoplot": "1.46.1"
                },
                "PANGOLIN_RUN": {
                    "pangolin": "4.3.1"
                },
                "PLOT_MOSDEPTH_REGIONS_AMPLICON": {
                    "r-base": "4.2.0"
                },
                "PLOT_MOSDEPTH_REGIONS_GENOME": {
                    "r-base": "4.2.0"
                },
                "PYCOQC": {
                    "pycoqc": "2.5.2"
                },
                "QUAST": {
                    "quast": "5.3.0"
                },
                "SAMTOOLS_FAIDX": {
                    "samtools": "1.23.1"
                },
                "SAMTOOLS_FLAGSTAT": {
                    "samtools": "1.23.1"
                },
                "SAMTOOLS_IDXSTATS": {
                    "samtools": "1.23.1"
                },
                "SAMTOOLS_INDEX": {
                    "samtools": "1.23.1"
                },
                "SAMTOOLS_STATS": {
                    "samtools": "1.23.1"
                },
                "SAMTOOLS_VIEW": {
                    "samtools": "1.23.1"
                },
                "SNPEFF_ANN": {
                    "snpeff": "5.0e"
                },
                "SNPEFF_BUILD": {
                    "snpeff": "5.0e"
                },
                "SNPSIFT_EXTRACTFIELDS": {
                    "snpsift": 4.3
                },
                "TABIX_BGZIP": {
                    "tabix": 1.21
                },
                "TABIX_TABIX": {
                    "tabix": 1.21
                },
                "UNTAR": {
                    "untar": 1.34
                },
                "UNTAR_KRAKEN2_DB": {
                    "untar": 1.34
                },
                "UNTAR_PANGODB": {
                    "untar": 1.34
                },
                "VCFLIB_VCFUNIQ": {
                    "vcflib": "1.0.14"
                },
                "Workflow": {
                    "nf-core/viralrecon": "v3.1.0dev"
                }
            },
            [
                "artic",
                "artic/SAMPLE_01.1.trimmed.rg.sorted.bam",
                "artic/SAMPLE_01.1.trimmed.rg.sorted.bam.bai",
                "artic/SAMPLE_01.2.trimmed.rg.sorted.bam",
                "artic/SAMPLE_01.2.trimmed.rg.sorted.bam.bai",
                "artic/SAMPLE_01.consensus.fasta",
                "artic/SAMPLE_01.fail.vcf",
                "artic/SAMPLE_01.merged.vcf",
                "artic/SAMPLE_01.merged.vcf.gz",
                "artic/SAMPLE_01.merged.vcf.gz.tbi",
                "artic/SAMPLE_01.normalised.vcf.gz",
                "artic/SAMPLE_01.normalised.vcf.gz.tbi",
                "artic/SAMPLE_01.pass.unique.vcf.gz",
                "artic/SAMPLE_01.pass.unique.vcf.gz.tbi",
                "artic/SAMPLE_01.pass.vcf.gz",
                "artic/SAMPLE_01.pass.vcf.gz.tbi",
                "artic/SAMPLE_01.primers.vcf",
                "artic/SAMPLE_01.primertrimmed.rg.sorted.bam",
                "artic/SAMPLE_01.primertrimmed.rg.sorted.bam.bai",
                "artic/SAMPLE_01.sorted.bam",
                "artic/SAMPLE_01.sorted.bam.bai",
                "artic/SAMPLE_01.trimmed.rg.sorted.bam",
                "artic/SAMPLE_01.trimmed.rg.sorted.bam.bai",
                "artic/SAMPLE_02.1.trimmed.rg.sorted.bam",
                "artic/SAMPLE_02.1.trimmed.rg.sorted.bam.bai",
                "artic/SAMPLE_02.2.trimmed.rg.sorted.bam",
                "artic/SAMPLE_02.2.trimmed.rg.sorted.bam.bai",
                "artic/SAMPLE_02.consensus.fasta",
                "artic/SAMPLE_02.fail.vcf",
                "artic/SAMPLE_02.merged.vcf",
                "artic/SAMPLE_02.merged.vcf.gz",
                "artic/SAMPLE_02.merged.vcf.gz.tbi",
                "artic/SAMPLE_02.normalised.vcf.gz",
                "artic/SAMPLE_02.normalised.vcf.gz.tbi",
                "artic/SAMPLE_02.pass.unique.vcf.gz",
                "artic/SAMPLE_02.pass.unique.vcf.gz.tbi",
                "artic/SAMPLE_02.pass.vcf.gz",
                "artic/SAMPLE_02.pass.vcf.gz.tbi",
                "artic/SAMPLE_02.primers.vcf",
                "artic/SAMPLE_02.primertrimmed.rg.sorted.bam",
                "artic/SAMPLE_02.primertrimmed.rg.sorted.bam.bai",
                "artic/SAMPLE_02.sorted.bam",
                "artic/SAMPLE_02.sorted.bam.bai",
                "artic/SAMPLE_02.trimmed.rg.sorted.bam",
                "artic/SAMPLE_02.trimmed.rg.sorted.bam.bai",
                "artic/SAMPLE_03.1.trimmed.rg.sorted.bam",
                "artic/SAMPLE_03.1.trimmed.rg.sorted.bam.bai",
                "artic/SAMPLE_03.2.trimmed.rg.sorted.bam",
                "artic/SAMPLE_03.2.trimmed.rg.sorted.bam.bai",
                "artic/SAMPLE_03.consensus.fasta",
                "artic/SAMPLE_03.fail.vcf",
                "artic/SAMPLE_03.merged.vcf",
                "artic/SAMPLE_03.merged.vcf.gz",
                "artic/SAMPLE_03.merged.vcf.gz.tbi",
                "artic/SAMPLE_03.normalised.vcf.gz",
                "artic/SAMPLE_03.normalised.vcf.gz.tbi",
                "artic/SAMPLE_03.pass.unique.vcf.gz",
                "artic/SAMPLE_03.pass.unique.vcf.gz.tbi",
                "artic/SAMPLE_03.pass.vcf.gz",
                "artic/SAMPLE_03.pass.vcf.gz.tbi",
                "artic/SAMPLE_03.primers.vcf",
                "artic/SAMPLE_03.primertrimmed.rg.sorted.bam",
                "artic/SAMPLE_03.primertrimmed.rg.sorted.bam.bai",
                "artic/SAMPLE_03.sorted.bam",
                "artic/SAMPLE_03.sorted.bam.bai",
                "artic/SAMPLE_03.trimmed.rg.sorted.bam",
                "artic/SAMPLE_03.trimmed.rg.sorted.bam.bai",
                "artic/SAMPLE_04.1.trimmed.rg.sorted.bam",
                "artic/SAMPLE_04.1.trimmed.rg.sorted.bam.bai",
                "artic/SAMPLE_04.2.trimmed.rg.sorted.bam",
                "artic/SAMPLE_04.2.trimmed.rg.sorted.bam.bai",
                "artic/SAMPLE_04.consensus.fasta",
                "artic/SAMPLE_04.fail.vcf",
                "artic/SAMPLE_04.merged.vcf",
                "artic/SAMPLE_04.merged.vcf.gz",
                "artic/SAMPLE_04.merged.vcf.gz.tbi",
                "artic/SAMPLE_04.normalised.vcf.gz",
                "artic/SAMPLE_04.normalised.vcf.gz.tbi",
                "artic/SAMPLE_04.pass.unique.vcf.gz",
                "artic/SAMPLE_04.pass.unique.vcf.gz.tbi",
                "artic/SAMPLE_04.pass.vcf.gz",
                "artic/SAMPLE_04.pass.vcf.gz.tbi",
                "artic/SAMPLE_04.primers.vcf",
                "artic/SAMPLE_04.primertrimmed.rg.sorted.bam",
                "artic/SAMPLE_04.primertrimmed.rg.sorted.bam.bai",
                "artic/SAMPLE_04.sorted.bam",
                "artic/SAMPLE_04.sorted.bam.bai",
                "artic/SAMPLE_04.trimmed.rg.sorted.bam",
                "artic/SAMPLE_04.trimmed.rg.sorted.bam.bai",
                "artic/SAMPLE_05.1.trimmed.rg.sorted.bam",
                "artic/SAMPLE_05.1.trimmed.rg.sorted.bam.bai",
                "artic/SAMPLE_05.2.trimmed.rg.sorted.bam",
                "artic/SAMPLE_05.2.trimmed.rg.sorted.bam.bai",
                "artic/SAMPLE_05.consensus.fasta",
                "artic/SAMPLE_05.fail.vcf",
                "artic/SAMPLE_05.merged.vcf",
                "artic/SAMPLE_05.merged.vcf.gz",
                "artic/SAMPLE_05.merged.vcf.gz.tbi",
                "artic/SAMPLE_05.normalised.vcf.gz",
                "artic/SAMPLE_05.normalised.vcf.gz.tbi",
                "artic/SAMPLE_05.pass.unique.vcf.gz",
                "artic/SAMPLE_05.pass.unique.vcf.gz.tbi",
                "artic/SAMPLE_05.pass.vcf.gz",
                "artic/SAMPLE_05.pass.vcf.gz.tbi",
                "artic/SAMPLE_05.primers.vcf",
                "artic/SAMPLE_05.primertrimmed.rg.sorted.bam",
                "artic/SAMPLE_05.primertrimmed.rg.sorted.bam.bai",
                "artic/SAMPLE_05.sorted.bam",
                "artic/SAMPLE_05.sorted.bam.bai",
                "artic/SAMPLE_05.trimmed.rg.sorted.bam",
                "artic/SAMPLE_05.trimmed.rg.sorted.bam.bai",
                "artic/SAMPLE_06.1.trimmed.rg.sorted.bam",
                "artic/SAMPLE_06.1.trimmed.rg.sorted.bam.bai",
                "artic/SAMPLE_06.2.trimmed.rg.sorted.bam",
                "artic/SAMPLE_06.2.trimmed.rg.sorted.bam.bai",
                "artic/SAMPLE_06.consensus.fasta",
                "artic/SAMPLE_06.fail.vcf",
                "artic/SAMPLE_06.merged.vcf",
                "artic/SAMPLE_06.merged.vcf.gz",
                "artic/SAMPLE_06.merged.vcf.gz.tbi",
                "artic/SAMPLE_06.normalised.vcf.gz",
                "artic/SAMPLE_06.normalised.vcf.gz.tbi",
                "artic/SAMPLE_06.pass.unique.vcf.gz",
                "artic/SAMPLE_06.pass.unique.vcf.gz.tbi",
                "artic/SAMPLE_06.pass.vcf.gz",
                "artic/SAMPLE_06.pass.vcf.gz.tbi",
                "artic/SAMPLE_06.primers.vcf",
                "artic/SAMPLE_06.primertrimmed.rg.sorted.bam",
                "artic/SAMPLE_06.primertrimmed.rg.sorted.bam.bai",
                "artic/SAMPLE_06.sorted.bam",
                "artic/SAMPLE_06.sorted.bam.bai",
                "artic/SAMPLE_06.trimmed.rg.sorted.bam",
                "artic/SAMPLE_06.trimmed.rg.sorted.bam.bai",
                "artic/SAMPLE_07.1.trimmed.rg.sorted.bam",
                "artic/SAMPLE_07.1.trimmed.rg.sorted.bam.bai",
                "artic/SAMPLE_07.2.trimmed.rg.sorted.bam",
                "artic/SAMPLE_07.2.trimmed.rg.sorted.bam.bai",
                "artic/SAMPLE_07.consensus.fasta",
                "artic/SAMPLE_07.fail.vcf",
                "artic/SAMPLE_07.merged.vcf",
                "artic/SAMPLE_07.merged.vcf.gz",
                "artic/SAMPLE_07.merged.vcf.gz.tbi",
                "artic/SAMPLE_07.normalised.vcf.gz",
                "artic/SAMPLE_07.normalised.vcf.gz.tbi",
                "artic/SAMPLE_07.pass.unique.vcf.gz",
                "artic/SAMPLE_07.pass.unique.vcf.gz.tbi",
                "artic/SAMPLE_07.pass.vcf.gz",
                "artic/SAMPLE_07.pass.vcf.gz.tbi",
                "artic/SAMPLE_07.primers.vcf",
                "artic/SAMPLE_07.primertrimmed.rg.sorted.bam",
                "artic/SAMPLE_07.primertrimmed.rg.sorted.bam.bai",
                "artic/SAMPLE_07.sorted.bam",
                "artic/SAMPLE_07.sorted.bam.bai",
                "artic/SAMPLE_07.trimmed.rg.sorted.bam",
                "artic/SAMPLE_07.trimmed.rg.sorted.bam.bai",
                "artic/SAMPLE_08.1.trimmed.rg.sorted.bam",
                "artic/SAMPLE_08.1.trimmed.rg.sorted.bam.bai",
                "artic/SAMPLE_08.2.trimmed.rg.sorted.bam",
                "artic/SAMPLE_08.2.trimmed.rg.sorted.bam.bai",
                "artic/SAMPLE_08.consensus.fasta",
                "artic/SAMPLE_08.fail.vcf",
                "artic/SAMPLE_08.merged.vcf",
                "artic/SAMPLE_08.merged.vcf.gz",
                "artic/SAMPLE_08.merged.vcf.gz.tbi",
                "artic/SAMPLE_08.normalised.vcf.gz",
                "artic/SAMPLE_08.normalised.vcf.gz.tbi",
                "artic/SAMPLE_08.pass.unique.vcf.gz",
                "artic/SAMPLE_08.pass.unique.vcf.gz.tbi",
                "artic/SAMPLE_08.pass.vcf.gz",
                "artic/SAMPLE_08.pass.vcf.gz.tbi",
                "artic/SAMPLE_08.primers.vcf",
                "artic/SAMPLE_08.primertrimmed.rg.sorted.bam",
                "artic/SAMPLE_08.primertrimmed.rg.sorted.bam.bai",
                "artic/SAMPLE_08.sorted.bam",
                "artic/SAMPLE_08.sorted.bam.bai",
                "artic/SAMPLE_08.trimmed.rg.sorted.bam",
                "artic/SAMPLE_08.trimmed.rg.sorted.bam.bai",
                "artic/SAMPLE_09.1.trimmed.rg.sorted.bam",
                "artic/SAMPLE_09.1.trimmed.rg.sorted.bam.bai",
                "artic/SAMPLE_09.2.trimmed.rg.sorted.bam",
                "artic/SAMPLE_09.2.trimmed.rg.sorted.bam.bai",
                "artic/SAMPLE_09.consensus.fasta",
                "artic/SAMPLE_09.fail.vcf",
                "artic/SAMPLE_09.merged.vcf",
                "artic/SAMPLE_09.merged.vcf.gz",
                "artic/SAMPLE_09.merged.vcf.gz.tbi",
                "artic/SAMPLE_09.normalised.vcf.gz",
                "artic/SAMPLE_09.normalised.vcf.gz.tbi",
                "artic/SAMPLE_09.pass.unique.vcf.gz",
                "artic/SAMPLE_09.pass.unique.vcf.gz.tbi",
                "artic/SAMPLE_09.pass.vcf.gz",
                "artic/SAMPLE_09.pass.vcf.gz.tbi",
                "artic/SAMPLE_09.primers.vcf",
                "artic/SAMPLE_09.primertrimmed.rg.sorted.bam",
                "artic/SAMPLE_09.primertrimmed.rg.sorted.bam.bai",
                "artic/SAMPLE_09.sorted.bam",
                "artic/SAMPLE_09.sorted.bam.bai",
                "artic/SAMPLE_09.trimmed.rg.sorted.bam",
                "artic/SAMPLE_09.trimmed.rg.sorted.bam.bai",
                "artic/align",
                "artic/align/SAMPLE_01.mapped.sorted.bam",
                "artic/align/SAMPLE_01.mapped.sorted.bam.bai",
                "artic/align/SAMPLE_02.mapped.sorted.bam",
                "artic/align/SAMPLE_02.mapped.sorted.bam.bai",
                "artic/align/SAMPLE_03.mapped.sorted.bam",
                "artic/align/SAMPLE_03.mapped.sorted.bam.bai",
                "artic/align/SAMPLE_04.mapped.sorted.bam",
                "artic/align/SAMPLE_04.mapped.sorted.bam.bai",
                "artic/align/SAMPLE_05.mapped.sorted.bam",
                "artic/align/SAMPLE_05.mapped.sorted.bam.bai",
                "artic/align/SAMPLE_06.mapped.sorted.bam",
                "artic/align/SAMPLE_06.mapped.sorted.bam.bai",
                "artic/align/SAMPLE_07.mapped.sorted.bam",
                "artic/align/SAMPLE_07.mapped.sorted.bam.bai",
                "artic/align/SAMPLE_08.mapped.sorted.bam",
                "artic/align/SAMPLE_08.mapped.sorted.bam.bai",
                "artic/align/SAMPLE_09.mapped.sorted.bam",
                "artic/align/SAMPLE_09.mapped.sorted.bam.bai",
                "artic/bcftools_stats",
                "artic/bcftools_stats/SAMPLE_01.bcftools_stats.txt",
                "artic/bcftools_stats/SAMPLE_02.bcftools_stats.txt",
                "artic/bcftools_stats/SAMPLE_03.bcftools_stats.txt",
                "artic/bcftools_stats/SAMPLE_04.bcftools_stats.txt",
                "artic/bcftools_stats/SAMPLE_05.bcftools_stats.txt",
                "artic/bcftools_stats/SAMPLE_06.bcftools_stats.txt",
                "artic/bcftools_stats/SAMPLE_07.bcftools_stats.txt",
                "artic/bcftools_stats/SAMPLE_08.bcftools_stats.txt",
                "artic/bcftools_stats/SAMPLE_09.bcftools_stats.txt",
                "artic/freyja",
                "artic/freyja/SARS-CoV-2",
                "artic/freyja/SARS-CoV-2/curated_lineages.json",
                "artic/freyja/SARS-CoV-2/lineages.yml",
                "artic/freyja/SARS-CoV-2/pathogen_config.yml",
                "artic/freyja/SARS-CoV-2/usher_barcodes.feather",
                "artic/freyja/demix",
                "artic/freyja/demix/SAMPLE_01.tsv",
                "artic/freyja/demix/SAMPLE_02.tsv",
                "artic/freyja/demix/SAMPLE_03.tsv",
                "artic/freyja/demix/SAMPLE_04.tsv",
                "artic/freyja/demix/SAMPLE_05.tsv",
                "artic/freyja/demix/SAMPLE_06.tsv",
                "artic/freyja/demix/SAMPLE_07.tsv",
                "artic/freyja/demix/SAMPLE_09.tsv",
                "artic/freyja/variants",
                "artic/freyja/variants/SAMPLE_01.depth.tsv",
                "artic/freyja/variants/SAMPLE_01.variants.tsv",
                "artic/freyja/variants/SAMPLE_02.depth.tsv",
                "artic/freyja/variants/SAMPLE_02.variants.tsv",
                "artic/freyja/variants/SAMPLE_03.depth.tsv",
                "artic/freyja/variants/SAMPLE_03.variants.tsv",
                "artic/freyja/variants/SAMPLE_04.depth.tsv",
                "artic/freyja/variants/SAMPLE_04.variants.tsv",
                "artic/freyja/variants/SAMPLE_05.depth.tsv",
                "artic/freyja/variants/SAMPLE_05.variants.tsv",
                "artic/freyja/variants/SAMPLE_06.depth.tsv",
                "artic/freyja/variants/SAMPLE_06.variants.tsv",
                "artic/freyja/variants/SAMPLE_07.depth.tsv",
                "artic/freyja/variants/SAMPLE_07.variants.tsv",
                "artic/freyja/variants/SAMPLE_09.depth.tsv",
                "artic/freyja/variants/SAMPLE_09.variants.tsv",
                "artic/mosdepth",
                "artic/mosdepth/amplicon",
                "artic/mosdepth/amplicon/SAMPLE_01.mosdepth.coverage.pdf",
                "artic/mosdepth/amplicon/SAMPLE_01.mosdepth.coverage.tsv",
                "artic/mosdepth/amplicon/SAMPLE_01.mosdepth.summary.txt",
                "artic/mosdepth/amplicon/SAMPLE_02.mosdepth.coverage.pdf",
                "artic/mosdepth/amplicon/SAMPLE_02.mosdepth.coverage.tsv",
                "artic/mosdepth/amplicon/SAMPLE_02.mosdepth.summary.txt",
                "artic/mosdepth/amplicon/SAMPLE_03.mosdepth.coverage.pdf",
                "artic/mosdepth/amplicon/SAMPLE_03.mosdepth.coverage.tsv",
                "artic/mosdepth/amplicon/SAMPLE_03.mosdepth.summary.txt",
                "artic/mosdepth/amplicon/SAMPLE_04.mosdepth.coverage.pdf",
                "artic/mosdepth/amplicon/SAMPLE_04.mosdepth.coverage.tsv",
                "artic/mosdepth/amplicon/SAMPLE_04.mosdepth.summary.txt",
                "artic/mosdepth/amplicon/SAMPLE_05.mosdepth.coverage.pdf",
                "artic/mosdepth/amplicon/SAMPLE_05.mosdepth.coverage.tsv",
                "artic/mosdepth/amplicon/SAMPLE_05.mosdepth.summary.txt",
                "artic/mosdepth/amplicon/SAMPLE_06.mosdepth.coverage.pdf",
                "artic/mosdepth/amplicon/SAMPLE_06.mosdepth.coverage.tsv",
                "artic/mosdepth/amplicon/SAMPLE_06.mosdepth.summary.txt",
                "artic/mosdepth/amplicon/SAMPLE_07.mosdepth.coverage.pdf",
                "artic/mosdepth/amplicon/SAMPLE_07.mosdepth.coverage.tsv",
                "artic/mosdepth/amplicon/SAMPLE_07.mosdepth.summary.txt",
                "artic/mosdepth/amplicon/SAMPLE_09.mosdepth.coverage.pdf",
                "artic/mosdepth/amplicon/SAMPLE_09.mosdepth.coverage.tsv",
                "artic/mosdepth/amplicon/SAMPLE_09.mosdepth.summary.txt",
                "artic/mosdepth/amplicon/all_samples.mosdepth.coverage.tsv",
                "artic/mosdepth/amplicon/all_samples.mosdepth.heatmap.pdf",
                "artic/mosdepth/amplicon/all_samples.mosdepth.heatmap.tsv",
                "artic/mosdepth/genome",
                "artic/mosdepth/genome/SAMPLE_01.mosdepth.coverage.pdf",
                "artic/mosdepth/genome/SAMPLE_01.mosdepth.coverage.tsv",
                "artic/mosdepth/genome/SAMPLE_01.mosdepth.summary.txt",
                "artic/mosdepth/genome/SAMPLE_02.mosdepth.coverage.pdf",
                "artic/mosdepth/genome/SAMPLE_02.mosdepth.coverage.tsv",
                "artic/mosdepth/genome/SAMPLE_02.mosdepth.summary.txt",
                "artic/mosdepth/genome/SAMPLE_03.mosdepth.coverage.pdf",
                "artic/mosdepth/genome/SAMPLE_03.mosdepth.coverage.tsv",
                "artic/mosdepth/genome/SAMPLE_03.mosdepth.summary.txt",
                "artic/mosdepth/genome/SAMPLE_04.mosdepth.coverage.pdf",
                "artic/mosdepth/genome/SAMPLE_04.mosdepth.coverage.tsv",
                "artic/mosdepth/genome/SAMPLE_04.mosdepth.summary.txt",
                "artic/mosdepth/genome/SAMPLE_05.mosdepth.coverage.pdf",
                "artic/mosdepth/genome/SAMPLE_05.mosdepth.coverage.tsv",
                "artic/mosdepth/genome/SAMPLE_05.mosdepth.summary.txt",
                "artic/mosdepth/genome/SAMPLE_06.mosdepth.coverage.pdf",
                "artic/mosdepth/genome/SAMPLE_06.mosdepth.coverage.tsv",
                "artic/mosdepth/genome/SAMPLE_06.mosdepth.summary.txt",
                "artic/mosdepth/genome/SAMPLE_07.mosdepth.coverage.pdf",
                "artic/mosdepth/genome/SAMPLE_07.mosdepth.coverage.tsv",
                "artic/mosdepth/genome/SAMPLE_07.mosdepth.summary.txt",
                "artic/mosdepth/genome/SAMPLE_09.mosdepth.coverage.pdf",
                "artic/mosdepth/genome/SAMPLE_09.mosdepth.coverage.tsv",
                "artic/mosdepth/genome/SAMPLE_09.mosdepth.summary.txt",
                "artic/mosdepth/genome/all_samples.mosdepth.coverage.tsv",
                "artic/nextclade",
                "artic/nextclade/SAMPLE_01.csv",
                "artic/nextclade/SAMPLE_02.csv",
                "artic/nextclade/SAMPLE_03.csv",
                "artic/nextclade/SAMPLE_04.csv",
                "artic/nextclade/SAMPLE_05.csv",
                "artic/nextclade/SAMPLE_06.csv",
                "artic/nextclade/SAMPLE_07.csv",
                "artic/nextclade/SAMPLE_08.csv",
                "artic/nextclade/SAMPLE_09.csv",
                "artic/pangolin",
                "artic/pangolin/SAMPLE_01.pangolin.csv",
                "artic/pangolin/SAMPLE_02.pangolin.csv",
                "artic/pangolin/SAMPLE_03.pangolin.csv",
                "artic/pangolin/SAMPLE_04.pangolin.csv",
                "artic/pangolin/SAMPLE_05.pangolin.csv",
                "artic/pangolin/SAMPLE_06.pangolin.csv",
                "artic/pangolin/SAMPLE_07.pangolin.csv",
                "artic/pangolin/SAMPLE_08.pangolin.csv",
                "artic/pangolin/SAMPLE_09.pangolin.csv",
                "artic/quast",
                "artic/quast/aligned_stats",
                "artic/quast/aligned_stats/NAx_plot.pdf",
                "artic/quast/aligned_stats/NGAx_plot.pdf",
                "artic/quast/aligned_stats/cumulative_plot.pdf",
                "artic/quast/basic_stats",
                "artic/quast/basic_stats/GC_content_plot.pdf",
                "artic/quast/basic_stats/NGx_plot.pdf",
                "artic/quast/basic_stats/Nx_plot.pdf",
                "artic/quast/basic_stats/SAMPLE_01.consensus_GC_content_plot.pdf",
                "artic/quast/basic_stats/SAMPLE_02.consensus_GC_content_plot.pdf",
                "artic/quast/basic_stats/SAMPLE_03.consensus_GC_content_plot.pdf",
                "artic/quast/basic_stats/SAMPLE_04.consensus_GC_content_plot.pdf",
                "artic/quast/basic_stats/SAMPLE_05.consensus_GC_content_plot.pdf",
                "artic/quast/basic_stats/SAMPLE_06.consensus_GC_content_plot.pdf",
                "artic/quast/basic_stats/SAMPLE_07.consensus_GC_content_plot.pdf",
                "artic/quast/basic_stats/SAMPLE_09.consensus_GC_content_plot.pdf",
                "artic/quast/basic_stats/cumulative_plot.pdf",
                "artic/quast/basic_stats/gc.icarus.txt",
                "artic/quast/contigs_reports",
                "artic/quast/contigs_reports/SAMPLE_01-consensus.mis_contigs.fa",
                "artic/quast/contigs_reports/SAMPLE_01-consensus.misassemblies.gff",
                "artic/quast/contigs_reports/SAMPLE_02-consensus.mis_contigs.fa",
                "artic/quast/contigs_reports/SAMPLE_02-consensus.misassemblies.gff",
                "artic/quast/contigs_reports/SAMPLE_03-consensus.mis_contigs.fa",
                "artic/quast/contigs_reports/SAMPLE_03-consensus.misassemblies.gff",
                "artic/quast/contigs_reports/SAMPLE_04-consensus.mis_contigs.fa",
                "artic/quast/contigs_reports/SAMPLE_04-consensus.misassemblies.gff",
                "artic/quast/contigs_reports/SAMPLE_05-consensus.mis_contigs.fa",
                "artic/quast/contigs_reports/SAMPLE_05-consensus.misassemblies.gff",
                "artic/quast/contigs_reports/SAMPLE_06-consensus.mis_contigs.fa",
                "artic/quast/contigs_reports/SAMPLE_06-consensus.misassemblies.gff",
                "artic/quast/contigs_reports/SAMPLE_07-consensus.mis_contigs.fa",
                "artic/quast/contigs_reports/SAMPLE_07-consensus.misassemblies.gff",
                "artic/quast/contigs_reports/SAMPLE_09-consensus.mis_contigs.fa",
                "artic/quast/contigs_reports/SAMPLE_09-consensus.misassemblies.gff",
                "artic/quast/contigs_reports/all_alignments_SAMPLE_01-consensus.tsv",
                "artic/quast/contigs_reports/all_alignments_SAMPLE_02-consensus.tsv",
                "artic/quast/contigs_reports/all_alignments_SAMPLE_03-consensus.tsv",
                "artic/quast/contigs_reports/all_alignments_SAMPLE_04-consensus.tsv",
                "artic/quast/contigs_reports/all_alignments_SAMPLE_05-consensus.tsv",
                "artic/quast/contigs_reports/all_alignments_SAMPLE_06-consensus.tsv",
                "artic/quast/contigs_reports/all_alignments_SAMPLE_07-consensus.tsv",
                "artic/quast/contigs_reports/all_alignments_SAMPLE_09-consensus.tsv",
                "artic/quast/contigs_reports/contigs_report_SAMPLE_01-consensus.mis_contigs.info",
                "artic/quast/contigs_reports/contigs_report_SAMPLE_01-consensus.stderr",
                "artic/quast/contigs_reports/contigs_report_SAMPLE_01-consensus.stdout",
                "artic/quast/contigs_reports/contigs_report_SAMPLE_01-consensus.unaligned.info",
                "artic/quast/contigs_reports/contigs_report_SAMPLE_02-consensus.mis_contigs.info",
                "artic/quast/contigs_reports/contigs_report_SAMPLE_02-consensus.stderr",
                "artic/quast/contigs_reports/contigs_report_SAMPLE_02-consensus.stdout",
                "artic/quast/contigs_reports/contigs_report_SAMPLE_02-consensus.unaligned.info",
                "artic/quast/contigs_reports/contigs_report_SAMPLE_03-consensus.mis_contigs.info",
                "artic/quast/contigs_reports/contigs_report_SAMPLE_03-consensus.stderr",
                "artic/quast/contigs_reports/contigs_report_SAMPLE_03-consensus.stdout",
                "artic/quast/contigs_reports/contigs_report_SAMPLE_03-consensus.unaligned.info",
                "artic/quast/contigs_reports/contigs_report_SAMPLE_04-consensus.mis_contigs.info",
                "artic/quast/contigs_reports/contigs_report_SAMPLE_04-consensus.stderr",
                "artic/quast/contigs_reports/contigs_report_SAMPLE_04-consensus.stdout",
                "artic/quast/contigs_reports/contigs_report_SAMPLE_04-consensus.unaligned.info",
                "artic/quast/contigs_reports/contigs_report_SAMPLE_05-consensus.mis_contigs.info",
                "artic/quast/contigs_reports/contigs_report_SAMPLE_05-consensus.stderr",
                "artic/quast/contigs_reports/contigs_report_SAMPLE_05-consensus.stdout",
                "artic/quast/contigs_reports/contigs_report_SAMPLE_05-consensus.unaligned.info",
                "artic/quast/contigs_reports/contigs_report_SAMPLE_06-consensus.mis_contigs.info",
                "artic/quast/contigs_reports/contigs_report_SAMPLE_06-consensus.stderr",
                "artic/quast/contigs_reports/contigs_report_SAMPLE_06-consensus.stdout",
                "artic/quast/contigs_reports/contigs_report_SAMPLE_06-consensus.unaligned.info",
                "artic/quast/contigs_reports/contigs_report_SAMPLE_07-consensus.mis_contigs.info",
                "artic/quast/contigs_reports/contigs_report_SAMPLE_07-consensus.stderr",
                "artic/quast/contigs_reports/contigs_report_SAMPLE_07-consensus.stdout",
                "artic/quast/contigs_reports/contigs_report_SAMPLE_07-consensus.unaligned.info",
                "artic/quast/contigs_reports/contigs_report_SAMPLE_09-consensus.mis_contigs.info",
                "artic/quast/contigs_reports/contigs_report_SAMPLE_09-consensus.stderr",
                "artic/quast/contigs_reports/contigs_report_SAMPLE_09-consensus.stdout",
                "artic/quast/contigs_reports/contigs_report_SAMPLE_09-consensus.unaligned.info",
                "artic/quast/contigs_reports/minimap_output",
                "artic/quast/contigs_reports/minimap_output/SAMPLE_01-consensus.coords",
                "artic/quast/contigs_reports/minimap_output/SAMPLE_01-consensus.coords.filtered",
                "artic/quast/contigs_reports/minimap_output/SAMPLE_01-consensus.coords_tmp",
                "artic/quast/contigs_reports/minimap_output/SAMPLE_01-consensus.sf",
                "artic/quast/contigs_reports/minimap_output/SAMPLE_01-consensus.unaligned",
                "artic/quast/contigs_reports/minimap_output/SAMPLE_01-consensus.used_snps",
                "artic/quast/contigs_reports/minimap_output/SAMPLE_02-consensus.coords",
                "artic/quast/contigs_reports/minimap_output/SAMPLE_02-consensus.coords.filtered",
                "artic/quast/contigs_reports/minimap_output/SAMPLE_02-consensus.coords_tmp",
                "artic/quast/contigs_reports/minimap_output/SAMPLE_02-consensus.sf",
                "artic/quast/contigs_reports/minimap_output/SAMPLE_02-consensus.unaligned",
                "artic/quast/contigs_reports/minimap_output/SAMPLE_02-consensus.used_snps",
                "artic/quast/contigs_reports/minimap_output/SAMPLE_03-consensus.coords",
                "artic/quast/contigs_reports/minimap_output/SAMPLE_03-consensus.coords.filtered",
                "artic/quast/contigs_reports/minimap_output/SAMPLE_03-consensus.coords_tmp",
                "artic/quast/contigs_reports/minimap_output/SAMPLE_03-consensus.sf",
                "artic/quast/contigs_reports/minimap_output/SAMPLE_03-consensus.unaligned",
                "artic/quast/contigs_reports/minimap_output/SAMPLE_03-consensus.used_snps",
                "artic/quast/contigs_reports/minimap_output/SAMPLE_04-consensus.coords",
                "artic/quast/contigs_reports/minimap_output/SAMPLE_04-consensus.coords.filtered",
                "artic/quast/contigs_reports/minimap_output/SAMPLE_04-consensus.coords_tmp",
                "artic/quast/contigs_reports/minimap_output/SAMPLE_04-consensus.sf",
                "artic/quast/contigs_reports/minimap_output/SAMPLE_04-consensus.unaligned",
                "artic/quast/contigs_reports/minimap_output/SAMPLE_04-consensus.used_snps",
                "artic/quast/contigs_reports/minimap_output/SAMPLE_05-consensus.coords",
                "artic/quast/contigs_reports/minimap_output/SAMPLE_05-consensus.coords.filtered",
                "artic/quast/contigs_reports/minimap_output/SAMPLE_05-consensus.coords_tmp",
                "artic/quast/contigs_reports/minimap_output/SAMPLE_05-consensus.sf",
                "artic/quast/contigs_reports/minimap_output/SAMPLE_05-consensus.unaligned",
                "artic/quast/contigs_reports/minimap_output/SAMPLE_05-consensus.used_snps",
                "artic/quast/contigs_reports/minimap_output/SAMPLE_06-consensus.coords",
                "artic/quast/contigs_reports/minimap_output/SAMPLE_06-consensus.coords.filtered",
                "artic/quast/contigs_reports/minimap_output/SAMPLE_06-consensus.coords_tmp",
                "artic/quast/contigs_reports/minimap_output/SAMPLE_06-consensus.sf",
                "artic/quast/contigs_reports/minimap_output/SAMPLE_06-consensus.unaligned",
                "artic/quast/contigs_reports/minimap_output/SAMPLE_06-consensus.used_snps",
                "artic/quast/contigs_reports/minimap_output/SAMPLE_07-consensus.coords",
                "artic/quast/contigs_reports/minimap_output/SAMPLE_07-consensus.coords.filtered",
                "artic/quast/contigs_reports/minimap_output/SAMPLE_07-consensus.coords_tmp",
                "artic/quast/contigs_reports/minimap_output/SAMPLE_07-consensus.sf",
                "artic/quast/contigs_reports/minimap_output/SAMPLE_07-consensus.unaligned",
                "artic/quast/contigs_reports/minimap_output/SAMPLE_07-consensus.used_snps",
                "artic/quast/contigs_reports/minimap_output/SAMPLE_09-consensus.coords",
                "artic/quast/contigs_reports/minimap_output/SAMPLE_09-consensus.coords.filtered",
                "artic/quast/contigs_reports/minimap_output/SAMPLE_09-consensus.coords_tmp",
                "artic/quast/contigs_reports/minimap_output/SAMPLE_09-consensus.sf",
                "artic/quast/contigs_reports/minimap_output/SAMPLE_09-consensus.unaligned",
                "artic/quast/contigs_reports/minimap_output/SAMPLE_09-consensus.used_snps",
                "artic/quast/contigs_reports/misassemblies_frcurve_plot.pdf",
                "artic/quast/contigs_reports/misassemblies_plot.pdf",
                "artic/quast/contigs_reports/misassemblies_report.tex",
                "artic/quast/contigs_reports/misassemblies_report.tsv",
                "artic/quast/contigs_reports/misassemblies_report.txt",
                "artic/quast/contigs_reports/transposed_report_misassemblies.tex",
                "artic/quast/contigs_reports/transposed_report_misassemblies.tsv",
                "artic/quast/contigs_reports/transposed_report_misassemblies.txt",
                "artic/quast/contigs_reports/unaligned_report.tex",
                "artic/quast/contigs_reports/unaligned_report.tsv",
                "artic/quast/contigs_reports/unaligned_report.txt",
                "artic/quast/genome_stats",
                "artic/quast/genome_stats/SAMPLE_01-consensus_gaps.txt",
                "artic/quast/genome_stats/SAMPLE_01-consensus_genomic_features_any.txt",
                "artic/quast/genome_stats/SAMPLE_02-consensus_gaps.txt",
                "artic/quast/genome_stats/SAMPLE_02-consensus_genomic_features_any.txt",
                "artic/quast/genome_stats/SAMPLE_03-consensus_gaps.txt",
                "artic/quast/genome_stats/SAMPLE_03-consensus_genomic_features_any.txt",
                "artic/quast/genome_stats/SAMPLE_04-consensus_gaps.txt",
                "artic/quast/genome_stats/SAMPLE_04-consensus_genomic_features_any.txt",
                "artic/quast/genome_stats/SAMPLE_05-consensus_gaps.txt",
                "artic/quast/genome_stats/SAMPLE_05-consensus_genomic_features_any.txt",
                "artic/quast/genome_stats/SAMPLE_06-consensus_gaps.txt",
                "artic/quast/genome_stats/SAMPLE_06-consensus_genomic_features_any.txt",
                "artic/quast/genome_stats/SAMPLE_07-consensus_gaps.txt",
                "artic/quast/genome_stats/SAMPLE_07-consensus_genomic_features_any.txt",
                "artic/quast/genome_stats/SAMPLE_09-consensus_gaps.txt",
                "artic/quast/genome_stats/SAMPLE_09-consensus_genomic_features_any.txt",
                "artic/quast/genome_stats/complete_features_histogram.pdf",
                "artic/quast/genome_stats/features_cumulative_plot.pdf",
                "artic/quast/genome_stats/features_frcurve_plot.pdf",
                "artic/quast/genome_stats/genome_fraction_histogram.pdf",
                "artic/quast/genome_stats/genome_info.txt",
                "artic/quast/icarus.html",
                "artic/quast/icarus_viewers",
                "artic/quast/icarus_viewers/alignment_viewer.html",
                "artic/quast/icarus_viewers/contig_size_viewer.html",
                "artic/quast/quast.log",
                "artic/quast/report.html",
                "artic/quast/report.pdf",
                "artic/quast/report.tex",
                "artic/quast/report.tsv",
                "artic/quast/report.txt",
                "artic/quast/transposed_report.tex",
                "artic/quast/transposed_report.tsv",
                "artic/quast/transposed_report.txt",
                "artic/samtools_stats",
                "artic/samtools_stats/SAMPLE_01.mapped.sorted.bam.flagstat",
                "artic/samtools_stats/SAMPLE_01.mapped.sorted.bam.idxstats",
                "artic/samtools_stats/SAMPLE_01.mapped.sorted.bam.stats",
                "artic/samtools_stats/SAMPLE_02.mapped.sorted.bam.flagstat",
                "artic/samtools_stats/SAMPLE_02.mapped.sorted.bam.idxstats",
                "artic/samtools_stats/SAMPLE_02.mapped.sorted.bam.stats",
                "artic/samtools_stats/SAMPLE_03.mapped.sorted.bam.flagstat",
                "artic/samtools_stats/SAMPLE_03.mapped.sorted.bam.idxstats",
                "artic/samtools_stats/SAMPLE_03.mapped.sorted.bam.stats",
                "artic/samtools_stats/SAMPLE_04.mapped.sorted.bam.flagstat",
                "artic/samtools_stats/SAMPLE_04.mapped.sorted.bam.idxstats",
                "artic/samtools_stats/SAMPLE_04.mapped.sorted.bam.stats",
                "artic/samtools_stats/SAMPLE_05.mapped.sorted.bam.flagstat",
                "artic/samtools_stats/SAMPLE_05.mapped.sorted.bam.idxstats",
                "artic/samtools_stats/SAMPLE_05.mapped.sorted.bam.stats",
                "artic/samtools_stats/SAMPLE_06.mapped.sorted.bam.flagstat",
                "artic/samtools_stats/SAMPLE_06.mapped.sorted.bam.idxstats",
                "artic/samtools_stats/SAMPLE_06.mapped.sorted.bam.stats",
                "artic/samtools_stats/SAMPLE_07.mapped.sorted.bam.flagstat",
                "artic/samtools_stats/SAMPLE_07.mapped.sorted.bam.idxstats",
                "artic/samtools_stats/SAMPLE_07.mapped.sorted.bam.stats",
                "artic/samtools_stats/SAMPLE_08.mapped.sorted.bam.flagstat",
                "artic/samtools_stats/SAMPLE_08.mapped.sorted.bam.idxstats",
                "artic/samtools_stats/SAMPLE_08.mapped.sorted.bam.stats",
                "artic/samtools_stats/SAMPLE_09.mapped.sorted.bam.flagstat",
                "artic/samtools_stats/SAMPLE_09.mapped.sorted.bam.idxstats",
                "artic/samtools_stats/SAMPLE_09.mapped.sorted.bam.stats",
                "artic/snpeff",
                "artic/snpeff/SAMPLE_01.snpeff.csv",
                "artic/snpeff/SAMPLE_01.snpeff.genes.txt",
                "artic/snpeff/SAMPLE_01.snpeff.summary.html",
                "artic/snpeff/SAMPLE_01.snpeff.vcf.gz",
                "artic/snpeff/SAMPLE_01.snpeff.vcf.gz.tbi",
                "artic/snpeff/SAMPLE_01.snpsift.txt",
                "artic/snpeff/SAMPLE_02.snpeff.csv",
                "artic/snpeff/SAMPLE_02.snpeff.genes.txt",
                "artic/snpeff/SAMPLE_02.snpeff.summary.html",
                "artic/snpeff/SAMPLE_02.snpeff.vcf.gz",
                "artic/snpeff/SAMPLE_02.snpeff.vcf.gz.tbi",
                "artic/snpeff/SAMPLE_02.snpsift.txt",
                "artic/snpeff/SAMPLE_03.snpeff.csv",
                "artic/snpeff/SAMPLE_03.snpeff.genes.txt",
                "artic/snpeff/SAMPLE_03.snpeff.summary.html",
                "artic/snpeff/SAMPLE_03.snpeff.vcf.gz",
                "artic/snpeff/SAMPLE_03.snpeff.vcf.gz.tbi",
                "artic/snpeff/SAMPLE_03.snpsift.txt",
                "artic/snpeff/SAMPLE_04.snpeff.csv",
                "artic/snpeff/SAMPLE_04.snpeff.genes.txt",
                "artic/snpeff/SAMPLE_04.snpeff.summary.html",
                "artic/snpeff/SAMPLE_04.snpeff.vcf.gz",
                "artic/snpeff/SAMPLE_04.snpeff.vcf.gz.tbi",
                "artic/snpeff/SAMPLE_04.snpsift.txt",
                "artic/snpeff/SAMPLE_05.snpeff.csv",
                "artic/snpeff/SAMPLE_05.snpeff.genes.txt",
                "artic/snpeff/SAMPLE_05.snpeff.summary.html",
                "artic/snpeff/SAMPLE_05.snpeff.vcf.gz",
                "artic/snpeff/SAMPLE_05.snpeff.vcf.gz.tbi",
                "artic/snpeff/SAMPLE_05.snpsift.txt",
                "artic/snpeff/SAMPLE_06.snpeff.csv",
                "artic/snpeff/SAMPLE_06.snpeff.genes.txt",
                "artic/snpeff/SAMPLE_06.snpeff.summary.html",
                "artic/snpeff/SAMPLE_06.snpeff.vcf.gz",
                "artic/snpeff/SAMPLE_06.snpeff.vcf.gz.tbi",
                "artic/snpeff/SAMPLE_06.snpsift.txt",
                "artic/snpeff/SAMPLE_07.snpeff.csv",
                "artic/snpeff/SAMPLE_07.snpeff.genes.txt",
                "artic/snpeff/SAMPLE_07.snpeff.summary.html",
                "artic/snpeff/SAMPLE_07.snpeff.vcf.gz",
                "artic/snpeff/SAMPLE_07.snpeff.vcf.gz.tbi",
                "artic/snpeff/SAMPLE_07.snpsift.txt",
                "artic/snpeff/SAMPLE_08.snpeff.csv",
                "artic/snpeff/SAMPLE_08.snpeff.genes.txt",
                "artic/snpeff/SAMPLE_08.snpeff.summary.html",
                "artic/snpeff/SAMPLE_08.snpeff.vcf.gz",
                "artic/snpeff/SAMPLE_08.snpeff.vcf.gz.tbi",
                "artic/snpeff/SAMPLE_08.snpsift.txt",
                "artic/snpeff/SAMPLE_09.snpeff.csv",
                "artic/snpeff/SAMPLE_09.snpeff.genes.txt",
                "artic/snpeff/SAMPLE_09.snpeff.summary.html",
                "artic/snpeff/SAMPLE_09.snpeff.vcf.gz",
                "artic/snpeff/SAMPLE_09.snpeff.vcf.gz.tbi",
                "artic/snpeff/SAMPLE_09.snpsift.txt",
                "artic/snpeff/bcftools_stats",
                "artic/snpeff/bcftools_stats/SAMPLE_01.snpeff.bcftools_stats.txt",
                "artic/snpeff/bcftools_stats/SAMPLE_02.snpeff.bcftools_stats.txt",
                "artic/snpeff/bcftools_stats/SAMPLE_03.snpeff.bcftools_stats.txt",
                "artic/snpeff/bcftools_stats/SAMPLE_04.snpeff.bcftools_stats.txt",
                "artic/snpeff/bcftools_stats/SAMPLE_05.snpeff.bcftools_stats.txt",
                "artic/snpeff/bcftools_stats/SAMPLE_06.snpeff.bcftools_stats.txt",
                "artic/snpeff/bcftools_stats/SAMPLE_07.snpeff.bcftools_stats.txt",
                "artic/snpeff/bcftools_stats/SAMPLE_08.snpeff.bcftools_stats.txt",
                "artic/snpeff/bcftools_stats/SAMPLE_09.snpeff.bcftools_stats.txt",
                "artic/variants_long_table.csv",
                "kraken2",
                "kraken2/SAMPLE_01.classified.fastq.gz",
                "kraken2/SAMPLE_01.kraken2.classifiedreads.txt",
                "kraken2/SAMPLE_01.kraken2.report.txt",
                "kraken2/SAMPLE_01.unclassified.fastq.gz",
                "kraken2/SAMPLE_02.classified.fastq.gz",
                "kraken2/SAMPLE_02.kraken2.classifiedreads.txt",
                "kraken2/SAMPLE_02.kraken2.report.txt",
                "kraken2/SAMPLE_02.unclassified.fastq.gz",
                "kraken2/SAMPLE_03.classified.fastq.gz",
                "kraken2/SAMPLE_03.kraken2.classifiedreads.txt",
                "kraken2/SAMPLE_03.kraken2.report.txt",
                "kraken2/SAMPLE_03.unclassified.fastq.gz",
                "kraken2/SAMPLE_04.classified.fastq.gz",
                "kraken2/SAMPLE_04.kraken2.classifiedreads.txt",
                "kraken2/SAMPLE_04.kraken2.report.txt",
                "kraken2/SAMPLE_04.unclassified.fastq.gz",
                "kraken2/SAMPLE_05.classified.fastq.gz",
                "kraken2/SAMPLE_05.kraken2.classifiedreads.txt",
                "kraken2/SAMPLE_05.kraken2.report.txt",
                "kraken2/SAMPLE_05.unclassified.fastq.gz",
                "kraken2/SAMPLE_06.classified.fastq.gz",
                "kraken2/SAMPLE_06.kraken2.classifiedreads.txt",
                "kraken2/SAMPLE_06.kraken2.report.txt",
                "kraken2/SAMPLE_06.unclassified.fastq.gz",
                "kraken2/SAMPLE_07.classified.fastq.gz",
                "kraken2/SAMPLE_07.kraken2.classifiedreads.txt",
                "kraken2/SAMPLE_07.kraken2.report.txt",
                "kraken2/SAMPLE_07.unclassified.fastq.gz",
                "kraken2/SAMPLE_08.classified.fastq.gz",
                "kraken2/SAMPLE_08.kraken2.classifiedreads.txt",
                "kraken2/SAMPLE_08.kraken2.report.txt",
                "kraken2/SAMPLE_08.unclassified.fastq.gz",
                "kraken2/SAMPLE_09.classified.fastq.gz",
                "kraken2/SAMPLE_09.kraken2.classifiedreads.txt",
                "kraken2/SAMPLE_09.kraken2.report.txt",
                "kraken2/SAMPLE_09.unclassified.fastq.gz",
                "multiqc",
                "multiqc/multiqc_data",
                "multiqc/multiqc_data/Freyja_plot.yaml",
                "multiqc/multiqc_data/bcftools-stats-subtypes.yaml",
                "multiqc/multiqc_data/bcftools_stats_indel-lengths.yaml",
                "multiqc/multiqc_data/bcftools_stats_vqc_Count_Indels.yaml",
                "multiqc/multiqc_data/bcftools_stats_vqc_Count_SNP.yaml",
                "multiqc/multiqc_data/bcftools_stats_vqc_Count_Transitions.yaml",
                "multiqc/multiqc_data/bcftools_stats_vqc_Count_Transversions.yaml",
                "multiqc/multiqc_data/kraken-top-n-plot_Class.yaml",
                "multiqc/multiqc_data/kraken-top-n-plot_Domain.yaml",
                "multiqc/multiqc_data/kraken-top-n-plot_Family.yaml",
                "multiqc/multiqc_data/kraken-top-n-plot_Genus.yaml",
                "multiqc/multiqc_data/kraken-top-n-plot_Order.yaml",
                "multiqc/multiqc_data/kraken-top-n-plot_Phylum.yaml",
                "multiqc/multiqc_data/kraken-top-n-plot_Unclassified.yaml",
                "multiqc/multiqc_data/llms-full.txt",
                "multiqc/multiqc_data/mosdepth-coverage-per-contig-single.yaml",
                "multiqc/multiqc_data/mosdepth-cumcoverage-dist-id.yaml",
                "multiqc/multiqc_data/mosdepth_cov_dist.yaml",
                "multiqc/multiqc_data/mosdepth_cumcov_dist.yaml",
                "multiqc/multiqc_data/mosdepth_perchrom.yaml",
                "multiqc/multiqc_data/multiqc.log",
                "multiqc/multiqc_data/multiqc.parquet",
                "multiqc/multiqc_data/multiqc_bcftools_stats.yaml",
                "multiqc/multiqc_data/multiqc_citations.yaml",
                "multiqc/multiqc_data/multiqc_data.json",
                "multiqc/multiqc_data/multiqc_fail_mapped_samples_nanopore.yaml",
                "multiqc/multiqc_data/multiqc_fail_no_barcode_samples_table.yaml",
                "multiqc/multiqc_data/multiqc_freyja.yaml",
                "multiqc/multiqc_data/multiqc_kraken.yaml",
                "multiqc/multiqc_data/multiqc_nextclade_clade.yaml",
                "multiqc/multiqc_data/multiqc_pangolin.yaml",
                "multiqc/multiqc_data/multiqc_quast.yaml",
                "multiqc/multiqc_data/multiqc_samtools_flagstat.yaml",
                "multiqc/multiqc_data/multiqc_snpeff.yaml",
                "multiqc/multiqc_data/multiqc_software_versions.yaml",
                "multiqc/multiqc_data/multiqc_sources.yaml",
                "multiqc/multiqc_data/multiqc_summary_variants_metrics_plot_table.yaml",
                "multiqc/multiqc_data/pangolin_run_table.yaml",
                "multiqc/multiqc_data/pycoqc.yaml",
                "multiqc/multiqc_data/pycoqc_count_plot_Bases.yaml",
                "multiqc/multiqc_data/pycoqc_count_plot_Reads.yaml",
                "multiqc/multiqc_data/pycoqc_read_len_plot_All_Reads.yaml",
                "multiqc/multiqc_data/pycoqc_read_len_plot_Passing_Reads.yaml",
                "multiqc/multiqc_data/pycoqc_read_qual_plot_All_Reads.yaml",
                "multiqc/multiqc_data/pycoqc_read_qual_plot_Passing_Reads.yaml",
                "multiqc/multiqc_data/pycoqc_stats_table.yaml",
                "multiqc/multiqc_data/quast_num_contigs.yaml",
                "multiqc/multiqc_data/quast_table.yaml",
                "multiqc/multiqc_data/samtools-flagstat-pct-table.yaml",
                "multiqc/multiqc_data/samtools-flagstat-table.yaml",
                "multiqc/multiqc_data/snpeff_effects.yaml",
                "multiqc/multiqc_data/snpeff_qualities.yaml",
                "multiqc/multiqc_data/snpeff_variant_effects_class.yaml",
                "multiqc/multiqc_data/snpeff_variant_effects_impact.yaml",
                "multiqc/multiqc_data/snpeff_variant_effects_region.yaml",
                "multiqc/multiqc_report.html",
                "multiqc/summary_variants_metrics_mqc.csv",
                "nanoplot",
                "nanoplot/SAMPLE_01",
                "nanoplot/SAMPLE_01/LengthvsQualityScatterPlot_dot.html",
                "nanoplot/SAMPLE_01/LengthvsQualityScatterPlot_kde.html",
                "nanoplot/SAMPLE_01/NanoPlot-report.html",
                "nanoplot/SAMPLE_01/NanoStats.txt",
                "nanoplot/SAMPLE_01/Non_weightedHistogramReadlength.html",
                "nanoplot/SAMPLE_01/Non_weightedLogTransformed_HistogramReadlength.html",
                "nanoplot/SAMPLE_01/WeightedHistogramReadlength.html",
                "nanoplot/SAMPLE_01/WeightedLogTransformed_HistogramReadlength.html",
                "nanoplot/SAMPLE_01/Yield_By_Length.html",
                "nanoplot/SAMPLE_02",
                "nanoplot/SAMPLE_02/LengthvsQualityScatterPlot_dot.html",
                "nanoplot/SAMPLE_02/LengthvsQualityScatterPlot_kde.html",
                "nanoplot/SAMPLE_02/NanoPlot-report.html",
                "nanoplot/SAMPLE_02/NanoStats.txt",
                "nanoplot/SAMPLE_02/Non_weightedHistogramReadlength.html",
                "nanoplot/SAMPLE_02/Non_weightedLogTransformed_HistogramReadlength.html",
                "nanoplot/SAMPLE_02/WeightedHistogramReadlength.html",
                "nanoplot/SAMPLE_02/WeightedLogTransformed_HistogramReadlength.html",
                "nanoplot/SAMPLE_02/Yield_By_Length.html",
                "nanoplot/SAMPLE_03",
                "nanoplot/SAMPLE_03/LengthvsQualityScatterPlot_dot.html",
                "nanoplot/SAMPLE_03/LengthvsQualityScatterPlot_kde.html",
                "nanoplot/SAMPLE_03/NanoPlot-report.html",
                "nanoplot/SAMPLE_03/NanoStats.txt",
                "nanoplot/SAMPLE_03/Non_weightedHistogramReadlength.html",
                "nanoplot/SAMPLE_03/Non_weightedLogTransformed_HistogramReadlength.html",
                "nanoplot/SAMPLE_03/WeightedHistogramReadlength.html",
                "nanoplot/SAMPLE_03/WeightedLogTransformed_HistogramReadlength.html",
                "nanoplot/SAMPLE_03/Yield_By_Length.html",
                "nanoplot/SAMPLE_04",
                "nanoplot/SAMPLE_04/LengthvsQualityScatterPlot_dot.html",
                "nanoplot/SAMPLE_04/LengthvsQualityScatterPlot_kde.html",
                "nanoplot/SAMPLE_04/NanoPlot-report.html",
                "nanoplot/SAMPLE_04/NanoStats.txt",
                "nanoplot/SAMPLE_04/Non_weightedHistogramReadlength.html",
                "nanoplot/SAMPLE_04/Non_weightedLogTransformed_HistogramReadlength.html",
                "nanoplot/SAMPLE_04/WeightedHistogramReadlength.html",
                "nanoplot/SAMPLE_04/WeightedLogTransformed_HistogramReadlength.html",
                "nanoplot/SAMPLE_04/Yield_By_Length.html",
                "nanoplot/SAMPLE_05",
                "nanoplot/SAMPLE_05/LengthvsQualityScatterPlot_dot.html",
                "nanoplot/SAMPLE_05/LengthvsQualityScatterPlot_kde.html",
                "nanoplot/SAMPLE_05/NanoPlot-report.html",
                "nanoplot/SAMPLE_05/NanoStats.txt",
                "nanoplot/SAMPLE_05/Non_weightedHistogramReadlength.html",
                "nanoplot/SAMPLE_05/Non_weightedLogTransformed_HistogramReadlength.html",
                "nanoplot/SAMPLE_05/WeightedHistogramReadlength.html",
                "nanoplot/SAMPLE_05/WeightedLogTransformed_HistogramReadlength.html",
                "nanoplot/SAMPLE_05/Yield_By_Length.html",
                "nanoplot/SAMPLE_06",
                "nanoplot/SAMPLE_06/LengthvsQualityScatterPlot_dot.html",
                "nanoplot/SAMPLE_06/LengthvsQualityScatterPlot_kde.html",
                "nanoplot/SAMPLE_06/NanoPlot-report.html",
                "nanoplot/SAMPLE_06/NanoStats.txt",
                "nanoplot/SAMPLE_06/Non_weightedHistogramReadlength.html",
                "nanoplot/SAMPLE_06/Non_weightedLogTransformed_HistogramReadlength.html",
                "nanoplot/SAMPLE_06/WeightedHistogramReadlength.html",
                "nanoplot/SAMPLE_06/WeightedLogTransformed_HistogramReadlength.html",
                "nanoplot/SAMPLE_06/Yield_By_Length.html",
                "nanoplot/SAMPLE_07",
                "nanoplot/SAMPLE_07/LengthvsQualityScatterPlot_dot.html",
                "nanoplot/SAMPLE_07/LengthvsQualityScatterPlot_kde.html",
                "nanoplot/SAMPLE_07/NanoPlot-report.html",
                "nanoplot/SAMPLE_07/NanoStats.txt",
                "nanoplot/SAMPLE_07/Non_weightedHistogramReadlength.html",
                "nanoplot/SAMPLE_07/Non_weightedLogTransformed_HistogramReadlength.html",
                "nanoplot/SAMPLE_07/WeightedHistogramReadlength.html",
                "nanoplot/SAMPLE_07/WeightedLogTransformed_HistogramReadlength.html",
                "nanoplot/SAMPLE_07/Yield_By_Length.html",
                "nanoplot/SAMPLE_08",
                "nanoplot/SAMPLE_08/LengthvsQualityScatterPlot_dot.html",
                "nanoplot/SAMPLE_08/LengthvsQualityScatterPlot_kde.html",
                "nanoplot/SAMPLE_08/NanoPlot-report.html",
                "nanoplot/SAMPLE_08/NanoStats.txt",
                "nanoplot/SAMPLE_08/Non_weightedHistogramReadlength.html",
                "nanoplot/SAMPLE_08/Non_weightedLogTransformed_HistogramReadlength.html",
                "nanoplot/SAMPLE_08/WeightedHistogramReadlength.html",
                "nanoplot/SAMPLE_08/WeightedLogTransformed_HistogramReadlength.html",
                "nanoplot/SAMPLE_08/Yield_By_Length.html",
                "nanoplot/SAMPLE_09",
                "nanoplot/SAMPLE_09/LengthvsQualityScatterPlot_dot.html",
                "nanoplot/SAMPLE_09/LengthvsQualityScatterPlot_kde.html",
                "nanoplot/SAMPLE_09/NanoPlot-report.html",
                "nanoplot/SAMPLE_09/NanoStats.txt",
                "nanoplot/SAMPLE_09/Non_weightedHistogramReadlength.html",
                "nanoplot/SAMPLE_09/Non_weightedLogTransformed_HistogramReadlength.html",
                "nanoplot/SAMPLE_09/WeightedHistogramReadlength.html",
                "nanoplot/SAMPLE_09/WeightedLogTransformed_HistogramReadlength.html",
                "nanoplot/SAMPLE_09/Yield_By_Length.html",
                "pipeline_info",
                "pipeline_info/nf_core_viralrecon_software_mqc_versions.yml",
                "pycoqc",
                "pycoqc/pycoqc.html",
                "pycoqc/pycoqc.json"
            ],
            [
                "SAMPLE_01.consensus.fasta:md5,a763c4ebcfd90f341305ce4199968c2b",
                "SAMPLE_02.consensus.fasta:md5,3fbc664c329fee4ff4bb28f0a38e49c0",
                "SAMPLE_03.consensus.fasta:md5,0faeb55813e28b957f889b202c2effe3",
                "SAMPLE_04.consensus.fasta:md5,59a8f1ba727a3450dfd66848451b72e9",
                "SAMPLE_05.consensus.fasta:md5,1c04409caad11e9027ff8969efe2d7f5",
                "SAMPLE_06.consensus.fasta:md5,6b7e86cb430c7494235995906d7fbf46",
                "SAMPLE_07.consensus.fasta:md5,00be4cab2cf6f55d5270c7201f827717",
                "SAMPLE_08.consensus.fasta:md5,ec91272e24a5d13ba1febb6f23bc9bf8",
                "SAMPLE_09.consensus.fasta:md5,6da67a8f9f4661047cb0e54a573df0a8",
                "SAMPLE_01.mosdepth.coverage.tsv:md5,0e28552eeae2a0bafd13c73cb78f164d",
                "SAMPLE_02.mosdepth.coverage.tsv:md5,77d4c60f5ddf9accd343ad32c247098d",
                "SAMPLE_03.mosdepth.coverage.tsv:md5,33980fe5e581fd0ccff3469456dfde8e",
                "SAMPLE_04.mosdepth.coverage.tsv:md5,37339649bcefd482075af2001849d89f",
                "SAMPLE_05.mosdepth.coverage.tsv:md5,ae89a4819d0355039246dceed8c58f7b",
                "SAMPLE_06.mosdepth.coverage.tsv:md5,d7955a758a71b4346a0b1d64325257ac",
                "SAMPLE_07.mosdepth.coverage.tsv:md5,210b9222da215472ad61c0ffc7d879f7",
                "SAMPLE_09.mosdepth.coverage.tsv:md5,2dd4b0bc413144b5aad181777e961ca8",
                "all_samples.mosdepth.heatmap.tsv:md5,9d7b8ebe9f60a2daf824cc942a330aae",
                "SAMPLE_01.mosdepth.coverage.tsv:md5,44bf631c89155d375eca55291be7d253",
                "SAMPLE_02.mosdepth.coverage.tsv:md5,a27daedf6a39acf0aeb50473e363838f",
                "SAMPLE_03.mosdepth.coverage.tsv:md5,9061bdba32cd559e033d7abdf84ab960",
                "SAMPLE_04.mosdepth.coverage.tsv:md5,a88ba82d5cc939569ee77ea82f6720ff",
                "SAMPLE_05.mosdepth.coverage.tsv:md5,0b22f6dbb474c753d4a206b48a25b460",
                "SAMPLE_06.mosdepth.coverage.tsv:md5,b78926c1806b3c3573e55db39af4275a",
                "SAMPLE_07.mosdepth.coverage.tsv:md5,a5db2b51ab7d4520986d66cbd7efebba",
                "SAMPLE_09.mosdepth.coverage.tsv:md5,f32b402df67a69aa107f2cc9cfb639a1",
                "SAMPLE_01.mapped.sorted.bam.flagstat:md5,4fda7e3abda43fe36695a922289e1eb5",
                "SAMPLE_01.mapped.sorted.bam.idxstats:md5,3145636954916125cba9cf35add9d033",
                "SAMPLE_02.mapped.sorted.bam.flagstat:md5,6b3bb8d406e530b60ed0bbb8adde4836",
                "SAMPLE_02.mapped.sorted.bam.idxstats:md5,cfe56ccb46d4a8d68fd1e11dfafc4360",
                "SAMPLE_03.mapped.sorted.bam.flagstat:md5,b4805341d371e1fa03eddd224709e3e5",
                "SAMPLE_03.mapped.sorted.bam.idxstats:md5,57ee2b32d8e3137b969f0abb8f8144ee",
                "SAMPLE_04.mapped.sorted.bam.flagstat:md5,d9bc2efc35626a899420fc991f7d582b",
                "SAMPLE_04.mapped.sorted.bam.idxstats:md5,4945955285585909a0e1bec016b1aa34",
                "SAMPLE_05.mapped.sorted.bam.flagstat:md5,d7054a15aa69595ac08cc42ae0ed6137",
                "SAMPLE_05.mapped.sorted.bam.idxstats:md5,ebd7c5e194eb0196c340183c1a17ebbc",
                "SAMPLE_06.mapped.sorted.bam.flagstat:md5,94b96075f14a5fece42eb277fc09f396",
                "SAMPLE_06.mapped.sorted.bam.idxstats:md5,227bff7b6d1c7fcfae04faf9da13b754",
                "SAMPLE_07.mapped.sorted.bam.flagstat:md5,d7054a15aa69595ac08cc42ae0ed6137",
                "SAMPLE_07.mapped.sorted.bam.idxstats:md5,ebd7c5e194eb0196c340183c1a17ebbc",
                "SAMPLE_08.mapped.sorted.bam.flagstat:md5,099ff6216a03998955a0b8dda49f7acb",
                "SAMPLE_08.mapped.sorted.bam.idxstats:md5,04618a3fe1e5ae6fdcfba0d1c4746068",
                "SAMPLE_09.mapped.sorted.bam.flagstat:md5,b8de96898246f1e80eb242a82dc63b9f",
                "SAMPLE_09.mapped.sorted.bam.idxstats:md5,1297500e3064a15d55ccf1f1d74aeab4",
                "SAMPLE_01.classified.fastq.gz:md5,d41d8cd98f00b204e9800998ecf8427e",
                "SAMPLE_01.kraken2.report.txt:md5,45f4523a3483a5235f5c541e942e2273",
                "SAMPLE_02.classified.fastq.gz:md5,d41d8cd98f00b204e9800998ecf8427e",
                "SAMPLE_02.kraken2.report.txt:md5,f729bb6eb0e70384e6d3b1a98be02aea",
                "SAMPLE_03.classified.fastq.gz:md5,adc593ee15ff7337bdca4b562568cc3c",
                "SAMPLE_03.kraken2.report.txt:md5,8c84f05a1278e3b2d1fe3ac8e1520f38",
                "SAMPLE_04.classified.fastq.gz:md5,466cb954b4277aace0451fbc4390fcc4",
                "SAMPLE_04.kraken2.report.txt:md5,a23186be76b6aa8c7c3fb8ba717e31d9",
                "SAMPLE_05.classified.fastq.gz:md5,51296b8808ef165f44f13b1ae2dfa74c",
                "SAMPLE_05.kraken2.report.txt:md5,0af15b444764780c8ebf99e7b83df2e0",
                "SAMPLE_06.classified.fastq.gz:md5,d41d8cd98f00b204e9800998ecf8427e",
                "SAMPLE_06.kraken2.report.txt:md5,c093f4f78cb5e8673ee7760a6bd7af94",
                "SAMPLE_07.classified.fastq.gz:md5,ce523d8e79571fcd50be1af7493ac2ee",
                "SAMPLE_07.kraken2.report.txt:md5,6ea15fbf0db86d7525676981983bfc2c",
                "SAMPLE_08.classified.fastq.gz:md5,bc7240df0cc6a5b3e8c078f8efca087e",
                "SAMPLE_08.kraken2.report.txt:md5,26df2d415a3506dbc54e50bba1b10bfc",
                "SAMPLE_09.classified.fastq.gz:md5,f7a5e7ff5ff5e227b900a0d66efeba03",
                "SAMPLE_09.kraken2.report.txt:md5,fcdde33079ca368ae8b0bd24faa90c85",
                "bcftools-stats-subtypes.yaml:md5,d2d256afc41e3cfe7902f92f824f8f5b",
                "bcftools_stats_indel-lengths.yaml:md5,e85b2eb59d738c65a054e19065b71fa4",
                "kraken-top-n-plot_Class.yaml:md5,5abff3024f97ec7e0765c0d58d0ae636",
                "kraken-top-n-plot_Domain.yaml:md5,4333d9803c8d86a1d90d6af9543c7da6",
                "kraken-top-n-plot_Family.yaml:md5,2d820250969d39025a57785038b0f44b",
                "kraken-top-n-plot_Genus.yaml:md5,a6568e2805cb299a00dbcf73fe4882c9",
                "kraken-top-n-plot_Order.yaml:md5,beeeae57eb6e23c44362ca7e5d3cb425",
                "kraken-top-n-plot_Phylum.yaml:md5,495503eb5592943b2f67fda3cc935e52",
                "kraken-top-n-plot_Unclassified.yaml:md5,775c2720fa22dc764ec99c9a480cebd3",
                "mosdepth-coverage-per-contig-single.yaml:md5,70a3bd472bb124dbf9a959aacb9f26de",
                "mosdepth-cumcoverage-dist-id.yaml:md5,c9d1e868333b96401e66711e3bd650c5",
                "mosdepth_cov_dist.yaml:md5,eca5b56c9660fc68bc8d5055c8c91cfe",
                "mosdepth_cumcov_dist.yaml:md5,eca5b56c9660fc68bc8d5055c8c91cfe",
                "mosdepth_perchrom.yaml:md5,ced2580d593ef240d12312d1ab13335d",
                "multiqc_bcftools_stats.yaml:md5,4cbfd6ce6a5071ec628f4fc3d643e4cc",
                "multiqc_citations.yaml:md5,f6a5976bbb1dbb8a839f64b168d37b37",
                "multiqc_fail_mapped_samples_nanopore.yaml:md5,60ac646e6d248e9fd52c687e2adb9f1d",
                "multiqc_fail_no_barcode_samples_table.yaml:md5,a2068fd5931030a8d949a29c63c3fadf",
                "multiqc_kraken.yaml:md5,7396b17b46925e178581dd7c25bc1420",
                "multiqc_nextclade_clade.yaml:md5,cf5a1379e07f4414d64414738dfd2b16",
                "multiqc_pangolin.yaml:md5,99b13cbe1975345678da242d8f276708",
                "multiqc_quast.yaml:md5,8cadb76521768c3ad7c1d6cc05033b49",
                "multiqc_snpeff.yaml:md5,af6465b4dd08db7020e7f5569da9162e",
                "multiqc_summary_variants_metrics_plot_table.yaml:md5,1d43187c88e4ea455778e01c3158a6e5",
                "pangolin_run_table.yaml:md5,9a4d14095f8dac4f9ca55c99c677df1d",
                "pycoqc_count_plot_Bases.yaml:md5,7d2db959e6f191000642d17d29326b1e",
                "pycoqc_count_plot_Reads.yaml:md5,647ee3cee55375c44fffb6887e8a38a1",
                "pycoqc_read_qual_plot_All_Reads.yaml:md5,ca731aa52ca76ea80002fc8cf2c55030",
                "pycoqc_read_qual_plot_Passing_Reads.yaml:md5,5097786e1462e40ea98740b5be038136",
                "pycoqc_stats_table.yaml:md5,7e91d1025c519911af28386064444b9a",
                "snpeff_effects.yaml:md5,403ee3307e1d42ef949f7de4d78df534",
                "snpeff_variant_effects_class.yaml:md5,8cfbab9e218fafb203bdf718e312141b",
                "snpeff_variant_effects_impact.yaml:md5,1228a5825c8501090f9c5efcbdac0e8c",
                "snpeff_variant_effects_region.yaml:md5,9f06790f32040f4d1156ef3be14e8dd8"
            ]
        ],
        "meta": {
            "nf-test": "0.9.3",
            "nextflow": "26.04.0"
        },
        "timestamp": "2026-05-27T11:14:19.739426176"
    }
}