{
    "-profile test_hiv --genome 'NC_001802.1'": {
        "content": [
            {
                "BAM2CODFREQ": {
                    "python": "3.9.23"
                },
                "BCFTOOLS_QUERY": {
                    "bcftools": "1.23.1"
                },
                "BCFTOOLS_SORT": {
                    "bcftools": "1.23.1"
                },
                "BCFTOOLS_STATS": {
                    "bcftools": "1.23.1"
                },
                "BOWTIE2_ALIGN": {
                    "bowtie2": "2.5.4",
                    "pigz": 2.8,
                    "samtools": 1.21
                },
                "BOWTIE2_BUILD": {
                    "bowtie2": "2.5.4"
                },
                "CAT_FASTQ": {
                    "cat": 9.5
                },
                "CONSENSUS_LIFTOFF": {
                    "liftoff": "1.6.3"
                },
                "FASTP": {
                    "fastp": "1.1.0"
                },
                "FASTQC_RAW": {
                    "fastqc": "0.12.1"
                },
                "FASTQC_TRIM": {
                    "fastqc": "0.12.1"
                },
                "GFF2JSON": {
                    "python": "3.13.2"
                },
                "IVAR_CONSENSUS": {
                    "ivar": "1.4.4"
                },
                "IVAR_VARIANTS": {
                    "ivar": "1.4.4"
                },
                "IVAR_VARIANTS_TO_VCF": {
                    "python": "3.13.2"
                },
                "KRAKEN2_KRAKEN2": {
                    "kraken2": "2.1.6",
                    "pigz": 2.8
                },
                "LIFTOFF": {
                    "liftoff": "1.6.3"
                },
                "MAKE_VARIANTS_LONG_TABLE": {
                    "python": "3.13.2"
                },
                "MAKE_VARIANTS_LONG_TABLE_ADDITIONAL": {
                    "python": "3.13.2"
                },
                "MOSDEPTH_GENOME": {
                    "gzip": 1.14,
                    "mosdepth": "0.3.14"
                },
                "NEXTCLADE_DATASETGET": {
                    "nextclade": "3.11.0",
                    "nextclade-tag": "2025-09-09--12-13-13Z"
                },
                "PICARD_COLLECTMULTIPLEMETRICS": {
                    "picard": "3.4.0"
                },
                "PLOT_MOSDEPTH_REGIONS_GENOME": {
                    "r-base": "4.2.0"
                },
                "QUAST": {
                    "quast": "5.3.0"
                },
                "RESISTANCE_REPORT": {
                    "python": "3.13.2"
                },
                "RESISTANCE_TABLES": {
                    "python": "3.13.2"
                },
                "SAMTOOLS_FAIDX": {
                    "samtools": "1.23.1"
                },
                "SAMTOOLS_FLAGSTAT": {
                    "samtools": "1.23.1"
                },
                "SAMTOOLS_IDXSTATS": {
                    "samtools": "1.23.1"
                },
                "SAMTOOLS_INDEX": {
                    "samtools": "1.23.1"
                },
                "SAMTOOLS_SORT": {
                    "samtools": "1.23.1"
                },
                "SAMTOOLS_STATS": {
                    "samtools": "1.23.1"
                },
                "SIERRALOCAL": {
                    "sierra-local": "0.4.3"
                },
                "SNPEFF_ANN": {
                    "snpeff": "5.0e"
                },
                "SNPEFF_BUILD": {
                    "snpeff": "5.0e"
                },
                "SNPSIFT_EXTRACTFIELDS": {
                    "snpsift": 4.3
                },
                "TABIX_BGZIP": {
                    "tabix": 1.21
                },
                "TABIX_TABIX": {
                    "tabix": 1.21
                },
                "UNTAR_KRAKEN2_DB": {
                    "untar": 1.34
                },
                "Workflow": {
                    "nf-core/viralrecon": "v3.1.0dev"
                }
            },
            [
                "fastp",
                "fastp/DRR030302.fastp.html",
                "fastp/DRR030302.fastp.json",
                "fastp/SRR4071760.fastp.html",
                "fastp/SRR4071760.fastp.json",
                "fastp/SRR6937100.fastp.html",
                "fastp/SRR6937100.fastp.json",
                "fastp/log",
                "fastp/log/DRR030302.fastp.log",
                "fastp/log/SRR4071760.fastp.log",
                "fastp/log/SRR6937100.fastp.log",
                "fastqc",
                "fastqc/raw",
                "fastqc/raw/DRR030302_1_fastqc.html",
                "fastqc/raw/DRR030302_1_fastqc.zip",
                "fastqc/raw/DRR030302_2_fastqc.html",
                "fastqc/raw/DRR030302_2_fastqc.zip",
                "fastqc/raw/SRR4071760_1_fastqc.html",
                "fastqc/raw/SRR4071760_1_fastqc.zip",
                "fastqc/raw/SRR4071760_2_fastqc.html",
                "fastqc/raw/SRR4071760_2_fastqc.zip",
                "fastqc/raw/SRR6937100_1_fastqc.html",
                "fastqc/raw/SRR6937100_1_fastqc.zip",
                "fastqc/raw/SRR6937100_2_fastqc.html",
                "fastqc/raw/SRR6937100_2_fastqc.zip",
                "fastqc/trim",
                "fastqc/trim/DRR030302_1_fastqc.html",
                "fastqc/trim/DRR030302_1_fastqc.zip",
                "fastqc/trim/DRR030302_2_fastqc.html",
                "fastqc/trim/DRR030302_2_fastqc.zip",
                "fastqc/trim/SRR4071760_1_fastqc.html",
                "fastqc/trim/SRR4071760_1_fastqc.zip",
                "fastqc/trim/SRR4071760_2_fastqc.html",
                "fastqc/trim/SRR4071760_2_fastqc.zip",
                "fastqc/trim/SRR6937100_1_fastqc.html",
                "fastqc/trim/SRR6937100_1_fastqc.zip",
                "fastqc/trim/SRR6937100_2_fastqc.html",
                "fastqc/trim/SRR6937100_2_fastqc.zip",
                "kraken2",
                "kraken2/DRR030302.kraken2.report.txt",
                "kraken2/SRR4071760.kraken2.report.txt",
                "kraken2/SRR6937100.kraken2.report.txt",
                "multiqc",
                "multiqc/multiqc_data",
                "multiqc/multiqc_data/bcftools-stats-subtypes.yaml",
                "multiqc/multiqc_data/bcftools_stats_indel-lengths.yaml",
                "multiqc/multiqc_data/bcftools_stats_vqc_Count_Indels.yaml",
                "multiqc/multiqc_data/bcftools_stats_vqc_Count_SNP.yaml",
                "multiqc/multiqc_data/bcftools_stats_vqc_Count_Transitions.yaml",
                "multiqc/multiqc_data/bcftools_stats_vqc_Count_Transversions.yaml",
                "multiqc/multiqc_data/bowtie2_pe_plot.yaml",
                "multiqc/multiqc_data/fastp-insert-size-plot.yaml",
                "multiqc/multiqc_data/fastp-seq-content-gc-plot_Read_1_After_filtering.yaml",
                "multiqc/multiqc_data/fastp-seq-content-gc-plot_Read_1_Before_filtering.yaml",
                "multiqc/multiqc_data/fastp-seq-content-gc-plot_Read_2_After_filtering.yaml",
                "multiqc/multiqc_data/fastp-seq-content-gc-plot_Read_2_Before_filtering.yaml",
                "multiqc/multiqc_data/fastp-seq-content-n-plot_Read_1_After_filtering.yaml",
                "multiqc/multiqc_data/fastp-seq-content-n-plot_Read_1_Before_filtering.yaml",
                "multiqc/multiqc_data/fastp-seq-content-n-plot_Read_2_After_filtering.yaml",
                "multiqc/multiqc_data/fastp-seq-content-n-plot_Read_2_Before_filtering.yaml",
                "multiqc/multiqc_data/fastp-seq-quality-plot_Read_1_After_filtering.yaml",
                "multiqc/multiqc_data/fastp-seq-quality-plot_Read_1_Before_filtering.yaml",
                "multiqc/multiqc_data/fastp-seq-quality-plot_Read_2_After_filtering.yaml",
                "multiqc/multiqc_data/fastp-seq-quality-plot_Read_2_Before_filtering.yaml",
                "multiqc/multiqc_data/fastp_filtered_reads_plot.yaml",
                "multiqc/multiqc_data/fastqc-status-check-heatmap.yaml",
                "multiqc/multiqc_data/fastqc_adapter_content_plot.yaml",
                "multiqc/multiqc_data/fastqc_overrepresented_sequences_plot.yaml",
                "multiqc/multiqc_data/fastqc_per_base_n_content_plot.yaml",
                "multiqc/multiqc_data/fastqc_per_base_sequence_quality_plot.yaml",
                "multiqc/multiqc_data/fastqc_per_sequence_gc_content_plot_Counts.yaml",
                "multiqc/multiqc_data/fastqc_per_sequence_gc_content_plot_Percentages.yaml",
                "multiqc/multiqc_data/fastqc_per_sequence_quality_scores_plot.yaml",
                "multiqc/multiqc_data/fastqc_sequence_counts_plot.yaml",
                "multiqc/multiqc_data/fastqc_sequence_duplication_levels_plot.yaml",
                "multiqc/multiqc_data/fastqc_sequence_length_distribution_plot.yaml",
                "multiqc/multiqc_data/fastqc_top_overrepresented_sequences_table.yaml",
                "multiqc/multiqc_data/kraken-top-n-plot_Class.yaml",
                "multiqc/multiqc_data/kraken-top-n-plot_Domain.yaml",
                "multiqc/multiqc_data/kraken-top-n-plot_Family.yaml",
                "multiqc/multiqc_data/kraken-top-n-plot_Genus.yaml",
                "multiqc/multiqc_data/kraken-top-n-plot_Order.yaml",
                "multiqc/multiqc_data/kraken-top-n-plot_Phylum.yaml",
                "multiqc/multiqc_data/kraken-top-n-plot_Unclassified.yaml",
                "multiqc/multiqc_data/llms-full.txt",
                "multiqc/multiqc_data/mosdepth-coverage-per-contig-single.yaml",
                "multiqc/multiqc_data/mosdepth-cumcoverage-dist-id.yaml",
                "multiqc/multiqc_data/mosdepth_cov_dist.yaml",
                "multiqc/multiqc_data/mosdepth_cumcov_dist.yaml",
                "multiqc/multiqc_data/mosdepth_perchrom.yaml",
                "multiqc/multiqc_data/multiqc.log",
                "multiqc/multiqc_data/multiqc.parquet",
                "multiqc/multiqc_data/multiqc_bcftools_stats.yaml",
                "multiqc/multiqc_data/multiqc_bowtie2.yaml",
                "multiqc/multiqc_data/multiqc_citations.yaml",
                "multiqc/multiqc_data/multiqc_data.json",
                "multiqc/multiqc_data/multiqc_fastp.yaml",
                "multiqc/multiqc_data/multiqc_fastqc.yaml",
                "multiqc/multiqc_data/multiqc_ivar_variants.yaml",
                "multiqc/multiqc_data/multiqc_kraken.yaml",
                "multiqc/multiqc_data/multiqc_nextclade_clade.yaml",
                "multiqc/multiqc_data/multiqc_quast_quast_variants.yaml",
                "multiqc/multiqc_data/multiqc_samtools_flagstat_samtools_bowtie2.yaml",
                "multiqc/multiqc_data/multiqc_samtools_flagstat_samtools_ivar.yaml",
                "multiqc/multiqc_data/multiqc_samtools_flagstat_samtools_markduplicates.yaml",
                "multiqc/multiqc_data/multiqc_snpeff.yaml",
                "multiqc/multiqc_data/multiqc_software_versions.yaml",
                "multiqc/multiqc_data/multiqc_sources.yaml",
                "multiqc/multiqc_data/multiqc_summary_variants_metrics_plot.yaml",
                "multiqc/multiqc_data/quast_num_contigs.yaml",
                "multiqc/multiqc_data/quast_table.yaml",
                "multiqc/multiqc_data/samtools-flagstat-pct-table.yaml",
                "multiqc/multiqc_data/samtools-flagstat-table.yaml",
                "multiqc/multiqc_data/snpeff_effects.yaml",
                "multiqc/multiqc_data/snpeff_variant_effects_class.yaml",
                "multiqc/multiqc_data/snpeff_variant_effects_impact.yaml",
                "multiqc/multiqc_data/snpeff_variant_effects_region.yaml",
                "multiqc/multiqc_report.html",
                "multiqc/summary_variants_metrics_mqc.csv",
                "nextclade",
                "nextclade/neherlab",
                "nextclade/neherlab/hiv-1",
                "nextclade/neherlab/hiv-1/CHANGELOG.md",
                "nextclade/neherlab/hiv-1/README.md",
                "nextclade/neherlab/hiv-1/genome_annotation.gff3",
                "nextclade/neherlab/hiv-1/pathogen.json",
                "nextclade/neherlab/hiv-1/reference.fasta",
                "nextclade/neherlab/hiv-1/sequences.fasta",
                "nextclade/neherlab/hiv-1/tree.json",
                "pipeline_info",
                "pipeline_info/nf_core_viralrecon_software_mqc_versions.yml",
                "variants",
                "variants/bowtie2",
                "variants/bowtie2/DRR030302.sorted.bam",
                "variants/bowtie2/DRR030302.sorted.bam.bai",
                "variants/bowtie2/SRR4071760.sorted.bam",
                "variants/bowtie2/SRR4071760.sorted.bam.bai",
                "variants/bowtie2/SRR6937100.sorted.bam",
                "variants/bowtie2/SRR6937100.sorted.bam.bai",
                "variants/bowtie2/log",
                "variants/bowtie2/log/DRR030302.bowtie2.log",
                "variants/bowtie2/log/SRR4071760.bowtie2.log",
                "variants/bowtie2/log/SRR6937100.bowtie2.log",
                "variants/bowtie2/mosdepth",
                "variants/bowtie2/mosdepth/genome",
                "variants/bowtie2/mosdepth/genome/DRR030302.mosdepth.coverage.pdf",
                "variants/bowtie2/mosdepth/genome/DRR030302.mosdepth.coverage.tsv",
                "variants/bowtie2/mosdepth/genome/DRR030302.mosdepth.summary.txt",
                "variants/bowtie2/mosdepth/genome/SRR4071760.mosdepth.coverage.pdf",
                "variants/bowtie2/mosdepth/genome/SRR4071760.mosdepth.coverage.tsv",
                "variants/bowtie2/mosdepth/genome/SRR4071760.mosdepth.summary.txt",
                "variants/bowtie2/mosdepth/genome/SRR6937100.mosdepth.coverage.pdf",
                "variants/bowtie2/mosdepth/genome/SRR6937100.mosdepth.coverage.tsv",
                "variants/bowtie2/mosdepth/genome/SRR6937100.mosdepth.summary.txt",
                "variants/bowtie2/mosdepth/genome/all_samples.mosdepth.coverage.tsv",
                "variants/bowtie2/picard_metrics",
                "variants/bowtie2/picard_metrics/DRR030302.CollectMultipleMetrics.alignment_summary_metrics",
                "variants/bowtie2/picard_metrics/DRR030302.CollectMultipleMetrics.base_distribution_by_cycle_metrics",
                "variants/bowtie2/picard_metrics/DRR030302.CollectMultipleMetrics.insert_size_metrics",
                "variants/bowtie2/picard_metrics/DRR030302.CollectMultipleMetrics.quality_by_cycle_metrics",
                "variants/bowtie2/picard_metrics/DRR030302.CollectMultipleMetrics.quality_distribution_metrics",
                "variants/bowtie2/picard_metrics/SRR4071760.CollectMultipleMetrics.alignment_summary_metrics",
                "variants/bowtie2/picard_metrics/SRR4071760.CollectMultipleMetrics.base_distribution_by_cycle_metrics",
                "variants/bowtie2/picard_metrics/SRR4071760.CollectMultipleMetrics.insert_size_metrics",
                "variants/bowtie2/picard_metrics/SRR4071760.CollectMultipleMetrics.quality_by_cycle_metrics",
                "variants/bowtie2/picard_metrics/SRR4071760.CollectMultipleMetrics.quality_distribution_metrics",
                "variants/bowtie2/picard_metrics/SRR6937100.CollectMultipleMetrics.alignment_summary_metrics",
                "variants/bowtie2/picard_metrics/SRR6937100.CollectMultipleMetrics.base_distribution_by_cycle_metrics",
                "variants/bowtie2/picard_metrics/SRR6937100.CollectMultipleMetrics.insert_size_metrics",
                "variants/bowtie2/picard_metrics/SRR6937100.CollectMultipleMetrics.quality_by_cycle_metrics",
                "variants/bowtie2/picard_metrics/SRR6937100.CollectMultipleMetrics.quality_distribution_metrics",
                "variants/bowtie2/picard_metrics/pdf",
                "variants/bowtie2/picard_metrics/pdf/DRR030302.CollectMultipleMetrics.base_distribution_by_cycle.pdf",
                "variants/bowtie2/picard_metrics/pdf/DRR030302.CollectMultipleMetrics.insert_size_histogram.pdf",
                "variants/bowtie2/picard_metrics/pdf/DRR030302.CollectMultipleMetrics.quality_by_cycle.pdf",
                "variants/bowtie2/picard_metrics/pdf/DRR030302.CollectMultipleMetrics.quality_distribution.pdf",
                "variants/bowtie2/picard_metrics/pdf/DRR030302.CollectMultipleMetrics.read_length_histogram.pdf",
                "variants/bowtie2/picard_metrics/pdf/SRR4071760.CollectMultipleMetrics.base_distribution_by_cycle.pdf",
                "variants/bowtie2/picard_metrics/pdf/SRR4071760.CollectMultipleMetrics.insert_size_histogram.pdf",
                "variants/bowtie2/picard_metrics/pdf/SRR4071760.CollectMultipleMetrics.quality_by_cycle.pdf",
                "variants/bowtie2/picard_metrics/pdf/SRR4071760.CollectMultipleMetrics.quality_distribution.pdf",
                "variants/bowtie2/picard_metrics/pdf/SRR4071760.CollectMultipleMetrics.read_length_histogram.pdf",
                "variants/bowtie2/picard_metrics/pdf/SRR6937100.CollectMultipleMetrics.base_distribution_by_cycle.pdf",
                "variants/bowtie2/picard_metrics/pdf/SRR6937100.CollectMultipleMetrics.insert_size_histogram.pdf",
                "variants/bowtie2/picard_metrics/pdf/SRR6937100.CollectMultipleMetrics.quality_by_cycle.pdf",
                "variants/bowtie2/picard_metrics/pdf/SRR6937100.CollectMultipleMetrics.quality_distribution.pdf",
                "variants/bowtie2/picard_metrics/pdf/SRR6937100.CollectMultipleMetrics.read_length_histogram.pdf",
                "variants/bowtie2/samtools_stats",
                "variants/bowtie2/samtools_stats/DRR030302.sorted.bam.flagstat",
                "variants/bowtie2/samtools_stats/DRR030302.sorted.bam.idxstats",
                "variants/bowtie2/samtools_stats/DRR030302.sorted.bam.stats",
                "variants/bowtie2/samtools_stats/SRR4071760.sorted.bam.flagstat",
                "variants/bowtie2/samtools_stats/SRR4071760.sorted.bam.idxstats",
                "variants/bowtie2/samtools_stats/SRR4071760.sorted.bam.stats",
                "variants/bowtie2/samtools_stats/SRR6937100.sorted.bam.flagstat",
                "variants/bowtie2/samtools_stats/SRR6937100.sorted.bam.idxstats",
                "variants/bowtie2/samtools_stats/SRR6937100.sorted.bam.stats",
                "variants/ivar",
                "variants/ivar/DRR030302.tsv",
                "variants/ivar/DRR030302.vcf.gz",
                "variants/ivar/DRR030302.vcf.gz.tbi",
                "variants/ivar/SRR4071760.tsv",
                "variants/ivar/SRR4071760.vcf.gz",
                "variants/ivar/SRR4071760.vcf.gz.tbi",
                "variants/ivar/SRR6937100.tsv",
                "variants/ivar/SRR6937100.vcf.gz",
                "variants/ivar/SRR6937100.vcf.gz.tbi",
                "variants/ivar/bcftools_stats",
                "variants/ivar/bcftools_stats/DRR030302.bcftools_stats.txt",
                "variants/ivar/bcftools_stats/SRR4071760.bcftools_stats.txt",
                "variants/ivar/bcftools_stats/SRR6937100.bcftools_stats.txt",
                "variants/ivar/consensus",
                "variants/ivar/consensus/ivar",
                "variants/ivar/consensus/ivar/DRR030302.consensus.fa",
                "variants/ivar/consensus/ivar/DRR030302.consensus.qual.txt",
                "variants/ivar/consensus/ivar/SRR4071760.consensus.fa",
                "variants/ivar/consensus/ivar/SRR4071760.consensus.qual.txt",
                "variants/ivar/consensus/ivar/SRR6937100.consensus.fa",
                "variants/ivar/consensus/ivar/SRR6937100.consensus.qual.txt",
                "variants/ivar/consensus/ivar/base_qc",
                "variants/ivar/consensus/ivar/base_qc/DRR030302.consensus.ACTG_density.pdf",
                "variants/ivar/consensus/ivar/base_qc/DRR030302.consensus.B_density.pdf",
                "variants/ivar/consensus/ivar/base_qc/DRR030302.consensus.H_density.pdf",
                "variants/ivar/consensus/ivar/base_qc/DRR030302.consensus.K_density.pdf",
                "variants/ivar/consensus/ivar/base_qc/DRR030302.consensus.M_density.pdf",
                "variants/ivar/consensus/ivar/base_qc/DRR030302.consensus.N_density.pdf",
                "variants/ivar/consensus/ivar/base_qc/DRR030302.consensus.N_run.tsv",
                "variants/ivar/consensus/ivar/base_qc/DRR030302.consensus.R_density.pdf",
                "variants/ivar/consensus/ivar/base_qc/DRR030302.consensus.S_density.pdf",
                "variants/ivar/consensus/ivar/base_qc/DRR030302.consensus.V_density.pdf",
                "variants/ivar/consensus/ivar/base_qc/DRR030302.consensus.W_density.pdf",
                "variants/ivar/consensus/ivar/base_qc/DRR030302.consensus.Y_density.pdf",
                "variants/ivar/consensus/ivar/base_qc/DRR030302.consensus.base_counts.pdf",
                "variants/ivar/consensus/ivar/base_qc/DRR030302.consensus.base_counts.tsv",
                "variants/ivar/consensus/ivar/base_qc/SRR4071760.consensus.ACTG_density.pdf",
                "variants/ivar/consensus/ivar/base_qc/SRR4071760.consensus.N_density.pdf",
                "variants/ivar/consensus/ivar/base_qc/SRR4071760.consensus.N_run.tsv",
                "variants/ivar/consensus/ivar/base_qc/SRR4071760.consensus.R_density.pdf",
                "variants/ivar/consensus/ivar/base_qc/SRR4071760.consensus.W_density.pdf",
                "variants/ivar/consensus/ivar/base_qc/SRR4071760.consensus.Y_density.pdf",
                "variants/ivar/consensus/ivar/base_qc/SRR4071760.consensus.base_counts.pdf",
                "variants/ivar/consensus/ivar/base_qc/SRR4071760.consensus.base_counts.tsv",
                "variants/ivar/consensus/ivar/base_qc/SRR6937100.consensus.ACTG_density.pdf",
                "variants/ivar/consensus/ivar/base_qc/SRR6937100.consensus.N_density.pdf",
                "variants/ivar/consensus/ivar/base_qc/SRR6937100.consensus.N_run.tsv",
                "variants/ivar/consensus/ivar/base_qc/SRR6937100.consensus.base_counts.pdf",
                "variants/ivar/consensus/ivar/base_qc/SRR6937100.consensus.base_counts.tsv",
                "variants/ivar/consensus/ivar/hiv_resistance",
                "variants/ivar/consensus/ivar/hiv_resistance/codfreq",
                "variants/ivar/consensus/ivar/hiv_resistance/codfreq/DRR030302.codfreq",
                "variants/ivar/consensus/ivar/hiv_resistance/codfreq/NC_001802.1.json",
                "variants/ivar/consensus/ivar/hiv_resistance/codfreq/SRR4071760.codfreq",
                "variants/ivar/consensus/ivar/hiv_resistance/codfreq/SRR6937100.codfreq",
                "variants/ivar/consensus/ivar/hiv_resistance/liftoff",
                "variants/ivar/consensus/ivar/hiv_resistance/liftoff/NC_001802.1.gff",
                "variants/ivar/consensus/ivar/hiv_resistance/liftoff/NC_001802.1.unmapped.txt",
                "variants/ivar/consensus/ivar/hiv_resistance/liftoff_variants_long_table.csv",
                "variants/ivar/consensus/ivar/hiv_resistance/resistance_reports",
                "variants/ivar/consensus/ivar/hiv_resistance/resistance_reports/DRR030302_mutation_table.csv",
                "variants/ivar/consensus/ivar/hiv_resistance/resistance_reports/DRR030302_mutation_table_short.csv",
                "variants/ivar/consensus/ivar/hiv_resistance/resistance_reports/DRR030302_resistance_table.csv",
                "variants/ivar/consensus/ivar/hiv_resistance/resistance_reports/SRR4071760_mutation_table.csv",
                "variants/ivar/consensus/ivar/hiv_resistance/resistance_reports/SRR4071760_mutation_table_short.csv",
                "variants/ivar/consensus/ivar/hiv_resistance/resistance_reports/SRR4071760_resistance_table.csv",
                "variants/ivar/consensus/ivar/hiv_resistance/resistance_reports/SRR6937100_mutation_table.csv",
                "variants/ivar/consensus/ivar/hiv_resistance/resistance_reports/SRR6937100_mutation_table_short.csv",
                "variants/ivar/consensus/ivar/hiv_resistance/resistance_reports/SRR6937100_resistance_table.csv",
                "variants/ivar/consensus/ivar/hiv_resistance/resistance_reports/resistance.html",
                "variants/ivar/consensus/ivar/hiv_resistance/sierra-local",
                "variants/ivar/consensus/ivar/hiv_resistance/sierra-local/DRR030302_resistance.json",
                "variants/ivar/consensus/ivar/hiv_resistance/sierra-local/SRR4071760_resistance.json",
                "variants/ivar/consensus/ivar/hiv_resistance/sierra-local/SRR6937100_resistance.json",
                "variants/ivar/consensus/ivar/nextclade",
                "variants/ivar/consensus/ivar/nextclade/DRR030302.csv",
                "variants/ivar/consensus/ivar/nextclade/SRR4071760.csv",
                "variants/ivar/consensus/ivar/nextclade/SRR6937100.csv",
                "variants/ivar/consensus/ivar/quast.consensus",
                "variants/ivar/consensus/ivar/quast.consensus/basic_stats",
                "variants/ivar/consensus/ivar/quast.consensus/basic_stats/DRR030302.consensus_GC_content_plot.pdf",
                "variants/ivar/consensus/ivar/quast.consensus/basic_stats/GC_content_plot.pdf",
                "variants/ivar/consensus/ivar/quast.consensus/basic_stats/NGx_plot.pdf",
                "variants/ivar/consensus/ivar/quast.consensus/basic_stats/Nx_plot.pdf",
                "variants/ivar/consensus/ivar/quast.consensus/basic_stats/SRR4071760.consensus_GC_content_plot.pdf",
                "variants/ivar/consensus/ivar/quast.consensus/basic_stats/SRR6937100.consensus_GC_content_plot.pdf",
                "variants/ivar/consensus/ivar/quast.consensus/basic_stats/cumulative_plot.pdf",
                "variants/ivar/consensus/ivar/quast.consensus/basic_stats/gc.icarus.txt",
                "variants/ivar/consensus/ivar/quast.consensus/contigs_reports",
                "variants/ivar/consensus/ivar/quast.consensus/contigs_reports/DRR030302-consensus.mis_contigs.fa",
                "variants/ivar/consensus/ivar/quast.consensus/contigs_reports/DRR030302-consensus.misassemblies.gff",
                "variants/ivar/consensus/ivar/quast.consensus/contigs_reports/SRR4071760-consensus.mis_contigs.fa",
                "variants/ivar/consensus/ivar/quast.consensus/contigs_reports/SRR4071760-consensus.misassemblies.gff",
                "variants/ivar/consensus/ivar/quast.consensus/contigs_reports/SRR6937100-consensus.mis_contigs.fa",
                "variants/ivar/consensus/ivar/quast.consensus/contigs_reports/SRR6937100-consensus.misassemblies.gff",
                "variants/ivar/consensus/ivar/quast.consensus/contigs_reports/all_alignments_DRR030302-consensus.tsv",
                "variants/ivar/consensus/ivar/quast.consensus/contigs_reports/all_alignments_SRR4071760-consensus.tsv",
                "variants/ivar/consensus/ivar/quast.consensus/contigs_reports/all_alignments_SRR6937100-consensus.tsv",
                "variants/ivar/consensus/ivar/quast.consensus/contigs_reports/contigs_report_DRR030302-consensus.mis_contigs.info",
                "variants/ivar/consensus/ivar/quast.consensus/contigs_reports/contigs_report_DRR030302-consensus.stderr",
                "variants/ivar/consensus/ivar/quast.consensus/contigs_reports/contigs_report_DRR030302-consensus.stdout",
                "variants/ivar/consensus/ivar/quast.consensus/contigs_reports/contigs_report_DRR030302-consensus.unaligned.info",
                "variants/ivar/consensus/ivar/quast.consensus/contigs_reports/contigs_report_SRR4071760-consensus.mis_contigs.info",
                "variants/ivar/consensus/ivar/quast.consensus/contigs_reports/contigs_report_SRR4071760-consensus.stderr",
                "variants/ivar/consensus/ivar/quast.consensus/contigs_reports/contigs_report_SRR4071760-consensus.stdout",
                "variants/ivar/consensus/ivar/quast.consensus/contigs_reports/contigs_report_SRR4071760-consensus.unaligned.info",
                "variants/ivar/consensus/ivar/quast.consensus/contigs_reports/contigs_report_SRR6937100-consensus.mis_contigs.info",
                "variants/ivar/consensus/ivar/quast.consensus/contigs_reports/contigs_report_SRR6937100-consensus.stderr",
                "variants/ivar/consensus/ivar/quast.consensus/contigs_reports/contigs_report_SRR6937100-consensus.stdout",
                "variants/ivar/consensus/ivar/quast.consensus/contigs_reports/contigs_report_SRR6937100-consensus.unaligned.info",
                "variants/ivar/consensus/ivar/quast.consensus/contigs_reports/minimap_output",
                "variants/ivar/consensus/ivar/quast.consensus/contigs_reports/minimap_output/DRR030302-consensus.coords",
                "variants/ivar/consensus/ivar/quast.consensus/contigs_reports/minimap_output/DRR030302-consensus.coords.filtered",
                "variants/ivar/consensus/ivar/quast.consensus/contigs_reports/minimap_output/DRR030302-consensus.coords_tmp",
                "variants/ivar/consensus/ivar/quast.consensus/contigs_reports/minimap_output/DRR030302-consensus.sf",
                "variants/ivar/consensus/ivar/quast.consensus/contigs_reports/minimap_output/DRR030302-consensus.unaligned",
                "variants/ivar/consensus/ivar/quast.consensus/contigs_reports/minimap_output/DRR030302-consensus.used_snps",
                "variants/ivar/consensus/ivar/quast.consensus/contigs_reports/minimap_output/SRR4071760-consensus.coords",
                "variants/ivar/consensus/ivar/quast.consensus/contigs_reports/minimap_output/SRR4071760-consensus.coords.filtered",
                "variants/ivar/consensus/ivar/quast.consensus/contigs_reports/minimap_output/SRR4071760-consensus.coords_tmp",
                "variants/ivar/consensus/ivar/quast.consensus/contigs_reports/minimap_output/SRR4071760-consensus.sf",
                "variants/ivar/consensus/ivar/quast.consensus/contigs_reports/minimap_output/SRR4071760-consensus.unaligned",
                "variants/ivar/consensus/ivar/quast.consensus/contigs_reports/minimap_output/SRR4071760-consensus.used_snps",
                "variants/ivar/consensus/ivar/quast.consensus/contigs_reports/minimap_output/SRR6937100-consensus.coords",
                "variants/ivar/consensus/ivar/quast.consensus/contigs_reports/minimap_output/SRR6937100-consensus.coords.filtered",
                "variants/ivar/consensus/ivar/quast.consensus/contigs_reports/minimap_output/SRR6937100-consensus.coords_tmp",
                "variants/ivar/consensus/ivar/quast.consensus/contigs_reports/minimap_output/SRR6937100-consensus.sf",
                "variants/ivar/consensus/ivar/quast.consensus/contigs_reports/minimap_output/SRR6937100-consensus.unaligned",
                "variants/ivar/consensus/ivar/quast.consensus/contigs_reports/minimap_output/SRR6937100-consensus.used_snps",
                "variants/ivar/consensus/ivar/quast.consensus/icarus.html",
                "variants/ivar/consensus/ivar/quast.consensus/icarus_viewers",
                "variants/ivar/consensus/ivar/quast.consensus/icarus_viewers/contig_size_viewer.html",
                "variants/ivar/consensus/ivar/quast.consensus/quast.log",
                "variants/ivar/consensus/ivar/quast.consensus/report.html",
                "variants/ivar/consensus/ivar/quast.consensus/report.pdf",
                "variants/ivar/consensus/ivar/quast.consensus/report.tex",
                "variants/ivar/consensus/ivar/quast.consensus/report.tsv",
                "variants/ivar/consensus/ivar/quast.consensus/report.txt",
                "variants/ivar/consensus/ivar/quast.consensus/transposed_report.tex",
                "variants/ivar/consensus/ivar/quast.consensus/transposed_report.tsv",
                "variants/ivar/consensus/ivar/quast.consensus/transposed_report.txt",
                "variants/ivar/log",
                "variants/ivar/log/DRR030302.variant_counts.log",
                "variants/ivar/log/SRR4071760.variant_counts.log",
                "variants/ivar/log/SRR6937100.variant_counts.log",
                "variants/ivar/snpeff",
                "variants/ivar/snpeff/DRR030302.snpeff.csv",
                "variants/ivar/snpeff/DRR030302.snpeff.genes.txt",
                "variants/ivar/snpeff/DRR030302.snpeff.summary.html",
                "variants/ivar/snpeff/DRR030302.snpeff.vcf.gz",
                "variants/ivar/snpeff/DRR030302.snpeff.vcf.gz.tbi",
                "variants/ivar/snpeff/DRR030302.snpsift.txt",
                "variants/ivar/snpeff/SRR4071760.snpeff.csv",
                "variants/ivar/snpeff/SRR4071760.snpeff.genes.txt",
                "variants/ivar/snpeff/SRR4071760.snpeff.summary.html",
                "variants/ivar/snpeff/SRR4071760.snpeff.vcf.gz",
                "variants/ivar/snpeff/SRR4071760.snpeff.vcf.gz.tbi",
                "variants/ivar/snpeff/SRR4071760.snpsift.txt",
                "variants/ivar/snpeff/SRR6937100.snpeff.csv",
                "variants/ivar/snpeff/SRR6937100.snpeff.genes.txt",
                "variants/ivar/snpeff/SRR6937100.snpeff.summary.html",
                "variants/ivar/snpeff/SRR6937100.snpeff.vcf.gz",
                "variants/ivar/snpeff/SRR6937100.snpeff.vcf.gz.tbi",
                "variants/ivar/snpeff/SRR6937100.snpsift.txt",
                "variants/ivar/snpeff/bcftools_stats",
                "variants/ivar/snpeff/bcftools_stats/DRR030302.snpeff.bcftools_stats.txt",
                "variants/ivar/snpeff/bcftools_stats/SRR4071760.snpeff.bcftools_stats.txt",
                "variants/ivar/snpeff/bcftools_stats/SRR6937100.snpeff.bcftools_stats.txt",
                "variants/ivar/variants_long_table.csv"
            ],
            [
                "DRR030302.fastp.json:md5,3a7c674a43a9e7f13d980b588d5cd15c",
                "SRR4071760.fastp.json:md5,770bd2ad5d7329b9c7af34f6ba0152d6",
                "SRR6937100.fastp.json:md5,cfe934875f19031cd661db3dc7c00b21",
                "DRR030302.kraken2.report.txt:md5,5ab2ed70334d4061fb82f8d91475c761",
                "SRR4071760.kraken2.report.txt:md5,c26f91bfafe58ba451f7d05f0b9b5611",
                "SRR6937100.kraken2.report.txt:md5,6f5c455f6efd9fa807fefdbba83ba960",
                "bcftools-stats-subtypes.yaml:md5,79f9e4f80dd744abd28087c4759bbf26",
                "bcftools_stats_indel-lengths.yaml:md5,bcb66908dcaaf68d3cd890c5490266ab",
                "bcftools_stats_vqc_Count_Indels.yaml:md5,1db6f45d46ad963feb034a711f732d16",
                "bcftools_stats_vqc_Count_SNP.yaml:md5,79ed3f6c6e1de155171a8dff2faf2c46",
                "bcftools_stats_vqc_Count_Transitions.yaml:md5,d66c48c598160aa373354e640280d665",
                "bcftools_stats_vqc_Count_Transversions.yaml:md5,ed8015cccd1080a84346f754a3ce8bd2",
                "bowtie2_pe_plot.yaml:md5,1b002829da6f647a8f4efc33e96da568",
                "fastp-insert-size-plot.yaml:md5,de26ba49b8a6cb43a6e9fc9c58c13708",
                "fastp-seq-content-gc-plot_Read_1_After_filtering.yaml:md5,6c4222897b9db16fcdf2ef82209a4c09",
                "fastp-seq-content-gc-plot_Read_1_Before_filtering.yaml:md5,60a4eefbe7c07a67553b5458b3ce1402",
                "fastp-seq-content-gc-plot_Read_2_After_filtering.yaml:md5,69dc43d2d4cead054e7e184607f2dff7",
                "fastp-seq-content-gc-plot_Read_2_Before_filtering.yaml:md5,dcf18674271dc415f8ce145fb36775f6",
                "fastp-seq-content-n-plot_Read_1_After_filtering.yaml:md5,0d3bb7a21591b7a267a312452e811b86",
                "fastp-seq-content-n-plot_Read_1_Before_filtering.yaml:md5,0d3bb7a21591b7a267a312452e811b86",
                "fastp-seq-content-n-plot_Read_2_After_filtering.yaml:md5,0d3bb7a21591b7a267a312452e811b86",
                "fastp-seq-content-n-plot_Read_2_Before_filtering.yaml:md5,0d3bb7a21591b7a267a312452e811b86",
                "fastp-seq-quality-plot_Read_1_After_filtering.yaml:md5,870758c291698af908cec0acb0a08036",
                "fastp-seq-quality-plot_Read_1_Before_filtering.yaml:md5,dd5b62334755a8b0373050c5cbddf552",
                "fastp-seq-quality-plot_Read_2_After_filtering.yaml:md5,7d0d05c8d398cd0587dd57ac268d874a",
                "fastp-seq-quality-plot_Read_2_Before_filtering.yaml:md5,ea043d1815f5ed1b80a7bb775abbc5c3",
                "fastp_filtered_reads_plot.yaml:md5,94235b4ad306d22ef24cf218167e72b2",
                "fastqc-status-check-heatmap.yaml:md5,2c08f0a35e3873e813c1c4e170d1396b",
                "fastqc_adapter_content_plot.yaml:md5,a4552316a37ebbf4dd3701129bf4a34a",
                "fastqc_overrepresented_sequences_plot.yaml:md5,d6b471696abf3b0dd4b8cd53175f1e64",
                "fastqc_per_base_n_content_plot.yaml:md5,8628eb45b7f1337e55119b390109f373",
                "fastqc_per_base_sequence_quality_plot.yaml:md5,a84c6e3c4b89e5327b244f915d46468f",
                "fastqc_per_sequence_gc_content_plot_Counts.yaml:md5,70072e0276358009bd152044dc56ecb3",
                "fastqc_per_sequence_gc_content_plot_Percentages.yaml:md5,9aa0ae1847e8faaf97628699bc181468",
                "fastqc_per_sequence_quality_scores_plot.yaml:md5,b4c1fd1174bc162d535d7c072d256ef1",
                "fastqc_sequence_counts_plot.yaml:md5,7979d2b445f6840815230e20c0145cc2",
                "fastqc_sequence_duplication_levels_plot.yaml:md5,e04cedc1daae9e55400c1da159226198",
                "fastqc_sequence_length_distribution_plot.yaml:md5,0f51208590a7fab0e91167c8dc199b7d",
                "fastqc_top_overrepresented_sequences_table.yaml:md5,b0acea45ac4dbda2f2f42fb0bbad43b4",
                "kraken-top-n-plot_Class.yaml:md5,7c0469a3822f971d340dcc58cf063eaf",
                "kraken-top-n-plot_Domain.yaml:md5,7c0469a3822f971d340dcc58cf063eaf",
                "kraken-top-n-plot_Family.yaml:md5,7c0469a3822f971d340dcc58cf063eaf",
                "kraken-top-n-plot_Genus.yaml:md5,7c0469a3822f971d340dcc58cf063eaf",
                "kraken-top-n-plot_Order.yaml:md5,7c0469a3822f971d340dcc58cf063eaf",
                "kraken-top-n-plot_Phylum.yaml:md5,7c0469a3822f971d340dcc58cf063eaf",
                "kraken-top-n-plot_Unclassified.yaml:md5,7c0469a3822f971d340dcc58cf063eaf",
                "mosdepth-coverage-per-contig-single.yaml:md5,13f38ba885d7949ce11729246083ba53",
                "mosdepth-cumcoverage-dist-id.yaml:md5,09f06469b0a55f6d6d898b68e631ddf5",
                "mosdepth_cov_dist.yaml:md5,88dfc1e34bda196b9cddcce55c140004",
                "mosdepth_cumcov_dist.yaml:md5,88dfc1e34bda196b9cddcce55c140004",
                "mosdepth_perchrom.yaml:md5,dc619160915e16a684903a46651b6d26",
                "multiqc_bcftools_stats.yaml:md5,24a88a270740d3a4efd1332749d6d121",
                "multiqc_bowtie2.yaml:md5,4daf8885acd63fc61f20e24cfe2102c4",
                "multiqc_citations.yaml:md5,f564e5526b36c9a583e0af5ca7a34b64",
                "multiqc_fastp.yaml:md5,9b021036c696d436ddf900bd81c9de5d",
                "multiqc_fastqc.yaml:md5,444824ecaca1d11e9920430e6b06ddd3",
                "multiqc_ivar_variants.yaml:md5,c0eb1e73e4ec11c252b2476108d4a560",
                "multiqc_kraken.yaml:md5,bbacecf8e782bb601be23351c164dd6b",
                "multiqc_nextclade_clade.yaml:md5,9acf3d4a4b35cf58df39ffbcef25f9e8",
                "multiqc_quast_quast_variants.yaml:md5,1ae4462a9f07a70f5f03fa4dc5d001b8",
                "multiqc_snpeff.yaml:md5,9e82cc6cac68db071ae2b0640c94f322",
                "snpeff_effects.yaml:md5,0503d006001515b4ed66d4546cd0d198",
                "snpeff_variant_effects_class.yaml:md5,af26a9b0e18603e6a23bc0158c7c7769",
                "snpeff_variant_effects_impact.yaml:md5,238b1dd0d12ef8ea22238d7321754246",
                "snpeff_variant_effects_region.yaml:md5,d3e5a8918f5ca5bac6795c296df867a5",
                "CHANGELOG.md:md5,e51168eee0bc2a213a7382c198f44893",
                "README.md:md5,e029ded293961c99d1a5d58f34a70017",
                "genome_annotation.gff3:md5,dbc49e5f16a70495bdfec06407fe192b",
                "pathogen.json:md5,3e42a13b68718496a0b0b82dcb738433",
                "reference.fasta:md5,0a750989cc2a2139104453cdcd173acc",
                "sequences.fasta:md5,b7d8f3f19115e6668d4d4b16084c80c8",
                "tree.json:md5,3fdf0843196b31e4f47802604fb5beab",
                "DRR030302.bowtie2.log:md5,9333859bea34f09b39c6ab30a6acf4b3",
                "SRR4071760.bowtie2.log:md5,08b0019272ed758e78922d9378911e38",
                "SRR6937100.bowtie2.log:md5,8bdbb752563033b9e73fd4a62d677440",
                "DRR030302.mosdepth.coverage.tsv:md5,a818b04d79660383a28593b456878613",
                "DRR030302.mosdepth.summary.txt:md5,e123648e4b9a813ebd47e2be0dd28224",
                "SRR4071760.mosdepth.coverage.tsv:md5,017eeb8f17fdcf5e2460233ed6d9252e",
                "SRR4071760.mosdepth.summary.txt:md5,564064daac2b2b75d058b4fdde0b3393",
                "SRR6937100.mosdepth.coverage.tsv:md5,d3f167fa681c6825ca94f29930e68205",
                "SRR6937100.mosdepth.summary.txt:md5,654bbc44b5946cfc199a75c223ebda9b",
                "DRR030302.sorted.bam.flagstat:md5,b929bff546cbd88b865f2fb02dc9a3e1",
                "DRR030302.sorted.bam.idxstats:md5,e2d55694ce41df30abab7c6e28e0b368",
                "DRR030302.sorted.bam.stats:md5,cd2ef8250052132abb59d447a534798c",
                "SRR4071760.sorted.bam.flagstat:md5,ba1f3c5310ef514b6326ac611444da0e",
                "SRR4071760.sorted.bam.idxstats:md5,292e1509673ce1f3aedfffdf4c339b64",
                "SRR4071760.sorted.bam.stats:md5,710d3e0d6738af9f776e852c7666af45",
                "SRR6937100.sorted.bam.flagstat:md5,b88b08adf1023728068d0d7b7a10facf",
                "SRR6937100.sorted.bam.idxstats:md5,622095b9a86cb608aac5da2d268c4d55",
                "SRR6937100.sorted.bam.stats:md5,1894b5f527cb8889b3f011950323c42e",
                "DRR030302.tsv:md5,3b89bf1591279da145149d0fa06c53a8",
                "DRR030302.vcf.gz:md5,206bad41b9473b742d2cbae7d77ed6aa",
                "DRR030302.vcf.gz.tbi:md5,ad624dbc79f44aec2e091383054a57e0",
                "SRR4071760.tsv:md5,e72ec656741cdfc64d784d10071c1fdc",
                "SRR4071760.vcf.gz:md5,df896498850750387fa7f044b783d3b4",
                "SRR4071760.vcf.gz.tbi:md5,9f5b2147ff0060a7326f327c694bc353",
                "SRR6937100.tsv:md5,f7523ee0da63e9babae2f4e4cc4299f6",
                "SRR6937100.vcf.gz:md5,21a542080da642ed5018434dcda31f5b",
                "SRR6937100.vcf.gz.tbi:md5,48a3a7e518c8442178fd5851d95923bb",
                "DRR030302.bcftools_stats.txt:md5,6518944903313be197a5b009006932dd",
                "SRR4071760.bcftools_stats.txt:md5,56c1e08cfe81e4a6e4e6bff4b5dbc9b2",
                "SRR6937100.bcftools_stats.txt:md5,6a07bfe20cb40e81b2177cc24a060fc5",
                "DRR030302.consensus.fa:md5,9f628ab2c1f2347aa8a176429d10c112",
                "SRR4071760.consensus.fa:md5,776a2d42ce259e818397a47eae1a66b3",
                "SRR6937100.consensus.fa:md5,62daddd34a35e441deac3be654fd47c8",
                "DRR030302.consensus.N_run.tsv:md5,8b04a52d7c23e129fb38d9ef125eabeb",
                "DRR030302.consensus.base_counts.tsv:md5,f9acbf56202cb2616d950ebbf36d1ef2",
                "SRR4071760.consensus.N_run.tsv:md5,97ccd131e57fbea602c76bf91da55db6",
                "SRR4071760.consensus.base_counts.tsv:md5,a340da5aa0085bc07c5eec663d342dec",
                "SRR6937100.consensus.N_run.tsv:md5,1e1ecc21e732db3289e1b41b857a10f3",
                "SRR6937100.consensus.base_counts.tsv:md5,42b33f68b1dc03687bcb531c769056ed",
                "NC_001802.1.gff:md5,5276e4d0f63cf78f1acc99b0bde673f1",
                "NC_001802.1.unmapped.txt:md5,d41d8cd98f00b204e9800998ecf8427e",
                "liftoff_variants_long_table.csv:md5,c4ee2cb0f6c12c364fd54bd656ff164d",
                "DRR030302_mutation_table.csv:md5,3fc74befb1dfff274a6b823f6c0e1335",
                "DRR030302_mutation_table_short.csv:md5,c05dc3d86b84a5d9911792bec2bde72e",
                "DRR030302_resistance_table.csv:md5,c5e435805207f3ccf86cd98e4e0e235c",
                "SRR4071760_mutation_table.csv:md5,d4ce4229a826950c134d465bb78e6c91",
                "SRR4071760_mutation_table_short.csv:md5,0feec908d6db1197275dd19b892145ae",
                "SRR4071760_resistance_table.csv:md5,402f4bdb6933c6cc2243b771b2587867",
                "SRR6937100_mutation_table.csv:md5,8b46e5a2002d30e0974d92846822fa5f",
                "SRR6937100_mutation_table_short.csv:md5,a6a131d1e442512722462b322d2be1f3",
                "SRR6937100_resistance_table.csv:md5,695009d53d79f0648ef62524b97f0538",
                "DRR030302_resistance.json:md5,1fdfd03ee587a38a356942c3ec82d08d",
                "SRR4071760_resistance.json:md5,00d5130c19aa7d8909df48383eff6b9f",
                "SRR6937100_resistance.json:md5,51689a45b50c07ddb1b54dedf8ce7043",
                "DRR030302.csv:md5,1a9b758b80aac691d1890e4f51ffd580",
                "SRR4071760.csv:md5,6d2a42c9d871306c2d8789fbb9613f32",
                "SRR6937100.csv:md5,8dccbab1381f382bd23bd7a9bf1c6072",
                "gc.icarus.txt:md5,19276775d96d211b053f1a3976d6a669",
                "DRR030302.variant_counts.log:md5,870132c7920b47c3ef6a6e8a2f3a417a",
                "SRR4071760.variant_counts.log:md5,66a253121f15c8920921671c869d8714",
                "SRR6937100.variant_counts.log:md5,236b6e11ca54612af5e22c6ce9f63355",
                "DRR030302.snpeff.vcf.gz:md5,3fc79bd7a2f668d7db50b26a4d4ec2e0",
                "DRR030302.snpeff.vcf.gz.tbi:md5,45e0ce15b44ac39506da56040b3a0a71",
                "DRR030302.snpsift.txt:md5,ef6312b1eb0efde3be151ff7c6cd1916",
                "SRR4071760.snpeff.vcf.gz:md5,aa5789e7b611368cee014ba3a74ee6b4",
                "SRR4071760.snpeff.vcf.gz.tbi:md5,9ce20aebbbc3494146bc9ce06da331f1",
                "SRR4071760.snpsift.txt:md5,80350ff4eb25d344398e2817250a0b98",
                "SRR6937100.snpeff.vcf.gz:md5,315e5e8bec0d3b4d06c387a7d17c0ec8",
                "SRR6937100.snpeff.vcf.gz.tbi:md5,2bec8fdcaef9b39b70502c2153b30744",
                "SRR6937100.snpsift.txt:md5,311b89da27e027bc123a89add4d23271",
                "DRR030302.snpeff.bcftools_stats.txt:md5,44503aab15900268a657d064c38d2d27",
                "SRR4071760.snpeff.bcftools_stats.txt:md5,f92e3d7183e3db36dc926119ffbd7ca4",
                "SRR6937100.snpeff.bcftools_stats.txt:md5,1bda3e5aa2df383a000d7962f8fe96b0",
                "variants_long_table.csv:md5,595b79b0466b0a91a73f88701b73c8d5"
            ]
        ],
        "meta": {
            "nf-test": "0.9.3",
            "nextflow": "26.04.0"
        },
        "timestamp": "2026-05-06T13:19:17.261137077"
    },
    "-profile test_hiv": {
        "content": [
            {
                "BAM2CODFREQ": {
                    "python": "3.9.23"
                },
                "BCFTOOLS_QUERY": {
                    "bcftools": "1.23.1"
                },
                "BCFTOOLS_SORT": {
                    "bcftools": "1.23.1"
                },
                "BCFTOOLS_STATS": {
                    "bcftools": "1.23.1"
                },
                "BOWTIE2_ALIGN": {
                    "bowtie2": "2.5.4",
                    "pigz": 2.8,
                    "samtools": 1.21
                },
                "BOWTIE2_BUILD": {
                    "bowtie2": "2.5.4"
                },
                "CAT_FASTQ": {
                    "cat": 9.5
                },
                "CONSENSUS_LIFTOFF": {
                    "liftoff": "1.6.3"
                },
                "FASTP": {
                    "fastp": "1.1.0"
                },
                "FASTQC_RAW": {
                    "fastqc": "0.12.1"
                },
                "FASTQC_TRIM": {
                    "fastqc": "0.12.1"
                },
                "GFF2JSON": {
                    "python": "3.13.2"
                },
                "IVAR_CONSENSUS": {
                    "ivar": "1.4.4"
                },
                "IVAR_VARIANTS": {
                    "ivar": "1.4.4"
                },
                "IVAR_VARIANTS_TO_VCF": {
                    "python": "3.13.2"
                },
                "KRAKEN2_KRAKEN2": {
                    "kraken2": "2.1.6",
                    "pigz": 2.8
                },
                "MAKE_VARIANTS_LONG_TABLE": {
                    "python": "3.13.2"
                },
                "MOSDEPTH_GENOME": {
                    "gzip": 1.14,
                    "mosdepth": "0.3.14"
                },
                "NEXTCLADE_DATASETGET": {
                    "nextclade": "3.11.0",
                    "nextclade-tag": "2025-09-09--12-13-13Z"
                },
                "PICARD_COLLECTMULTIPLEMETRICS": {
                    "picard": "3.4.0"
                },
                "PLOT_MOSDEPTH_REGIONS_GENOME": {
                    "r-base": "4.2.0"
                },
                "QUAST": {
                    "quast": "5.3.0"
                },
                "RESISTANCE_REPORT": {
                    "python": "3.13.2"
                },
                "RESISTANCE_TABLES": {
                    "python": "3.13.2"
                },
                "SAMTOOLS_FAIDX": {
                    "samtools": "1.23.1"
                },
                "SAMTOOLS_FLAGSTAT": {
                    "samtools": "1.23.1"
                },
                "SAMTOOLS_IDXSTATS": {
                    "samtools": "1.23.1"
                },
                "SAMTOOLS_INDEX": {
                    "samtools": "1.23.1"
                },
                "SAMTOOLS_SORT": {
                    "samtools": "1.23.1"
                },
                "SAMTOOLS_STATS": {
                    "samtools": "1.23.1"
                },
                "SIERRALOCAL": {
                    "sierra-local": "0.4.3"
                },
                "SNPEFF_ANN": {
                    "snpeff": "5.0e"
                },
                "SNPEFF_BUILD": {
                    "snpeff": "5.0e"
                },
                "SNPSIFT_EXTRACTFIELDS": {
                    "snpsift": 4.3
                },
                "TABIX_BGZIP": {
                    "tabix": 1.21
                },
                "TABIX_TABIX": {
                    "tabix": 1.21
                },
                "UNTAR_KRAKEN2_DB": {
                    "untar": 1.34
                },
                "Workflow": {
                    "nf-core/viralrecon": "v3.1.0dev"
                }
            },
            [
                "fastp",
                "fastp/DRR030302.fastp.html",
                "fastp/DRR030302.fastp.json",
                "fastp/SRR4071760.fastp.html",
                "fastp/SRR4071760.fastp.json",
                "fastp/SRR6937100.fastp.html",
                "fastp/SRR6937100.fastp.json",
                "fastp/log",
                "fastp/log/DRR030302.fastp.log",
                "fastp/log/SRR4071760.fastp.log",
                "fastp/log/SRR6937100.fastp.log",
                "fastqc",
                "fastqc/raw",
                "fastqc/raw/DRR030302_1_fastqc.html",
                "fastqc/raw/DRR030302_1_fastqc.zip",
                "fastqc/raw/DRR030302_2_fastqc.html",
                "fastqc/raw/DRR030302_2_fastqc.zip",
                "fastqc/raw/SRR4071760_1_fastqc.html",
                "fastqc/raw/SRR4071760_1_fastqc.zip",
                "fastqc/raw/SRR4071760_2_fastqc.html",
                "fastqc/raw/SRR4071760_2_fastqc.zip",
                "fastqc/raw/SRR6937100_1_fastqc.html",
                "fastqc/raw/SRR6937100_1_fastqc.zip",
                "fastqc/raw/SRR6937100_2_fastqc.html",
                "fastqc/raw/SRR6937100_2_fastqc.zip",
                "fastqc/trim",
                "fastqc/trim/DRR030302_1_fastqc.html",
                "fastqc/trim/DRR030302_1_fastqc.zip",
                "fastqc/trim/DRR030302_2_fastqc.html",
                "fastqc/trim/DRR030302_2_fastqc.zip",
                "fastqc/trim/SRR4071760_1_fastqc.html",
                "fastqc/trim/SRR4071760_1_fastqc.zip",
                "fastqc/trim/SRR4071760_2_fastqc.html",
                "fastqc/trim/SRR4071760_2_fastqc.zip",
                "fastqc/trim/SRR6937100_1_fastqc.html",
                "fastqc/trim/SRR6937100_1_fastqc.zip",
                "fastqc/trim/SRR6937100_2_fastqc.html",
                "fastqc/trim/SRR6937100_2_fastqc.zip",
                "kraken2",
                "kraken2/DRR030302.kraken2.report.txt",
                "kraken2/SRR4071760.kraken2.report.txt",
                "kraken2/SRR6937100.kraken2.report.txt",
                "multiqc",
                "multiqc/multiqc_data",
                "multiqc/multiqc_data/bcftools-stats-subtypes.yaml",
                "multiqc/multiqc_data/bcftools_stats_indel-lengths.yaml",
                "multiqc/multiqc_data/bcftools_stats_vqc_Count_Indels.yaml",
                "multiqc/multiqc_data/bcftools_stats_vqc_Count_SNP.yaml",
                "multiqc/multiqc_data/bcftools_stats_vqc_Count_Transitions.yaml",
                "multiqc/multiqc_data/bcftools_stats_vqc_Count_Transversions.yaml",
                "multiqc/multiqc_data/bowtie2_pe_plot.yaml",
                "multiqc/multiqc_data/fastp-insert-size-plot.yaml",
                "multiqc/multiqc_data/fastp-seq-content-gc-plot_Read_1_After_filtering.yaml",
                "multiqc/multiqc_data/fastp-seq-content-gc-plot_Read_1_Before_filtering.yaml",
                "multiqc/multiqc_data/fastp-seq-content-gc-plot_Read_2_After_filtering.yaml",
                "multiqc/multiqc_data/fastp-seq-content-gc-plot_Read_2_Before_filtering.yaml",
                "multiqc/multiqc_data/fastp-seq-content-n-plot_Read_1_After_filtering.yaml",
                "multiqc/multiqc_data/fastp-seq-content-n-plot_Read_1_Before_filtering.yaml",
                "multiqc/multiqc_data/fastp-seq-content-n-plot_Read_2_After_filtering.yaml",
                "multiqc/multiqc_data/fastp-seq-content-n-plot_Read_2_Before_filtering.yaml",
                "multiqc/multiqc_data/fastp-seq-quality-plot_Read_1_After_filtering.yaml",
                "multiqc/multiqc_data/fastp-seq-quality-plot_Read_1_Before_filtering.yaml",
                "multiqc/multiqc_data/fastp-seq-quality-plot_Read_2_After_filtering.yaml",
                "multiqc/multiqc_data/fastp-seq-quality-plot_Read_2_Before_filtering.yaml",
                "multiqc/multiqc_data/fastp_filtered_reads_plot.yaml",
                "multiqc/multiqc_data/fastqc-status-check-heatmap.yaml",
                "multiqc/multiqc_data/fastqc_adapter_content_plot.yaml",
                "multiqc/multiqc_data/fastqc_overrepresented_sequences_plot.yaml",
                "multiqc/multiqc_data/fastqc_per_base_n_content_plot.yaml",
                "multiqc/multiqc_data/fastqc_per_base_sequence_quality_plot.yaml",
                "multiqc/multiqc_data/fastqc_per_sequence_gc_content_plot_Counts.yaml",
                "multiqc/multiqc_data/fastqc_per_sequence_gc_content_plot_Percentages.yaml",
                "multiqc/multiqc_data/fastqc_per_sequence_quality_scores_plot.yaml",
                "multiqc/multiqc_data/fastqc_sequence_counts_plot.yaml",
                "multiqc/multiqc_data/fastqc_sequence_duplication_levels_plot.yaml",
                "multiqc/multiqc_data/fastqc_sequence_length_distribution_plot.yaml",
                "multiqc/multiqc_data/fastqc_top_overrepresented_sequences_table.yaml",
                "multiqc/multiqc_data/kraken-top-n-plot_Class.yaml",
                "multiqc/multiqc_data/kraken-top-n-plot_Domain.yaml",
                "multiqc/multiqc_data/kraken-top-n-plot_Family.yaml",
                "multiqc/multiqc_data/kraken-top-n-plot_Genus.yaml",
                "multiqc/multiqc_data/kraken-top-n-plot_Order.yaml",
                "multiqc/multiqc_data/kraken-top-n-plot_Phylum.yaml",
                "multiqc/multiqc_data/kraken-top-n-plot_Unclassified.yaml",
                "multiqc/multiqc_data/llms-full.txt",
                "multiqc/multiqc_data/mosdepth-coverage-per-contig-single.yaml",
                "multiqc/multiqc_data/mosdepth-cumcoverage-dist-id.yaml",
                "multiqc/multiqc_data/mosdepth_cov_dist.yaml",
                "multiqc/multiqc_data/mosdepth_cumcov_dist.yaml",
                "multiqc/multiqc_data/mosdepth_perchrom.yaml",
                "multiqc/multiqc_data/multiqc.log",
                "multiqc/multiqc_data/multiqc.parquet",
                "multiqc/multiqc_data/multiqc_bcftools_stats.yaml",
                "multiqc/multiqc_data/multiqc_bowtie2.yaml",
                "multiqc/multiqc_data/multiqc_citations.yaml",
                "multiqc/multiqc_data/multiqc_data.json",
                "multiqc/multiqc_data/multiqc_fastp.yaml",
                "multiqc/multiqc_data/multiqc_fastqc.yaml",
                "multiqc/multiqc_data/multiqc_ivar_variants.yaml",
                "multiqc/multiqc_data/multiqc_kraken.yaml",
                "multiqc/multiqc_data/multiqc_nextclade_clade.yaml",
                "multiqc/multiqc_data/multiqc_quast_quast_variants.yaml",
                "multiqc/multiqc_data/multiqc_samtools_flagstat_samtools_bowtie2.yaml",
                "multiqc/multiqc_data/multiqc_samtools_flagstat_samtools_ivar.yaml",
                "multiqc/multiqc_data/multiqc_samtools_flagstat_samtools_markduplicates.yaml",
                "multiqc/multiqc_data/multiqc_snpeff.yaml",
                "multiqc/multiqc_data/multiqc_software_versions.yaml",
                "multiqc/multiqc_data/multiqc_sources.yaml",
                "multiqc/multiqc_data/multiqc_summary_variants_metrics_plot.yaml",
                "multiqc/multiqc_data/quast_num_contigs.yaml",
                "multiqc/multiqc_data/quast_table.yaml",
                "multiqc/multiqc_data/samtools-flagstat-pct-table.yaml",
                "multiqc/multiqc_data/samtools-flagstat-table.yaml",
                "multiqc/multiqc_data/snpeff_effects.yaml",
                "multiqc/multiqc_data/snpeff_variant_effects_class.yaml",
                "multiqc/multiqc_data/snpeff_variant_effects_impact.yaml",
                "multiqc/multiqc_data/snpeff_variant_effects_region.yaml",
                "multiqc/multiqc_report.html",
                "multiqc/summary_variants_metrics_mqc.csv",
                "nextclade",
                "nextclade/neherlab",
                "nextclade/neherlab/hiv-1",
                "nextclade/neherlab/hiv-1/CHANGELOG.md",
                "nextclade/neherlab/hiv-1/README.md",
                "nextclade/neherlab/hiv-1/genome_annotation.gff3",
                "nextclade/neherlab/hiv-1/pathogen.json",
                "nextclade/neherlab/hiv-1/reference.fasta",
                "nextclade/neherlab/hiv-1/sequences.fasta",
                "nextclade/neherlab/hiv-1/tree.json",
                "pipeline_info",
                "pipeline_info/nf_core_viralrecon_software_mqc_versions.yml",
                "variants",
                "variants/bowtie2",
                "variants/bowtie2/DRR030302.sorted.bam",
                "variants/bowtie2/DRR030302.sorted.bam.bai",
                "variants/bowtie2/SRR4071760.sorted.bam",
                "variants/bowtie2/SRR4071760.sorted.bam.bai",
                "variants/bowtie2/SRR6937100.sorted.bam",
                "variants/bowtie2/SRR6937100.sorted.bam.bai",
                "variants/bowtie2/log",
                "variants/bowtie2/log/DRR030302.bowtie2.log",
                "variants/bowtie2/log/SRR4071760.bowtie2.log",
                "variants/bowtie2/log/SRR6937100.bowtie2.log",
                "variants/bowtie2/mosdepth",
                "variants/bowtie2/mosdepth/genome",
                "variants/bowtie2/mosdepth/genome/DRR030302.mosdepth.coverage.pdf",
                "variants/bowtie2/mosdepth/genome/DRR030302.mosdepth.coverage.tsv",
                "variants/bowtie2/mosdepth/genome/DRR030302.mosdepth.summary.txt",
                "variants/bowtie2/mosdepth/genome/SRR4071760.mosdepth.coverage.pdf",
                "variants/bowtie2/mosdepth/genome/SRR4071760.mosdepth.coverage.tsv",
                "variants/bowtie2/mosdepth/genome/SRR4071760.mosdepth.summary.txt",
                "variants/bowtie2/mosdepth/genome/SRR6937100.mosdepth.coverage.pdf",
                "variants/bowtie2/mosdepth/genome/SRR6937100.mosdepth.coverage.tsv",
                "variants/bowtie2/mosdepth/genome/SRR6937100.mosdepth.summary.txt",
                "variants/bowtie2/mosdepth/genome/all_samples.mosdepth.coverage.tsv",
                "variants/bowtie2/picard_metrics",
                "variants/bowtie2/picard_metrics/DRR030302.CollectMultipleMetrics.alignment_summary_metrics",
                "variants/bowtie2/picard_metrics/DRR030302.CollectMultipleMetrics.base_distribution_by_cycle_metrics",
                "variants/bowtie2/picard_metrics/DRR030302.CollectMultipleMetrics.insert_size_metrics",
                "variants/bowtie2/picard_metrics/DRR030302.CollectMultipleMetrics.quality_by_cycle_metrics",
                "variants/bowtie2/picard_metrics/DRR030302.CollectMultipleMetrics.quality_distribution_metrics",
                "variants/bowtie2/picard_metrics/SRR4071760.CollectMultipleMetrics.alignment_summary_metrics",
                "variants/bowtie2/picard_metrics/SRR4071760.CollectMultipleMetrics.base_distribution_by_cycle_metrics",
                "variants/bowtie2/picard_metrics/SRR4071760.CollectMultipleMetrics.insert_size_metrics",
                "variants/bowtie2/picard_metrics/SRR4071760.CollectMultipleMetrics.quality_by_cycle_metrics",
                "variants/bowtie2/picard_metrics/SRR4071760.CollectMultipleMetrics.quality_distribution_metrics",
                "variants/bowtie2/picard_metrics/SRR6937100.CollectMultipleMetrics.alignment_summary_metrics",
                "variants/bowtie2/picard_metrics/SRR6937100.CollectMultipleMetrics.base_distribution_by_cycle_metrics",
                "variants/bowtie2/picard_metrics/SRR6937100.CollectMultipleMetrics.insert_size_metrics",
                "variants/bowtie2/picard_metrics/SRR6937100.CollectMultipleMetrics.quality_by_cycle_metrics",
                "variants/bowtie2/picard_metrics/SRR6937100.CollectMultipleMetrics.quality_distribution_metrics",
                "variants/bowtie2/picard_metrics/pdf",
                "variants/bowtie2/picard_metrics/pdf/DRR030302.CollectMultipleMetrics.base_distribution_by_cycle.pdf",
                "variants/bowtie2/picard_metrics/pdf/DRR030302.CollectMultipleMetrics.insert_size_histogram.pdf",
                "variants/bowtie2/picard_metrics/pdf/DRR030302.CollectMultipleMetrics.quality_by_cycle.pdf",
                "variants/bowtie2/picard_metrics/pdf/DRR030302.CollectMultipleMetrics.quality_distribution.pdf",
                "variants/bowtie2/picard_metrics/pdf/DRR030302.CollectMultipleMetrics.read_length_histogram.pdf",
                "variants/bowtie2/picard_metrics/pdf/SRR4071760.CollectMultipleMetrics.base_distribution_by_cycle.pdf",
                "variants/bowtie2/picard_metrics/pdf/SRR4071760.CollectMultipleMetrics.insert_size_histogram.pdf",
                "variants/bowtie2/picard_metrics/pdf/SRR4071760.CollectMultipleMetrics.quality_by_cycle.pdf",
                "variants/bowtie2/picard_metrics/pdf/SRR4071760.CollectMultipleMetrics.quality_distribution.pdf",
                "variants/bowtie2/picard_metrics/pdf/SRR4071760.CollectMultipleMetrics.read_length_histogram.pdf",
                "variants/bowtie2/picard_metrics/pdf/SRR6937100.CollectMultipleMetrics.base_distribution_by_cycle.pdf",
                "variants/bowtie2/picard_metrics/pdf/SRR6937100.CollectMultipleMetrics.insert_size_histogram.pdf",
                "variants/bowtie2/picard_metrics/pdf/SRR6937100.CollectMultipleMetrics.quality_by_cycle.pdf",
                "variants/bowtie2/picard_metrics/pdf/SRR6937100.CollectMultipleMetrics.quality_distribution.pdf",
                "variants/bowtie2/picard_metrics/pdf/SRR6937100.CollectMultipleMetrics.read_length_histogram.pdf",
                "variants/bowtie2/samtools_stats",
                "variants/bowtie2/samtools_stats/DRR030302.sorted.bam.flagstat",
                "variants/bowtie2/samtools_stats/DRR030302.sorted.bam.idxstats",
                "variants/bowtie2/samtools_stats/DRR030302.sorted.bam.stats",
                "variants/bowtie2/samtools_stats/SRR4071760.sorted.bam.flagstat",
                "variants/bowtie2/samtools_stats/SRR4071760.sorted.bam.idxstats",
                "variants/bowtie2/samtools_stats/SRR4071760.sorted.bam.stats",
                "variants/bowtie2/samtools_stats/SRR6937100.sorted.bam.flagstat",
                "variants/bowtie2/samtools_stats/SRR6937100.sorted.bam.idxstats",
                "variants/bowtie2/samtools_stats/SRR6937100.sorted.bam.stats",
                "variants/ivar",
                "variants/ivar/DRR030302.tsv",
                "variants/ivar/DRR030302.vcf.gz",
                "variants/ivar/DRR030302.vcf.gz.tbi",
                "variants/ivar/SRR4071760.tsv",
                "variants/ivar/SRR4071760.vcf.gz",
                "variants/ivar/SRR4071760.vcf.gz.tbi",
                "variants/ivar/SRR6937100.tsv",
                "variants/ivar/SRR6937100.vcf.gz",
                "variants/ivar/SRR6937100.vcf.gz.tbi",
                "variants/ivar/bcftools_stats",
                "variants/ivar/bcftools_stats/DRR030302.bcftools_stats.txt",
                "variants/ivar/bcftools_stats/SRR4071760.bcftools_stats.txt",
                "variants/ivar/bcftools_stats/SRR6937100.bcftools_stats.txt",
                "variants/ivar/consensus",
                "variants/ivar/consensus/ivar",
                "variants/ivar/consensus/ivar/DRR030302.consensus.fa",
                "variants/ivar/consensus/ivar/DRR030302.consensus.qual.txt",
                "variants/ivar/consensus/ivar/SRR4071760.consensus.fa",
                "variants/ivar/consensus/ivar/SRR4071760.consensus.qual.txt",
                "variants/ivar/consensus/ivar/SRR6937100.consensus.fa",
                "variants/ivar/consensus/ivar/SRR6937100.consensus.qual.txt",
                "variants/ivar/consensus/ivar/base_qc",
                "variants/ivar/consensus/ivar/base_qc/DRR030302.consensus.ACTG_density.pdf",
                "variants/ivar/consensus/ivar/base_qc/DRR030302.consensus.B_density.pdf",
                "variants/ivar/consensus/ivar/base_qc/DRR030302.consensus.H_density.pdf",
                "variants/ivar/consensus/ivar/base_qc/DRR030302.consensus.K_density.pdf",
                "variants/ivar/consensus/ivar/base_qc/DRR030302.consensus.M_density.pdf",
                "variants/ivar/consensus/ivar/base_qc/DRR030302.consensus.N_density.pdf",
                "variants/ivar/consensus/ivar/base_qc/DRR030302.consensus.N_run.tsv",
                "variants/ivar/consensus/ivar/base_qc/DRR030302.consensus.R_density.pdf",
                "variants/ivar/consensus/ivar/base_qc/DRR030302.consensus.S_density.pdf",
                "variants/ivar/consensus/ivar/base_qc/DRR030302.consensus.V_density.pdf",
                "variants/ivar/consensus/ivar/base_qc/DRR030302.consensus.W_density.pdf",
                "variants/ivar/consensus/ivar/base_qc/DRR030302.consensus.Y_density.pdf",
                "variants/ivar/consensus/ivar/base_qc/DRR030302.consensus.base_counts.pdf",
                "variants/ivar/consensus/ivar/base_qc/DRR030302.consensus.base_counts.tsv",
                "variants/ivar/consensus/ivar/base_qc/SRR4071760.consensus.ACTG_density.pdf",
                "variants/ivar/consensus/ivar/base_qc/SRR4071760.consensus.N_density.pdf",
                "variants/ivar/consensus/ivar/base_qc/SRR4071760.consensus.N_run.tsv",
                "variants/ivar/consensus/ivar/base_qc/SRR4071760.consensus.R_density.pdf",
                "variants/ivar/consensus/ivar/base_qc/SRR4071760.consensus.W_density.pdf",
                "variants/ivar/consensus/ivar/base_qc/SRR4071760.consensus.Y_density.pdf",
                "variants/ivar/consensus/ivar/base_qc/SRR4071760.consensus.base_counts.pdf",
                "variants/ivar/consensus/ivar/base_qc/SRR4071760.consensus.base_counts.tsv",
                "variants/ivar/consensus/ivar/base_qc/SRR6937100.consensus.ACTG_density.pdf",
                "variants/ivar/consensus/ivar/base_qc/SRR6937100.consensus.N_density.pdf",
                "variants/ivar/consensus/ivar/base_qc/SRR6937100.consensus.N_run.tsv",
                "variants/ivar/consensus/ivar/base_qc/SRR6937100.consensus.base_counts.pdf",
                "variants/ivar/consensus/ivar/base_qc/SRR6937100.consensus.base_counts.tsv",
                "variants/ivar/consensus/ivar/hiv_resistance",
                "variants/ivar/consensus/ivar/hiv_resistance/codfreq",
                "variants/ivar/consensus/ivar/hiv_resistance/codfreq/DRR030302.codfreq",
                "variants/ivar/consensus/ivar/hiv_resistance/codfreq/SRR4071760.codfreq",
                "variants/ivar/consensus/ivar/hiv_resistance/codfreq/SRR6937100.codfreq",
                "variants/ivar/consensus/ivar/hiv_resistance/codfreq/codfreq.json",
                "variants/ivar/consensus/ivar/hiv_resistance/resistance_reports",
                "variants/ivar/consensus/ivar/hiv_resistance/resistance_reports/DRR030302_mutation_table.csv",
                "variants/ivar/consensus/ivar/hiv_resistance/resistance_reports/DRR030302_mutation_table_short.csv",
                "variants/ivar/consensus/ivar/hiv_resistance/resistance_reports/DRR030302_resistance_table.csv",
                "variants/ivar/consensus/ivar/hiv_resistance/resistance_reports/SRR4071760_mutation_table.csv",
                "variants/ivar/consensus/ivar/hiv_resistance/resistance_reports/SRR4071760_mutation_table_short.csv",
                "variants/ivar/consensus/ivar/hiv_resistance/resistance_reports/SRR4071760_resistance_table.csv",
                "variants/ivar/consensus/ivar/hiv_resistance/resistance_reports/SRR6937100_mutation_table.csv",
                "variants/ivar/consensus/ivar/hiv_resistance/resistance_reports/SRR6937100_mutation_table_short.csv",
                "variants/ivar/consensus/ivar/hiv_resistance/resistance_reports/SRR6937100_resistance_table.csv",
                "variants/ivar/consensus/ivar/hiv_resistance/resistance_reports/resistance.html",
                "variants/ivar/consensus/ivar/hiv_resistance/sierra-local",
                "variants/ivar/consensus/ivar/hiv_resistance/sierra-local/DRR030302_resistance.json",
                "variants/ivar/consensus/ivar/hiv_resistance/sierra-local/SRR4071760_resistance.json",
                "variants/ivar/consensus/ivar/hiv_resistance/sierra-local/SRR6937100_resistance.json",
                "variants/ivar/consensus/ivar/nextclade",
                "variants/ivar/consensus/ivar/nextclade/DRR030302.csv",
                "variants/ivar/consensus/ivar/nextclade/SRR4071760.csv",
                "variants/ivar/consensus/ivar/nextclade/SRR6937100.csv",
                "variants/ivar/consensus/ivar/quast.consensus",
                "variants/ivar/consensus/ivar/quast.consensus/basic_stats",
                "variants/ivar/consensus/ivar/quast.consensus/basic_stats/DRR030302.consensus_GC_content_plot.pdf",
                "variants/ivar/consensus/ivar/quast.consensus/basic_stats/GC_content_plot.pdf",
                "variants/ivar/consensus/ivar/quast.consensus/basic_stats/NGx_plot.pdf",
                "variants/ivar/consensus/ivar/quast.consensus/basic_stats/Nx_plot.pdf",
                "variants/ivar/consensus/ivar/quast.consensus/basic_stats/SRR4071760.consensus_GC_content_plot.pdf",
                "variants/ivar/consensus/ivar/quast.consensus/basic_stats/SRR6937100.consensus_GC_content_plot.pdf",
                "variants/ivar/consensus/ivar/quast.consensus/basic_stats/cumulative_plot.pdf",
                "variants/ivar/consensus/ivar/quast.consensus/basic_stats/gc.icarus.txt",
                "variants/ivar/consensus/ivar/quast.consensus/contigs_reports",
                "variants/ivar/consensus/ivar/quast.consensus/contigs_reports/DRR030302-consensus.mis_contigs.fa",
                "variants/ivar/consensus/ivar/quast.consensus/contigs_reports/DRR030302-consensus.misassemblies.gff",
                "variants/ivar/consensus/ivar/quast.consensus/contigs_reports/SRR4071760-consensus.mis_contigs.fa",
                "variants/ivar/consensus/ivar/quast.consensus/contigs_reports/SRR4071760-consensus.misassemblies.gff",
                "variants/ivar/consensus/ivar/quast.consensus/contigs_reports/SRR6937100-consensus.mis_contigs.fa",
                "variants/ivar/consensus/ivar/quast.consensus/contigs_reports/SRR6937100-consensus.misassemblies.gff",
                "variants/ivar/consensus/ivar/quast.consensus/contigs_reports/all_alignments_DRR030302-consensus.tsv",
                "variants/ivar/consensus/ivar/quast.consensus/contigs_reports/all_alignments_SRR4071760-consensus.tsv",
                "variants/ivar/consensus/ivar/quast.consensus/contigs_reports/all_alignments_SRR6937100-consensus.tsv",
                "variants/ivar/consensus/ivar/quast.consensus/contigs_reports/contigs_report_DRR030302-consensus.mis_contigs.info",
                "variants/ivar/consensus/ivar/quast.consensus/contigs_reports/contigs_report_DRR030302-consensus.stderr",
                "variants/ivar/consensus/ivar/quast.consensus/contigs_reports/contigs_report_DRR030302-consensus.stdout",
                "variants/ivar/consensus/ivar/quast.consensus/contigs_reports/contigs_report_DRR030302-consensus.unaligned.info",
                "variants/ivar/consensus/ivar/quast.consensus/contigs_reports/contigs_report_SRR4071760-consensus.mis_contigs.info",
                "variants/ivar/consensus/ivar/quast.consensus/contigs_reports/contigs_report_SRR4071760-consensus.stderr",
                "variants/ivar/consensus/ivar/quast.consensus/contigs_reports/contigs_report_SRR4071760-consensus.stdout",
                "variants/ivar/consensus/ivar/quast.consensus/contigs_reports/contigs_report_SRR4071760-consensus.unaligned.info",
                "variants/ivar/consensus/ivar/quast.consensus/contigs_reports/contigs_report_SRR6937100-consensus.mis_contigs.info",
                "variants/ivar/consensus/ivar/quast.consensus/contigs_reports/contigs_report_SRR6937100-consensus.stderr",
                "variants/ivar/consensus/ivar/quast.consensus/contigs_reports/contigs_report_SRR6937100-consensus.stdout",
                "variants/ivar/consensus/ivar/quast.consensus/contigs_reports/contigs_report_SRR6937100-consensus.unaligned.info",
                "variants/ivar/consensus/ivar/quast.consensus/contigs_reports/minimap_output",
                "variants/ivar/consensus/ivar/quast.consensus/contigs_reports/minimap_output/DRR030302-consensus.coords",
                "variants/ivar/consensus/ivar/quast.consensus/contigs_reports/minimap_output/DRR030302-consensus.coords.filtered",
                "variants/ivar/consensus/ivar/quast.consensus/contigs_reports/minimap_output/DRR030302-consensus.coords_tmp",
                "variants/ivar/consensus/ivar/quast.consensus/contigs_reports/minimap_output/DRR030302-consensus.sf",
                "variants/ivar/consensus/ivar/quast.consensus/contigs_reports/minimap_output/DRR030302-consensus.unaligned",
                "variants/ivar/consensus/ivar/quast.consensus/contigs_reports/minimap_output/DRR030302-consensus.used_snps",
                "variants/ivar/consensus/ivar/quast.consensus/contigs_reports/minimap_output/SRR4071760-consensus.coords",
                "variants/ivar/consensus/ivar/quast.consensus/contigs_reports/minimap_output/SRR4071760-consensus.coords.filtered",
                "variants/ivar/consensus/ivar/quast.consensus/contigs_reports/minimap_output/SRR4071760-consensus.coords_tmp",
                "variants/ivar/consensus/ivar/quast.consensus/contigs_reports/minimap_output/SRR4071760-consensus.sf",
                "variants/ivar/consensus/ivar/quast.consensus/contigs_reports/minimap_output/SRR4071760-consensus.unaligned",
                "variants/ivar/consensus/ivar/quast.consensus/contigs_reports/minimap_output/SRR4071760-consensus.used_snps",
                "variants/ivar/consensus/ivar/quast.consensus/contigs_reports/minimap_output/SRR6937100-consensus.coords",
                "variants/ivar/consensus/ivar/quast.consensus/contigs_reports/minimap_output/SRR6937100-consensus.coords.filtered",
                "variants/ivar/consensus/ivar/quast.consensus/contigs_reports/minimap_output/SRR6937100-consensus.coords_tmp",
                "variants/ivar/consensus/ivar/quast.consensus/contigs_reports/minimap_output/SRR6937100-consensus.sf",
                "variants/ivar/consensus/ivar/quast.consensus/contigs_reports/minimap_output/SRR6937100-consensus.unaligned",
                "variants/ivar/consensus/ivar/quast.consensus/contigs_reports/minimap_output/SRR6937100-consensus.used_snps",
                "variants/ivar/consensus/ivar/quast.consensus/icarus.html",
                "variants/ivar/consensus/ivar/quast.consensus/icarus_viewers",
                "variants/ivar/consensus/ivar/quast.consensus/icarus_viewers/contig_size_viewer.html",
                "variants/ivar/consensus/ivar/quast.consensus/quast.log",
                "variants/ivar/consensus/ivar/quast.consensus/report.html",
                "variants/ivar/consensus/ivar/quast.consensus/report.pdf",
                "variants/ivar/consensus/ivar/quast.consensus/report.tex",
                "variants/ivar/consensus/ivar/quast.consensus/report.tsv",
                "variants/ivar/consensus/ivar/quast.consensus/report.txt",
                "variants/ivar/consensus/ivar/quast.consensus/transposed_report.tex",
                "variants/ivar/consensus/ivar/quast.consensus/transposed_report.tsv",
                "variants/ivar/consensus/ivar/quast.consensus/transposed_report.txt",
                "variants/ivar/log",
                "variants/ivar/log/DRR030302.variant_counts.log",
                "variants/ivar/log/SRR4071760.variant_counts.log",
                "variants/ivar/log/SRR6937100.variant_counts.log",
                "variants/ivar/snpeff",
                "variants/ivar/snpeff/DRR030302.snpeff.csv",
                "variants/ivar/snpeff/DRR030302.snpeff.genes.txt",
                "variants/ivar/snpeff/DRR030302.snpeff.summary.html",
                "variants/ivar/snpeff/DRR030302.snpeff.vcf.gz",
                "variants/ivar/snpeff/DRR030302.snpeff.vcf.gz.tbi",
                "variants/ivar/snpeff/DRR030302.snpsift.txt",
                "variants/ivar/snpeff/SRR4071760.snpeff.csv",
                "variants/ivar/snpeff/SRR4071760.snpeff.genes.txt",
                "variants/ivar/snpeff/SRR4071760.snpeff.summary.html",
                "variants/ivar/snpeff/SRR4071760.snpeff.vcf.gz",
                "variants/ivar/snpeff/SRR4071760.snpeff.vcf.gz.tbi",
                "variants/ivar/snpeff/SRR4071760.snpsift.txt",
                "variants/ivar/snpeff/SRR6937100.snpeff.csv",
                "variants/ivar/snpeff/SRR6937100.snpeff.genes.txt",
                "variants/ivar/snpeff/SRR6937100.snpeff.summary.html",
                "variants/ivar/snpeff/SRR6937100.snpeff.vcf.gz",
                "variants/ivar/snpeff/SRR6937100.snpeff.vcf.gz.tbi",
                "variants/ivar/snpeff/SRR6937100.snpsift.txt",
                "variants/ivar/snpeff/bcftools_stats",
                "variants/ivar/snpeff/bcftools_stats/DRR030302.snpeff.bcftools_stats.txt",
                "variants/ivar/snpeff/bcftools_stats/SRR4071760.snpeff.bcftools_stats.txt",
                "variants/ivar/snpeff/bcftools_stats/SRR6937100.snpeff.bcftools_stats.txt",
                "variants/ivar/variants_long_table.csv"
            ],
            [
                "DRR030302.fastp.json:md5,3a7c674a43a9e7f13d980b588d5cd15c",
                "SRR4071760.fastp.json:md5,770bd2ad5d7329b9c7af34f6ba0152d6",
                "SRR6937100.fastp.json:md5,cfe934875f19031cd661db3dc7c00b21",
                "DRR030302.kraken2.report.txt:md5,5ab2ed70334d4061fb82f8d91475c761",
                "SRR4071760.kraken2.report.txt:md5,c26f91bfafe58ba451f7d05f0b9b5611",
                "SRR6937100.kraken2.report.txt:md5,6f5c455f6efd9fa807fefdbba83ba960",
                "bcftools-stats-subtypes.yaml:md5,39823030b199b74b5c484d1ecfc31402",
                "bcftools_stats_indel-lengths.yaml:md5,b97ee0b5c0225812a2edea3dcb4f3211",
                "bcftools_stats_vqc_Count_Indels.yaml:md5,336c51fc0b2902c0d65cca3327d136fb",
                "bcftools_stats_vqc_Count_SNP.yaml:md5,14e6b945dd99e9f124206a5e3074227c",
                "bcftools_stats_vqc_Count_Transitions.yaml:md5,dc4e1856617f414a65ea2cec0ede7971",
                "bcftools_stats_vqc_Count_Transversions.yaml:md5,f9e0533d48d495637e9c12c0f29d79e7",
                "bowtie2_pe_plot.yaml:md5,e0f7a3f55b45307ecfd9a005f9e4bf43",
                "fastp-insert-size-plot.yaml:md5,de26ba49b8a6cb43a6e9fc9c58c13708",
                "fastp-seq-content-gc-plot_Read_1_After_filtering.yaml:md5,6c4222897b9db16fcdf2ef82209a4c09",
                "fastp-seq-content-gc-plot_Read_1_Before_filtering.yaml:md5,60a4eefbe7c07a67553b5458b3ce1402",
                "fastp-seq-content-gc-plot_Read_2_After_filtering.yaml:md5,69dc43d2d4cead054e7e184607f2dff7",
                "fastp-seq-content-gc-plot_Read_2_Before_filtering.yaml:md5,dcf18674271dc415f8ce145fb36775f6",
                "fastp-seq-content-n-plot_Read_1_After_filtering.yaml:md5,0d3bb7a21591b7a267a312452e811b86",
                "fastp-seq-content-n-plot_Read_1_Before_filtering.yaml:md5,0d3bb7a21591b7a267a312452e811b86",
                "fastp-seq-content-n-plot_Read_2_After_filtering.yaml:md5,0d3bb7a21591b7a267a312452e811b86",
                "fastp-seq-content-n-plot_Read_2_Before_filtering.yaml:md5,0d3bb7a21591b7a267a312452e811b86",
                "fastp-seq-quality-plot_Read_1_After_filtering.yaml:md5,870758c291698af908cec0acb0a08036",
                "fastp-seq-quality-plot_Read_1_Before_filtering.yaml:md5,dd5b62334755a8b0373050c5cbddf552",
                "fastp-seq-quality-plot_Read_2_After_filtering.yaml:md5,7d0d05c8d398cd0587dd57ac268d874a",
                "fastp-seq-quality-plot_Read_2_Before_filtering.yaml:md5,ea043d1815f5ed1b80a7bb775abbc5c3",
                "fastp_filtered_reads_plot.yaml:md5,94235b4ad306d22ef24cf218167e72b2",
                "fastqc-status-check-heatmap.yaml:md5,2c08f0a35e3873e813c1c4e170d1396b",
                "fastqc_adapter_content_plot.yaml:md5,a4552316a37ebbf4dd3701129bf4a34a",
                "fastqc_overrepresented_sequences_plot.yaml:md5,d6b471696abf3b0dd4b8cd53175f1e64",
                "fastqc_per_base_n_content_plot.yaml:md5,8628eb45b7f1337e55119b390109f373",
                "fastqc_per_base_sequence_quality_plot.yaml:md5,a84c6e3c4b89e5327b244f915d46468f",
                "fastqc_per_sequence_gc_content_plot_Counts.yaml:md5,70072e0276358009bd152044dc56ecb3",
                "fastqc_per_sequence_gc_content_plot_Percentages.yaml:md5,9aa0ae1847e8faaf97628699bc181468",
                "fastqc_per_sequence_quality_scores_plot.yaml:md5,b4c1fd1174bc162d535d7c072d256ef1",
                "fastqc_sequence_counts_plot.yaml:md5,7979d2b445f6840815230e20c0145cc2",
                "fastqc_sequence_duplication_levels_plot.yaml:md5,e04cedc1daae9e55400c1da159226198",
                "fastqc_sequence_length_distribution_plot.yaml:md5,0f51208590a7fab0e91167c8dc199b7d",
                "fastqc_top_overrepresented_sequences_table.yaml:md5,b0acea45ac4dbda2f2f42fb0bbad43b4",
                "kraken-top-n-plot_Class.yaml:md5,7c0469a3822f971d340dcc58cf063eaf",
                "kraken-top-n-plot_Domain.yaml:md5,7c0469a3822f971d340dcc58cf063eaf",
                "kraken-top-n-plot_Family.yaml:md5,7c0469a3822f971d340dcc58cf063eaf",
                "kraken-top-n-plot_Genus.yaml:md5,7c0469a3822f971d340dcc58cf063eaf",
                "kraken-top-n-plot_Order.yaml:md5,7c0469a3822f971d340dcc58cf063eaf",
                "kraken-top-n-plot_Phylum.yaml:md5,7c0469a3822f971d340dcc58cf063eaf",
                "kraken-top-n-plot_Unclassified.yaml:md5,7c0469a3822f971d340dcc58cf063eaf",
                "mosdepth-coverage-per-contig-single.yaml:md5,2c92507750d8cb480c983ce4bb2cd44f",
                "mosdepth-cumcoverage-dist-id.yaml:md5,0f45ab2b438f73f13ae6ccb2f478bc49",
                "mosdepth_cov_dist.yaml:md5,eda47c603a9c2c464825707829c728c5",
                "mosdepth_cumcov_dist.yaml:md5,eda47c603a9c2c464825707829c728c5",
                "mosdepth_perchrom.yaml:md5,481a2ec6903dadadb8f9610f37a01724",
                "multiqc_bcftools_stats.yaml:md5,675d4e41cc92af9381006d9dafcc5503",
                "multiqc_bowtie2.yaml:md5,bb7fe62e1ee3c986e3afc4c6480ac9cf",
                "multiqc_citations.yaml:md5,f564e5526b36c9a583e0af5ca7a34b64",
                "multiqc_fastp.yaml:md5,9b021036c696d436ddf900bd81c9de5d",
                "multiqc_fastqc.yaml:md5,444824ecaca1d11e9920430e6b06ddd3",
                "multiqc_ivar_variants.yaml:md5,92e053dd68158082d67218932751c0b8",
                "multiqc_kraken.yaml:md5,bbacecf8e782bb601be23351c164dd6b",
                "multiqc_nextclade_clade.yaml:md5,9acf3d4a4b35cf58df39ffbcef25f9e8",
                "multiqc_quast_quast_variants.yaml:md5,0099b6f7d114d93ed03630ea03bfb50c",
                "multiqc_snpeff.yaml:md5,f2884edd8cc7e54e43e0f8c9c978ed61",
                "snpeff_effects.yaml:md5,7e07b5e16d5b394f38067aa6e2a06dc2",
                "snpeff_variant_effects_class.yaml:md5,648eb23e1ee9e601a7c8433aeab532fd",
                "snpeff_variant_effects_impact.yaml:md5,b1b7bd73327d057fe880237ff5e852ed",
                "snpeff_variant_effects_region.yaml:md5,cd8de1135943f6ca43c42717bc6e3a50",
                "CHANGELOG.md:md5,e51168eee0bc2a213a7382c198f44893",
                "README.md:md5,e029ded293961c99d1a5d58f34a70017",
                "genome_annotation.gff3:md5,dbc49e5f16a70495bdfec06407fe192b",
                "pathogen.json:md5,3e42a13b68718496a0b0b82dcb738433",
                "reference.fasta:md5,0a750989cc2a2139104453cdcd173acc",
                "sequences.fasta:md5,b7d8f3f19115e6668d4d4b16084c80c8",
                "tree.json:md5,3fdf0843196b31e4f47802604fb5beab",
                "DRR030302.bowtie2.log:md5,d5f0407c09649797bb0732acca84ba0f",
                "SRR4071760.bowtie2.log:md5,d8407ef3e4af28858ea8081273c9cdca",
                "SRR6937100.bowtie2.log:md5,7aad58fe913919972b6db310553103fd",
                "DRR030302.mosdepth.coverage.tsv:md5,4445645711e28ecd07ca0cf4f864d568",
                "DRR030302.mosdepth.summary.txt:md5,34f75af3fdd00110c9569c3491d3e0ae",
                "SRR4071760.mosdepth.coverage.tsv:md5,606b13635a4e13a5d8171a950fd6b212",
                "SRR4071760.mosdepth.summary.txt:md5,97c2386273794ec05a28a8db7bcea1c1",
                "SRR6937100.mosdepth.coverage.tsv:md5,49be206a8bc7350dbad265060d90d5da",
                "SRR6937100.mosdepth.summary.txt:md5,a66e374b8e2b73fb1bdc891107b05ade",
                "DRR030302.sorted.bam.flagstat:md5,18da52dab55ff5a7188f3ad4ce94e0b0",
                "DRR030302.sorted.bam.idxstats:md5,98f598f60dc0e29dda191c3a6732279e",
                "DRR030302.sorted.bam.stats:md5,3a4adaeae717a2718a93ea9a61d844fd",
                "SRR4071760.sorted.bam.flagstat:md5,e8dd8d26adb2fd985da16242771960af",
                "SRR4071760.sorted.bam.idxstats:md5,21d5a8100902fd96ade6abba61e37886",
                "SRR4071760.sorted.bam.stats:md5,df9ab5d3b445b133e928574784673bac",
                "SRR6937100.sorted.bam.flagstat:md5,884eda3ffcbee5c84a59a71ae138e6b2",
                "SRR6937100.sorted.bam.idxstats:md5,e224704bd96b929c0a93d60c871ffaee",
                "SRR6937100.sorted.bam.stats:md5,e7c1a052272143530529f1d018059acb",
                "DRR030302.tsv:md5,69a122f2bc41e0e3ca9807d913b46bca",
                "DRR030302.vcf.gz:md5,e463c3c9ca5a6ca2f43c64bc63fa7ef1",
                "DRR030302.vcf.gz.tbi:md5,84eb742a97d690b78e5b36a396b3d0c5",
                "SRR4071760.tsv:md5,74da9c99b44fe64b349e0d11342273e4",
                "SRR4071760.vcf.gz:md5,fc902a3e115cd9593859a178bbc128f9",
                "SRR4071760.vcf.gz.tbi:md5,7c43bcfb99d14498870c8c75dbddf431",
                "SRR6937100.tsv:md5,bd43fc4c2b2842b339d15f1efe01194e",
                "SRR6937100.vcf.gz:md5,55b3a0c8e137b05d2cbfc9fe33a41694",
                "SRR6937100.vcf.gz.tbi:md5,1732de4c6198c589f649026fb8f1d95b",
                "DRR030302.bcftools_stats.txt:md5,99b5cf822427df2657b2e1009bcd3f28",
                "SRR4071760.bcftools_stats.txt:md5,043c77012f8107e9da9d9dad232ed1f3",
                "SRR6937100.bcftools_stats.txt:md5,7e339cd492aa69984060bee7d07d1b79",
                "DRR030302.consensus.fa:md5,f4a41360a6aef9eb450a0387b77a742d",
                "SRR4071760.consensus.fa:md5,12ed4b25ae57de9c577a79cd88169cc2",
                "SRR6937100.consensus.fa:md5,4871c6fc43180b64b6935bcbd31c25ab",
                "DRR030302.consensus.N_run.tsv:md5,1e4ab2beb124b241ed7a054dc7e4f107",
                "DRR030302.consensus.base_counts.tsv:md5,e0e32793c0e00a82a467656caade1c3e",
                "SRR4071760.consensus.N_run.tsv:md5,a5c01d0082087d971556d0216ae7aa26",
                "SRR4071760.consensus.base_counts.tsv:md5,6ce0a5ed082e1ad672093b78dd7d4115",
                "SRR6937100.consensus.N_run.tsv:md5,889daa86131cfd28f674e2ad42f0e9e3",
                "SRR6937100.consensus.base_counts.tsv:md5,16e9570ba89684ad60e5c88aa86c509b",
                "DRR030302_mutation_table.csv:md5,d9befda0c3bb710974a44a585e518920",
                "DRR030302_mutation_table_short.csv:md5,c05dc3d86b84a5d9911792bec2bde72e",
                "DRR030302_resistance_table.csv:md5,c5e435805207f3ccf86cd98e4e0e235c",
                "SRR4071760_mutation_table.csv:md5,810d3543c21354dd7cc73210ce1380a8",
                "SRR4071760_mutation_table_short.csv:md5,654229d827ed326925f30d97c1363c0d",
                "SRR4071760_resistance_table.csv:md5,402f4bdb6933c6cc2243b771b2587867",
                "SRR6937100_mutation_table.csv:md5,d221ffc6bf831f9c45003c214f07aa61",
                "SRR6937100_mutation_table_short.csv:md5,a6a131d1e442512722462b322d2be1f3",
                "SRR6937100_resistance_table.csv:md5,695009d53d79f0648ef62524b97f0538",
                "DRR030302_resistance.json:md5,33e7335a07432498d2d9e357d206bf0b",
                "SRR4071760_resistance.json:md5,87d92a7208761e9d89600159499d9e49",
                "SRR6937100_resistance.json:md5,51689a45b50c07ddb1b54dedf8ce7043",
                "DRR030302.csv:md5,33c59afa2b86b87d2305cab6d9c9e488",
                "SRR4071760.csv:md5,bf9b8691f1df4b0fc7b461c8e3a7fbbb",
                "SRR6937100.csv:md5,895ef34bbeac6c0080ed27c800246258",
                "gc.icarus.txt:md5,326ce93821a2c908dc84c940d70812ec",
                "DRR030302.variant_counts.log:md5,63145bddb440c9ec91677c4148d99b25",
                "SRR4071760.variant_counts.log:md5,f0d877c9022632eb41004166bb14b8bf",
                "SRR6937100.variant_counts.log:md5,236b6e11ca54612af5e22c6ce9f63355",
                "DRR030302.snpeff.vcf.gz:md5,3d37dc375d588237f4150d325f89da72",
                "DRR030302.snpeff.vcf.gz.tbi:md5,d23aea2ec1e858a4d776f09cfd1ff917",
                "DRR030302.snpsift.txt:md5,26c92dfd026bb603d90d71b354e83c81",
                "SRR4071760.snpeff.vcf.gz:md5,58efd85584b5a891194ce8051de4fe41",
                "SRR4071760.snpeff.vcf.gz.tbi:md5,ae32aa3128c28adf21e4002c35a39ae4",
                "SRR4071760.snpsift.txt:md5,0ce73d59e420030db81fdc01ac59d7e6",
                "SRR6937100.snpeff.vcf.gz:md5,56699e8726389acd77a29628eae1156c",
                "SRR6937100.snpeff.vcf.gz.tbi:md5,94486a86bcac9ba3438f87cf75d7d6ad",
                "SRR6937100.snpsift.txt:md5,25431b3217d364719b2c925788808516",
                "DRR030302.snpeff.bcftools_stats.txt:md5,7313aafba216715ebbbf1612f087324d",
                "SRR4071760.snpeff.bcftools_stats.txt:md5,6f5cb9efcbcacb68ce976d22285cfce3",
                "SRR6937100.snpeff.bcftools_stats.txt:md5,a242a628ced53f56bcdfa63d46084451",
                "variants_long_table.csv:md5,4b9f03d230178f217b6d5e00b76406e2"
            ]
        ],
        "meta": {
            "nf-test": "0.9.3",
            "nextflow": "26.04.0"
        },
        "timestamp": "2026-05-06T13:17:24.293016822"
    }
}